15:56:30 **** Build of project sram_sip_bsp ****
make -k all 
"Running Make include in ps7_cortexa9_0/libsrc/coresightps_dcc_v1_2/src"
make -C ps7_cortexa9_0/libsrc/coresightps_dcc_v1_2/src -s include  "SHELL=CMD" "COMPILER=arm-none-eabi-gcc" "ARCHIVER=arm-none-eabi-ar" "COMPILER_FLAGS=  -O2 -c" "EXTRA_COMPILER_FLAGS=-mcpu=cortex-a9 -mfpu=vfpv3 -mfloat-abi=hard -nostartfiles"
"Running Make include in ps7_cortexa9_0/libsrc/cpu_cortexa9_v2_2/src"
make -C ps7_cortexa9_0/libsrc/cpu_cortexa9_v2_2/src -s include  "SHELL=CMD" "COMPILER=arm-none-eabi-gcc" "ARCHIVER=arm-none-eabi-ar" "COMPILER_FLAGS=  -O2 -c" "EXTRA_COMPILER_FLAGS=-mcpu=cortex-a9 -mfpu=vfpv3 -mfloat-abi=hard -nostartfiles"
"Running Make include in ps7_cortexa9_0/libsrc/ddrps_v1_0/src"
make -C ps7_cortexa9_0/libsrc/ddrps_v1_0/src -s include  "SHELL=CMD" "COMPILER=arm-none-eabi-gcc" "ARCHIVER=arm-none-eabi-ar" "COMPILER_FLAGS=  -O2 -c" "EXTRA_COMPILER_FLAGS=-mcpu=cortex-a9 -mfpu=vfpv3 -mfloat-abi=hard -nostartfiles"
"Running Make include in ps7_cortexa9_0/libsrc/devcfg_v3_4/src"
make -C ps7_cortexa9_0/libsrc/devcfg_v3_4/src -s include  "SHELL=CMD" "COMPILER=arm-none-eabi-gcc" "ARCHIVER=arm-none-eabi-ar" "COMPILER_FLAGS=  -O2 -c" "EXTRA_COMPILER_FLAGS=-mcpu=cortex-a9 -mfpu=vfpv3 -mfloat-abi=hard -nostartfiles"
"Running Make include in ps7_cortexa9_0/libsrc/dmaps_v2_1/src"
make -C ps7_cortexa9_0/libsrc/dmaps_v2_1/src -s include  "SHELL=CMD" "COMPILER=arm-none-eabi-gcc" "ARCHIVER=arm-none-eabi-ar" "COMPILER_FLAGS=  -O2 -c" "EXTRA_COMPILER_FLAGS=-mcpu=cortex-a9 -mfpu=vfpv3 -mfloat-abi=hard -nostartfiles"
"Running Make include in ps7_cortexa9_0/libsrc/emacps_v3_2/src"
make -C ps7_cortexa9_0/libsrc/emacps_v3_2/src -s include  "SHELL=CMD" "COMPILER=arm-none-eabi-gcc" "ARCHIVER=arm-none-eabi-ar" "COMPILER_FLAGS=  -O2 -c" "EXTRA_COMPILER_FLAGS=-mcpu=cortex-a9 -mfpu=vfpv3 -mfloat-abi=hard -nostartfiles"
"Running Make include in ps7_cortexa9_0/libsrc/gpiops_v3_1/src"
make -C ps7_cortexa9_0/libsrc/gpiops_v3_1/src -s include  "SHELL=CMD" "COMPILER=arm-none-eabi-gcc" "ARCHIVER=arm-none-eabi-ar" "COMPILER_FLAGS=  -O2 -c" "EXTRA_COMPILER_FLAGS=-mcpu=cortex-a9 -mfpu=vfpv3 -mfloat-abi=hard -nostartfiles"
"Running Make include in ps7_cortexa9_0/libsrc/qspips_v3_3/src"
make -C ps7_cortexa9_0/libsrc/qspips_v3_3/src -s include  "SHELL=CMD" "COMPILER=arm-none-eabi-gcc" "ARCHIVER=arm-none-eabi-ar" "COMPILER_FLAGS=  -O2 -c" "EXTRA_COMPILER_FLAGS=-mcpu=cortex-a9 -mfpu=vfpv3 -mfloat-abi=hard -nostartfiles"
"Running Make include in ps7_cortexa9_0/libsrc/scugic_v3_2/src"
make -C ps7_cortexa9_0/libsrc/scugic_v3_2/src -s include  "SHELL=CMD" "COMPILER=arm-none-eabi-gcc" "ARCHIVER=arm-none-eabi-ar" "COMPILER_FLAGS=  -O2 -c" "EXTRA_COMPILER_FLAGS=-mcpu=cortex-a9 -mfpu=vfpv3 -mfloat-abi=hard -nostartfiles"
"Running Make include in ps7_cortexa9_0/libsrc/scutimer_v2_1/src"
make -C ps7_cortexa9_0/libsrc/scutimer_v2_1/src -s include  "SHELL=CMD" "COMPILER=arm-none-eabi-gcc" "ARCHIVER=arm-none-eabi-ar" "COMPILER_FLAGS=  -O2 -c" "EXTRA_COMPILER_FLAGS=-mcpu=cortex-a9 -mfpu=vfpv3 -mfloat-abi=hard -nostartfiles"
"Running Make include in ps7_cortexa9_0/libsrc/scuwdt_v2_1/src"
make -C ps7_cortexa9_0/libsrc/scuwdt_v2_1/src -s include  "SHELL=CMD" "COMPILER=arm-none-eabi-gcc" "ARCHIVER=arm-none-eabi-ar" "COMPILER_FLAGS=  -O2 -c" "EXTRA_COMPILER_FLAGS=-mcpu=cortex-a9 -mfpu=vfpv3 -mfloat-abi=hard -nostartfiles"
"Running Make include in ps7_cortexa9_0/libsrc/sdps_v2_7/src"
make -C ps7_cortexa9_0/libsrc/sdps_v2_7/src -s include  "SHELL=CMD" "COMPILER=arm-none-eabi-gcc" "ARCHIVER=arm-none-eabi-ar" "COMPILER_FLAGS=  -O2 -c" "EXTRA_COMPILER_FLAGS=-mcpu=cortex-a9 -mfpu=vfpv3 -mfloat-abi=hard -nostartfiles"
"Running Make include in ps7_cortexa9_0/libsrc/sram_control_v1_0/src"
make -C ps7_cortexa9_0/libsrc/sram_control_v1_0/src -s include  "SHELL=CMD" "COMPILER=arm-none-eabi-gcc" "ARCHIVER=arm-none-eabi-ar" "COMPILER_FLAGS=  -O2 -c" "EXTRA_COMPILER_FLAGS=-mcpu=cortex-a9 -mfpu=vfpv3 -mfloat-abi=hard -nostartfiles"
"Running Make include in ps7_cortexa9_0/libsrc/standalone_v5_4/src"
make -C ps7_cortexa9_0/libsrc/standalone_v5_4/src -s include  "SHELL=CMD" "COMPILER=arm-none-eabi-gcc" "ARCHIVER=arm-none-eabi-ar" "COMPILER_FLAGS=  -O2 -c" "EXTRA_COMPILER_FLAGS=-mcpu=cortex-a9 -mfpu=vfpv3 -mfloat-abi=hard -nostartfiles"
"Running Make include in ps7_cortexa9_0/libsrc/uartps_v3_1/src"
make -C ps7_cortexa9_0/libsrc/uartps_v3_1/src -s include  "SHELL=CMD" "COMPILER=arm-none-eabi-gcc" "ARCHIVER=arm-none-eabi-ar" "COMPILER_FLAGS=  -O2 -c" "EXTRA_COMPILER_FLAGS=-mcpu=cortex-a9 -mfpu=vfpv3 -mfloat-abi=hard -nostartfiles"
"Running Make include in ps7_cortexa9_0/libsrc/usbps_v2_3/src"
make -C ps7_cortexa9_0/libsrc/usbps_v2_3/src -s include  "SHELL=CMD" "COMPILER=arm-none-eabi-gcc" "ARCHIVER=arm-none-eabi-ar" "COMPILER_FLAGS=  -O2 -c" "EXTRA_COMPILER_FLAGS=-mcpu=cortex-a9 -mfpu=vfpv3 -mfloat-abi=hard -nostartfiles"
"Running Make include in ps7_cortexa9_0/libsrc/xadcps_v2_2/src"
make -C ps7_cortexa9_0/libsrc/xadcps_v2_2/src -s include  "SHELL=CMD" "COMPILER=arm-none-eabi-gcc" "ARCHIVER=arm-none-eabi-ar" "COMPILER_FLAGS=  -O2 -c" "EXTRA_COMPILER_FLAGS=-mcpu=cortex-a9 -mfpu=vfpv3 -mfloat-abi=hard -nostartfiles"
"Running Make libs in ps7_cortexa9_0/libsrc/coresightps_dcc_v1_2/src"
make -C ps7_cortexa9_0/libsrc/coresightps_dcc_v1_2/src -s libs  "SHELL=CMD" "COMPILER=arm-none-eabi-gcc" "ARCHIVER=arm-none-eabi-ar" "COMPILER_FLAGS=  -O2 -c" "EXTRA_COMPILER_FLAGS=-mcpu=cortex-a9 -mfpu=vfpv3 -mfloat-abi=hard -nostartfiles"
"Compiling coresightps_dcc"
arm-none-eabi-ar: ÕýÔÚ´´½¨ ../../../lib/libxil.a
"Running Make libs in ps7_cortexa9_0/libsrc/cpu_cortexa9_v2_2/src"
make -C ps7_cortexa9_0/libsrc/cpu_cortexa9_v2_2/src -s libs  "SHELL=CMD" "COMPILER=arm-none-eabi-gcc" "ARCHIVER=arm-none-eabi-ar" "COMPILER_FLAGS=  -O2 -c" "EXTRA_COMPILER_FLAGS=-mcpu=cortex-a9 -mfpu=vfpv3 -mfloat-abi=hard -nostartfiles"
"Compiling cpu_cortexa9"
"Running Make libs in ps7_cortexa9_0/libsrc/ddrps_v1_0/src"
make -C ps7_cortexa9_0/libsrc/ddrps_v1_0/src -s libs  "SHELL=CMD" "COMPILER=arm-none-eabi-gcc" "ARCHIVER=arm-none-eabi-ar" "COMPILER_FLAGS=  -O2 -c" "EXTRA_COMPILER_FLAGS=-mcpu=cortex-a9 -mfpu=vfpv3 -mfloat-abi=hard -nostartfiles"
"Compiling ddrps"
"Running Make libs in ps7_cortexa9_0/libsrc/devcfg_v3_4/src"
make -C ps7_cortexa9_0/libsrc/devcfg_v3_4/src -s libs  "SHELL=CMD" "COMPILER=arm-none-eabi-gcc" "ARCHIVER=arm-none-eabi-ar" "COMPILER_FLAGS=  -O2 -c" "EXTRA_COMPILER_FLAGS=-mcpu=cortex-a9 -mfpu=vfpv3 -mfloat-abi=hard -nostartfiles"
"Compiling devcfg"
"Running Make libs in ps7_cortexa9_0/libsrc/dmaps_v2_1/src"
make -C ps7_cortexa9_0/libsrc/dmaps_v2_1/src -s libs  "SHELL=CMD" "COMPILER=arm-none-eabi-gcc" "ARCHIVER=arm-none-eabi-ar" "COMPILER_FLAGS=  -O2 -c" "EXTRA_COMPILER_FLAGS=-mcpu=cortex-a9 -mfpu=vfpv3 -mfloat-abi=hard -nostartfiles"
"Compiling dmaps"
"Running Make libs in ps7_cortexa9_0/libsrc/emacps_v3_2/src"
make -C ps7_cortexa9_0/libsrc/emacps_v3_2/src -s libs  "SHELL=CMD" "COMPILER=arm-none-eabi-gcc" "ARCHIVER=arm-none-eabi-ar" "COMPILER_FLAGS=  -O2 -c" "EXTRA_COMPILER_FLAGS=-mcpu=cortex-a9 -mfpu=vfpv3 -mfloat-abi=hard -nostartfiles"
"Compiling emacps"
"Running Make libs in ps7_cortexa9_0/libsrc/gpiops_v3_1/src"
make -C ps7_cortexa9_0/libsrc/gpiops_v3_1/src -s libs  "SHELL=CMD" "COMPILER=arm-none-eabi-gcc" "ARCHIVER=arm-none-eabi-ar" "COMPILER_FLAGS=  -O2 -c" "EXTRA_COMPILER_FLAGS=-mcpu=cortex-a9 -mfpu=vfpv3 -mfloat-abi=hard -nostartfiles"
"Compiling gpiops"
"Running Make libs in ps7_cortexa9_0/libsrc/qspips_v3_3/src"
make -C ps7_cortexa9_0/libsrc/qspips_v3_3/src -s libs  "SHELL=CMD" "COMPILER=arm-none-eabi-gcc" "ARCHIVER=arm-none-eabi-ar" "COMPILER_FLAGS=  -O2 -c" "EXTRA_COMPILER_FLAGS=-mcpu=cortex-a9 -mfpu=vfpv3 -mfloat-abi=hard -nostartfiles"
"Compiling qspips"
"Running Make libs in ps7_cortexa9_0/libsrc/scugic_v3_2/src"
make -C ps7_cortexa9_0/libsrc/scugic_v3_2/src -s libs  "SHELL=CMD" "COMPILER=arm-none-eabi-gcc" "ARCHIVER=arm-none-eabi-ar" "COMPILER_FLAGS=  -O2 -c" "EXTRA_COMPILER_FLAGS=-mcpu=cortex-a9 -mfpu=vfpv3 -mfloat-abi=hard -nostartfiles"
"Compiling scugic"
"Running Make libs in ps7_cortexa9_0/libsrc/scutimer_v2_1/src"
make -C ps7_cortexa9_0/libsrc/scutimer_v2_1/src -s libs  "SHELL=CMD" "COMPILER=arm-none-eabi-gcc" "ARCHIVER=arm-none-eabi-ar" "COMPILER_FLAGS=  -O2 -c" "EXTRA_COMPILER_FLAGS=-mcpu=cortex-a9 -mfpu=vfpv3 -mfloat-abi=hard -nostartfiles"
"Compiling scutimer"
"Running Make libs in ps7_cortexa9_0/libsrc/scuwdt_v2_1/src"
make -C ps7_cortexa9_0/libsrc/scuwdt_v2_1/src -s libs  "SHELL=CMD" "COMPILER=arm-none-eabi-gcc" "ARCHIVER=arm-none-eabi-ar" "COMPILER_FLAGS=  -O2 -c" "EXTRA_COMPILER_FLAGS=-mcpu=cortex-a9 -mfpu=vfpv3 -mfloat-abi=hard -nostartfiles"
"Compiling scuwdt"
"Running Make libs in ps7_cortexa9_0/libsrc/sdps_v2_7/src"
make -C ps7_cortexa9_0/libsrc/sdps_v2_7/src -s libs  "SHELL=CMD" "COMPILER=arm-none-eabi-gcc" "ARCHIVER=arm-none-eabi-ar" "COMPILER_FLAGS=  -O2 -c" "EXTRA_COMPILER_FLAGS=-mcpu=cortex-a9 -mfpu=vfpv3 -mfloat-abi=hard -nostartfiles"
"Compiling sdps"
"Running Make libs in ps7_cortexa9_0/libsrc/sram_control_v1_0/src"
make -C ps7_cortexa9_0/libsrc/sram_control_v1_0/src -s libs  "SHELL=CMD" "COMPILER=arm-none-eabi-gcc" "ARCHIVER=arm-none-eabi-ar" "COMPILER_FLAGS=  -O2 -c" "EXTRA_COMPILER_FLAGS=-mcpu=cortex-a9 -mfpu=vfpv3 -mfloat-abi=hard -nostartfiles"
"Compiling sram_control..."
"Running Make libs in ps7_cortexa9_0/libsrc/standalone_v5_4/src"
make -C ps7_cortexa9_0/libsrc/standalone_v5_4/src -s libs  "SHELL=CMD" "COMPILER=arm-none-eabi-gcc" "ARCHIVER=arm-none-eabi-ar" "COMPILER_FLAGS=  -O2 -c" "EXTRA_COMPILER_FLAGS=-mcpu=cortex-a9 -mfpu=vfpv3 -mfloat-abi=hard -nostartfiles"
"Compiling standalone"
"Running Make libs in ps7_cortexa9_0/libsrc/uartps_v3_1/src"
make -C ps7_cortexa9_0/libsrc/uartps_v3_1/src -s libs  "SHELL=CMD" "COMPILER=arm-none-eabi-gcc" "ARCHIVER=arm-none-eabi-ar" "COMPILER_FLAGS=  -O2 -c" "EXTRA_COMPILER_FLAGS=-mcpu=cortex-a9 -mfpu=vfpv3 -mfloat-abi=hard -nostartfiles"
"Compiling uartps"
"Running Make libs in ps7_cortexa9_0/libsrc/usbps_v2_3/src"
make -C ps7_cortexa9_0/libsrc/usbps_v2_3/src -s libs  "SHELL=CMD" "COMPILER=arm-none-eabi-gcc" "ARCHIVER=arm-none-eabi-ar" "COMPILER_FLAGS=  -O2 -c" "EXTRA_COMPILER_FLAGS=-mcpu=cortex-a9 -mfpu=vfpv3 -mfloat-abi=hard -nostartfiles"
"Compiling usbps"
"Running Make libs in ps7_cortexa9_0/libsrc/xadcps_v2_2/src"
make -C ps7_cortexa9_0/libsrc/xadcps_v2_2/src -s libs  "SHELL=CMD" "COMPILER=arm-none-eabi-gcc" "ARCHIVER=arm-none-eabi-ar" "COMPILER_FLAGS=  -O2 -c" "EXTRA_COMPILER_FLAGS=-mcpu=cortex-a9 -mfpu=vfpv3 -mfloat-abi=hard -nostartfiles"
"Compiling xadcps"
'Finished building libraries'
15:57:38 **** Build of configuration Debug for project sram_sip ****
make pre-build main-build 
a9-linaro-pre-build-step
' '
'Building file: ../src/helloworld.c'
'Invoking: ARM v7 gcc compiler'
arm-none-eabi-gcc -Wall -O0 -g3 -c -fmessage-length=0 -MT"src/helloworld.o" -mcpu=cortex-a9 -mfpu=vfpv3 -mfloat-abi=hard -I../../sram_sip_bsp/ps7_cortexa9_0/include -MMD -MP -MF"src/helloworld.d" -MT"src/helloworld.o" -o "src/helloworld.o" "../src/helloworld.c"
'Finished building: ../src/helloworld.c'
' '
'Building file: ../src/platform.c'
'Invoking: ARM v7 gcc compiler'
arm-none-eabi-gcc -Wall -O0 -g3 -c -fmessage-length=0 -MT"src/platform.o" -mcpu=cortex-a9 -mfpu=vfpv3 -mfloat-abi=hard -I../../sram_sip_bsp/ps7_cortexa9_0/include -MMD -MP -MF"src/platform.d" -MT"src/platform.o" -o "src/platform.o" "../src/platform.c"
'Finished building: ../src/platform.c'
' '
'Building target: sram_sip.elf'
'Invoking: ARM v7 gcc linker'
arm-none-eabi-gcc -mcpu=cortex-a9 -mfpu=vfpv3 -mfloat-abi=hard -Wl,-build-id=none -specs=Xilinx.spec -Wl,-T -Wl,../src/lscript.ld -L../../sram_sip_bsp/ps7_cortexa9_0/lib -o "sram_sip.elf"  ./src/helloworld.o ./src/platform.o   -Wl,--start-group,-lxil,-lgcc,-lc,--end-group
'Finished building target: sram_sip.elf'
' '
'Invoking: ARM v7 Print Size'
arm-none-eabi-size sram_sip.elf  |tee "sram_sip.elf.size"
   text	   data	    bss	    dec	    hex	filename
  22960	   1152	  22580	  46692	   b664	sram_sip.elf
'Finished building: sram_sip.elf.size'
' '
15:59:24 **** Auto Build of configuration Debug for project sram_sip ****
make pre-build main-build 
a9-linaro-pre-build-step
' '
'Building file: ../src/helloworld.c'
'Invoking: ARM v7 gcc compiler'
arm-none-eabi-gcc -Wall -O0 -g3 -c -fmessage-length=0 -MT"src/helloworld.o" -mcpu=cortex-a9 -mfpu=vfpv3 -mfloat-abi=hard -I../../sram_sip_bsp/ps7_cortexa9_0/include -MMD -MP -MF"src/helloworld.d" -MT"src/helloworld.o" -o "src/helloworld.o" "../src/helloworld.c"
'Finished building: ../src/helloworld.c'
' '
'Building target: sram_sip.elf'
'Invoking: ARM v7 gcc linker'
arm-none-eabi-gcc -mcpu=cortex-a9 -mfpu=vfpv3 -mfloat-abi=hard -Wl,-build-id=none -specs=Xilinx.spec -Wl,-T -Wl,../src/lscript.ld -L../../sram_sip_bsp/ps7_cortexa9_0/lib -o "sram_sip.elf"  ./src/helloworld.o ./src/platform.o   -Wl,--start-group,-lxil,-lgcc,-lc,--end-group
'Finished building target: sram_sip.elf'
' '
'Invoking: ARM v7 Print Size'
arm-none-eabi-size sram_sip.elf  |tee "sram_sip.elf.size"
   text	   data	    bss	    dec	    hex	filename
  22960	   1152	  22580	  46692	   b664	sram_sip.elf
'Finished building: sram_sip.elf.size'
' '
15:59:28 **** Auto Build of configuration Debug for project sram_sip ****
make pre-build main-build 
a9-linaro-pre-build-step
' '
'Building file: ../src/helloworld.c'
'Invoking: ARM v7 gcc compiler'
arm-none-eabi-gcc -Wall -O0 -g3 -c -fmessage-length=0 -MT"src/helloworld.o" -mcpu=cortex-a9 -mfpu=vfpv3 -mfloat-abi=hard -I../../sram_sip_bsp/ps7_cortexa9_0/include -MMD -MP -MF"src/helloworld.d" -MT"src/helloworld.o" -o "src/helloworld.o" "../src/helloworld.c"
'Finished building: ../src/helloworld.c'
' '
'Building target: sram_sip.elf'
'Invoking: ARM v7 gcc linker'
arm-none-eabi-gcc -mcpu=cortex-a9 -mfpu=vfpv3 -mfloat-abi=hard -Wl,-build-id=none -specs=Xilinx.spec -Wl,-T -Wl,../src/lscript.ld -L../../sram_sip_bsp/ps7_cortexa9_0/lib -o "sram_sip.elf"  ./src/helloworld.o ./src/platform.o   -Wl,--start-group,-lxil,-lgcc,-lc,--end-group
'Finished building target: sram_sip.elf'
' '
'Invoking: ARM v7 Print Size'
arm-none-eabi-size sram_sip.elf  |tee "sram_sip.elf.size"
   text	   data	    bss	    dec	    hex	filename
  22960	   1152	  22580	  46692	   b664	sram_sip.elf
'Finished building: sram_sip.elf.size'
' '
16:02:10 **** Auto Build of configuration Debug for project sram_sip ****
make pre-build main-build 
a9-linaro-pre-build-step
' '
'Building file: ../src/helloworld.c'
'Invoking: ARM v7 gcc compiler'
arm-none-eabi-gcc -Wall -O0 -g3 -c -fmessage-length=0 -MT"src/helloworld.o" -mcpu=cortex-a9 -mfpu=vfpv3 -mfloat-abi=hard -I../../sram_sip_bsp/ps7_cortexa9_0/include -MMD -MP -MF"src/helloworld.d" -MT"src/helloworld.o" -o "src/helloworld.o" "../src/helloworld.c"
'Finished building: ../src/helloworld.c'
' '
'Building target: sram_sip.elf'
'Invoking: ARM v7 gcc linker'
arm-none-eabi-gcc -mcpu=cortex-a9 -mfpu=vfpv3 -mfloat-abi=hard -Wl,-build-id=none -specs=Xilinx.spec -Wl,-T -Wl,../src/lscript.ld -L../../sram_sip_bsp/ps7_cortexa9_0/lib -o "sram_sip.elf"  ./src/helloworld.o ./src/platform.o   -Wl,--start-group,-lxil,-lgcc,-lc,--end-group
'Finished building target: sram_sip.elf'
' '
'Invoking: ARM v7 Print Size'
arm-none-eabi-size sram_sip.elf  |tee "sram_sip.elf.size"
   text	   data	    bss	    dec	    hex	filename
  22960	   1152	  22580	  46692	   b664	sram_sip.elf
'Finished building: sram_sip.elf.size'
' '
16:03:32 **** Auto Build of configuration Debug for project sram_sip ****
make pre-build main-build 
a9-linaro-pre-build-step
' '
'Building file: ../src/helloworld.c'
'Invoking: ARM v7 gcc compiler'
arm-none-eabi-gcc -Wall -O0 -g3 -c -fmessage-length=0 -MT"src/helloworld.o" -mcpu=cortex-a9 -mfpu=vfpv3 -mfloat-abi=hard -I../../sram_sip_bsp/ps7_cortexa9_0/include -MMD -MP -MF"src/helloworld.d" -MT"src/helloworld.o" -o "src/helloworld.o" "../src/helloworld.c"
../src/helloworld.c:61:8: error: no macro name given in #define directive
 #define
        ^
make: *** [src/helloworld.o] ´íÎó 1
16:03:52 **** Auto Build of configuration Debug for project sram_sip ****
make pre-build main-build 
a9-linaro-pre-build-step
' '
'Building file: ../src/helloworld.c'
'Invoking: ARM v7 gcc compiler'
arm-none-eabi-gcc -Wall -O0 -g3 -c -fmessage-length=0 -MT"src/helloworld.o" -mcpu=cortex-a9 -mfpu=vfpv3 -mfloat-abi=hard -I../../sram_sip_bsp/ps7_cortexa9_0/include -MMD -MP -MF"src/helloworld.d" -MT"src/helloworld.o" -o "src/helloworld.o" "../src/helloworld.c"
'Finished building: ../src/helloworld.c'
' '
'Building target: sram_sip.elf'
'Invoking: ARM v7 gcc linker'
arm-none-eabi-gcc -mcpu=cortex-a9 -mfpu=vfpv3 -mfloat-abi=hard -Wl,-build-id=none -specs=Xilinx.spec -Wl,-T -Wl,../src/lscript.ld -L../../sram_sip_bsp/ps7_cortexa9_0/lib -o "sram_sip.elf"  ./src/helloworld.o ./src/platform.o   -Wl,--start-group,-lxil,-lgcc,-lc,--end-group
'Finished building target: sram_sip.elf'
' '
'Invoking: ARM v7 Print Size'
arm-none-eabi-size sram_sip.elf  |tee "sram_sip.elf.size"
   text	   data	    bss	    dec	    hex	filename
  22960	   1152	  22580	  46692	   b664	sram_sip.elf
'Finished building: sram_sip.elf.size'
' '
16:04:15 **** Auto Build of configuration Debug for project sram_sip ****
make pre-build main-build 
a9-linaro-pre-build-step
' '
'Building file: ../src/helloworld.c'
'Invoking: ARM v7 gcc compiler'
arm-none-eabi-gcc -Wall -O0 -g3 -c -fmessage-length=0 -MT"src/helloworld.o" -mcpu=cortex-a9 -mfpu=vfpv3 -mfloat-abi=hard -I../../sram_sip_bsp/ps7_cortexa9_0/include -MMD -MP -MF"src/helloworld.d" -MT"src/helloworld.o" -o "src/helloworld.o" "../src/helloworld.c"
'Finished building: ../src/helloworld.c'
' '
'Building target: sram_sip.elf'
'Invoking: ARM v7 gcc linker'
arm-none-eabi-gcc -mcpu=cortex-a9 -mfpu=vfpv3 -mfloat-abi=hard -Wl,-build-id=none -specs=Xilinx.spec -Wl,-T -Wl,../src/lscript.ld -L../../sram_sip_bsp/ps7_cortexa9_0/lib -o "sram_sip.elf"  ./src/helloworld.o ./src/platform.o   -Wl,--start-group,-lxil,-lgcc,-lc,--end-group
'Finished building target: sram_sip.elf'
' '
'Invoking: ARM v7 Print Size'
arm-none-eabi-size sram_sip.elf  |tee "sram_sip.elf.size"
   text	   data	    bss	    dec	    hex	filename
  22960	   1152	  22580	  46692	   b664	sram_sip.elf
'Finished building: sram_sip.elf.size'
' '
16:04:40 **** Auto Build of configuration Debug for project sram_sip ****
make pre-build main-build 
a9-linaro-pre-build-step
' '
'Building file: ../src/helloworld.c'
'Invoking: ARM v7 gcc compiler'
arm-none-eabi-gcc -Wall -O0 -g3 -c -fmessage-length=0 -MT"src/helloworld.o" -mcpu=cortex-a9 -mfpu=vfpv3 -mfloat-abi=hard -I../../sram_sip_bsp/ps7_cortexa9_0/include -MMD -MP -MF"src/helloworld.d" -MT"src/helloworld.o" -o "src/helloworld.o" "../src/helloworld.c"
../src/helloworld.c:63:8: error: no macro name given in #define directive
 #define
        ^
../src/helloworld.c:64:8: error: no macro name given in #define directive
 #define
        ^
../src/helloworld.c:65:8: error: no macro name given in #define directive
 #define
        ^
../src/helloworld.c:66:8: error: no macro name given in #define directive
 #define
        ^
make: *** [src/helloworld.o] ´íÎó 1
16:10:01 **** Auto Build of configuration Debug for project sram_sip ****
make pre-build main-build 
a9-linaro-pre-build-step
' '
'Building file: ../src/helloworld.c'
'Invoking: ARM v7 gcc compiler'
arm-none-eabi-gcc -Wall -O0 -g3 -c -fmessage-length=0 -MT"src/helloworld.o" -mcpu=cortex-a9 -mfpu=vfpv3 -mfloat-abi=hard -I../../sram_sip_bsp/ps7_cortexa9_0/include -MMD -MP -MF"src/helloworld.d" -MT"src/helloworld.o" -o "src/helloworld.o" "../src/helloworld.c"
../src/helloworld.c:65:8: error: no macro name given in #define directive
 #define
        ^
../src/helloworld.c:66:8: error: no macro name given in #define directive
 #define
        ^
../src/helloworld.c:67:8: error: no macro name given in #define directive
 #define
        ^
make: *** [src/helloworld.o] ´íÎó 1
16:11:21 **** Auto Build of configuration Debug for project sram_sip ****
make pre-build main-build 
a9-linaro-pre-build-step
' '
'Building file: ../src/helloworld.c'
'Invoking: ARM v7 gcc compiler'
arm-none-eabi-gcc -Wall -O0 -g3 -c -fmessage-length=0 -MT"src/helloworld.o" -mcpu=cortex-a9 -mfpu=vfpv3 -mfloat-abi=hard -I../../sram_sip_bsp/ps7_cortexa9_0/include -MMD -MP -MF"src/helloworld.d" -MT"src/helloworld.o" -o "src/helloworld.o" "../src/helloworld.c"
'Finished building: ../src/helloworld.c'
' '
'Building target: sram_sip.elf'
'Invoking: ARM v7 gcc linker'
arm-none-eabi-gcc -mcpu=cortex-a9 -mfpu=vfpv3 -mfloat-abi=hard -Wl,-build-id=none -specs=Xilinx.spec -Wl,-T -Wl,../src/lscript.ld -L../../sram_sip_bsp/ps7_cortexa9_0/lib -o "sram_sip.elf"  ./src/helloworld.o ./src/platform.o   -Wl,--start-group,-lxil,-lgcc,-lc,--end-group
'Finished building target: sram_sip.elf'
' '
'Invoking: ARM v7 Print Size'
arm-none-eabi-size sram_sip.elf  |tee "sram_sip.elf.size"
   text	   data	    bss	    dec	    hex	filename
  22960	   1152	  22580	  46692	   b664	sram_sip.elf
'Finished building: sram_sip.elf.size'
' '
16:12:29 **** Auto Build of configuration Debug for project sram_sip ****
make pre-build main-build 
a9-linaro-pre-build-step
' '
'Building file: ../src/helloworld.c'
'Invoking: ARM v7 gcc compiler'
arm-none-eabi-gcc -Wall -O0 -g3 -c -fmessage-length=0 -MT"src/helloworld.o" -mcpu=cortex-a9 -mfpu=vfpv3 -mfloat-abi=hard -I../../sram_sip_bsp/ps7_cortexa9_0/include -MMD -MP -MF"src/helloworld.d" -MT"src/helloworld.o" -o "src/helloworld.o" "../src/helloworld.c"
'Finished building: ../src/helloworld.c'
' '
'Building target: sram_sip.elf'
'Invoking: ARM v7 gcc linker'
arm-none-eabi-gcc -mcpu=cortex-a9 -mfpu=vfpv3 -mfloat-abi=hard -Wl,-build-id=none -specs=Xilinx.spec -Wl,-T -Wl,../src/lscript.ld -L../../sram_sip_bsp/ps7_cortexa9_0/lib -o "sram_sip.elf"  ./src/helloworld.o ./src/platform.o   -Wl,--start-group,-lxil,-lgcc,-lc,--end-group
'Finished building target: sram_sip.elf'
' '
'Invoking: ARM v7 Print Size'
arm-none-eabi-size sram_sip.elf  |tee "sram_sip.elf.size"
   text	   data	    bss	    dec	    hex	filename
  22960	   1152	  22580	  46692	   b664	sram_sip.elf
'Finished building: sram_sip.elf.size'
' '
16:15:05 **** Auto Build of configuration Debug for project sram_sip ****
make pre-build main-build 
a9-linaro-pre-build-step
' '
'Building file: ../src/helloworld.c'
'Invoking: ARM v7 gcc compiler'
arm-none-eabi-gcc -Wall -O0 -g3 -c -fmessage-length=0 -MT"src/helloworld.o" -mcpu=cortex-a9 -mfpu=vfpv3 -mfloat-abi=hard -I../../sram_sip_bsp/ps7_cortexa9_0/include -MMD -MP -MF"src/helloworld.d" -MT"src/helloworld.o" -o "src/helloworld.o" "../src/helloworld.c"
In file included from ../src/helloworld.c:53:0:
../src/helloworld.c: In function 'main':
../src/helloworld.c:81:28: error: 'BaseAddress' undeclared (first use in this function)
     SRAM_CONTROL_mWriteReg(BaseAddress, RegOffset, Data);
                            ^
../../sram_sip_bsp/ps7_cortexa9_0/include/sram_control.h:35:15: note: in definition of macro 'SRAM_CONTROL_mWriteReg'
    Xil_Out32((BaseAddress) + (RegOffset), (u32)(Data))
               ^
../src/helloworld.c:81:28: note: each undeclared identifier is reported only once for each function it appears in
     SRAM_CONTROL_mWriteReg(BaseAddress, RegOffset, Data);
                            ^
../../sram_sip_bsp/ps7_cortexa9_0/include/sram_control.h:35:15: note: in definition of macro 'SRAM_CONTROL_mWriteReg'
    Xil_Out32((BaseAddress) + (RegOffset), (u32)(Data))
               ^
../src/helloworld.c:81:41: error: 'RegOffset' undeclared (first use in this function)
     SRAM_CONTROL_mWriteReg(BaseAddress, RegOffset, Data);
                                         ^
../../sram_sip_bsp/ps7_cortexa9_0/include/sram_control.h:35:31: note: in definition of macro 'SRAM_CONTROL_mWriteReg'
    Xil_Out32((BaseAddress) + (RegOffset), (u32)(Data))
                               ^
../src/helloworld.c:81:52: error: 'Data' undeclared (first use in this function)
     SRAM_CONTROL_mWriteReg(BaseAddress, RegOffset, Data);
                                                    ^
../../sram_sip_bsp/ps7_cortexa9_0/include/sram_control.h:35:49: note: in definition of macro 'SRAM_CONTROL_mWriteReg'
    Xil_Out32((BaseAddress) + (RegOffset), (u32)(Data))
                                                 ^
../src/helloworld.c:76:28: warning: variable 'addr' set but not used [-Wunused-but-set-variable]
     u32 cmd_write_one,data,addr;
                            ^
../src/helloworld.c:76:23: warning: variable 'data' set but not used [-Wunused-but-set-variable]
     u32 cmd_write_one,data,addr;
                       ^
../src/helloworld.c:76:9: warning: unused variable 'cmd_write_one' [-Wunused-variable]
     u32 cmd_write_one,data,addr;
         ^
make: *** [src/helloworld.o] ´íÎó 1
16:16:15 **** Auto Build of configuration Debug for project sram_sip ****
make pre-build main-build 
a9-linaro-pre-build-step
' '
'Building file: ../src/helloworld.c'
'Invoking: ARM v7 gcc compiler'
arm-none-eabi-gcc -Wall -O0 -g3 -c -fmessage-length=0 -MT"src/helloworld.o" -mcpu=cortex-a9 -mfpu=vfpv3 -mfloat-abi=hard -I../../sram_sip_bsp/ps7_cortexa9_0/include -MMD -MP -MF"src/helloworld.d" -MT"src/helloworld.o" -o "src/helloworld.o" "../src/helloworld.c"
../src/helloworld.c: In function 'main':
../src/helloworld.c:79:5: error: 'cmd_write' undeclared (first use in this function)
     cmd_write=WRITE_ONE|(data<<16)|(addr<<0);
     ^
../src/helloworld.c:79:5: note: each undeclared identifier is reported only once for each function it appears in
In file included from ../src/helloworld.c:53:0:
../src/helloworld.c:82:28: error: 'BaseAddress' undeclared (first use in this function)
     SRAM_CONTROL_mWriteReg(BaseAddress, RegOffset, Data);
                            ^
../../sram_sip_bsp/ps7_cortexa9_0/include/sram_control.h:35:15: note: in definition of macro 'SRAM_CONTROL_mWriteReg'
    Xil_Out32((BaseAddress) + (RegOffset), (u32)(Data))
               ^
../src/helloworld.c:82:41: error: 'RegOffset' undeclared (first use in this function)
     SRAM_CONTROL_mWriteReg(BaseAddress, RegOffset, Data);
                                         ^
../../sram_sip_bsp/ps7_cortexa9_0/include/sram_control.h:35:31: note: in definition of macro 'SRAM_CONTROL_mWriteReg'
    Xil_Out32((BaseAddress) + (RegOffset), (u32)(Data))
                               ^
../src/helloworld.c:82:52: error: 'Data' undeclared (first use in this function)
     SRAM_CONTROL_mWriteReg(BaseAddress, RegOffset, Data);
                                                    ^
../../sram_sip_bsp/ps7_cortexa9_0/include/sram_control.h:35:49: note: in definition of macro 'SRAM_CONTROL_mWriteReg'
    Xil_Out32((BaseAddress) + (RegOffset), (u32)(Data))
                                                 ^
../src/helloworld.c:76:9: warning: unused variable 'cmd_write_one' [-Wunused-variable]
     u32 cmd_write_one,data,addr;
         ^
make: *** [src/helloworld.o] ´íÎó 1
16:16:29 **** Auto Build of configuration Debug for project sram_sip ****
make pre-build main-build 
a9-linaro-pre-build-step
' '
'Building file: ../src/helloworld.c'
'Invoking: ARM v7 gcc compiler'
arm-none-eabi-gcc -Wall -O0 -g3 -c -fmessage-length=0 -MT"src/helloworld.o" -mcpu=cortex-a9 -mfpu=vfpv3 -mfloat-abi=hard -I../../sram_sip_bsp/ps7_cortexa9_0/include -MMD -MP -MF"src/helloworld.d" -MT"src/helloworld.o" -o "src/helloworld.o" "../src/helloworld.c"
In file included from ../src/helloworld.c:53:0:
../src/helloworld.c: In function 'main':
../src/helloworld.c:82:28: error: 'BaseAddress' undeclared (first use in this function)
     SRAM_CONTROL_mWriteReg(BaseAddress, RegOffset, Data);
                            ^
../../sram_sip_bsp/ps7_cortexa9_0/include/sram_control.h:35:15: note: in definition of macro 'SRAM_CONTROL_mWriteReg'
    Xil_Out32((BaseAddress) + (RegOffset), (u32)(Data))
               ^
../src/helloworld.c:82:28: note: each undeclared identifier is reported only once for each function it appears in
     SRAM_CONTROL_mWriteReg(BaseAddress, RegOffset, Data);
                            ^
../../sram_sip_bsp/ps7_cortexa9_0/include/sram_control.h:35:15: note: in definition of macro 'SRAM_CONTROL_mWriteReg'
    Xil_Out32((BaseAddress) + (RegOffset), (u32)(Data))
               ^
../src/helloworld.c:82:41: error: 'RegOffset' undeclared (first use in this function)
     SRAM_CONTROL_mWriteReg(BaseAddress, RegOffset, Data);
                                         ^
../../sram_sip_bsp/ps7_cortexa9_0/include/sram_control.h:35:31: note: in definition of macro 'SRAM_CONTROL_mWriteReg'
    Xil_Out32((BaseAddress) + (RegOffset), (u32)(Data))
                               ^
../src/helloworld.c:82:52: error: 'Data' undeclared (first use in this function)
     SRAM_CONTROL_mWriteReg(BaseAddress, RegOffset, Data);
                                                    ^
../../sram_sip_bsp/ps7_cortexa9_0/include/sram_control.h:35:49: note: in definition of macro 'SRAM_CONTROL_mWriteReg'
    Xil_Out32((BaseAddress) + (RegOffset), (u32)(Data))
                                                 ^
../src/helloworld.c:76:9: warning: variable 'cmd_write_one' set but not used [-Wunused-but-set-variable]
     u32 cmd_write_one,data,addr;
         ^
make: *** [src/helloworld.o] ´íÎó 1
16:17:11 **** Auto Build of configuration Debug for project sram_sip ****
make pre-build main-build 
a9-linaro-pre-build-step
' '
'Building file: ../src/helloworld.c'
'Invoking: ARM v7 gcc compiler'
arm-none-eabi-gcc -Wall -O0 -g3 -c -fmessage-length=0 -MT"src/helloworld.o" -mcpu=cortex-a9 -mfpu=vfpv3 -mfloat-abi=hard -I../../sram_sip_bsp/ps7_cortexa9_0/include -MMD -MP -MF"src/helloworld.d" -MT"src/helloworld.o" -o "src/helloworld.o" "../src/helloworld.c"
../src/helloworld.c: In function 'main':
../src/helloworld.c:80:9: error: 'delay' undeclared (first use in this function)
     for(delay=0;delay<DELAY;delay++);
         ^
../src/helloworld.c:80:9: note: each undeclared identifier is reported only once for each function it appears in
In file included from ../src/helloworld.c:53:0:
../src/helloworld.c:82:28: error: 'BaseAddress' undeclared (first use in this function)
     SRAM_CONTROL_mWriteReg(BaseAddress, RegOffset, Data);
                            ^
../../sram_sip_bsp/ps7_cortexa9_0/include/sram_control.h:35:15: note: in definition of macro 'SRAM_CONTROL_mWriteReg'
    Xil_Out32((BaseAddress) + (RegOffset), (u32)(Data))
               ^
../src/helloworld.c:82:41: error: 'RegOffset' undeclared (first use in this function)
     SRAM_CONTROL_mWriteReg(BaseAddress, RegOffset, Data);
                                         ^
../../sram_sip_bsp/ps7_cortexa9_0/include/sram_control.h:35:31: note: in definition of macro 'SRAM_CONTROL_mWriteReg'
    Xil_Out32((BaseAddress) + (RegOffset), (u32)(Data))
                               ^
../src/helloworld.c:82:52: error: 'Data' undeclared (first use in this function)
     SRAM_CONTROL_mWriteReg(BaseAddress, RegOffset, Data);
                                                    ^
../../sram_sip_bsp/ps7_cortexa9_0/include/sram_control.h:35:49: note: in definition of macro 'SRAM_CONTROL_mWriteReg'
    Xil_Out32((BaseAddress) + (RegOffset), (u32)(Data))
                                                 ^
../src/helloworld.c:76:9: warning: variable 'cmd_write_one' set but not used [-Wunused-but-set-variable]
     u32 cmd_write_one,data,addr;
         ^
make: *** [src/helloworld.o] ´íÎó 1
16:17:26 **** Auto Build of configuration Debug for project sram_sip ****
make pre-build main-build 
a9-linaro-pre-build-step
' '
'Building file: ../src/helloworld.c'
'Invoking: ARM v7 gcc compiler'
arm-none-eabi-gcc -Wall -O0 -g3 -c -fmessage-length=0 -MT"src/helloworld.o" -mcpu=cortex-a9 -mfpu=vfpv3 -mfloat-abi=hard -I../../sram_sip_bsp/ps7_cortexa9_0/include -MMD -MP -MF"src/helloworld.d" -MT"src/helloworld.o" -o "src/helloworld.o" "../src/helloworld.c"
In file included from ../src/helloworld.c:53:0:
../src/helloworld.c: In function 'main':
../src/helloworld.c:83:28: error: 'BaseAddress' undeclared (first use in this function)
     SRAM_CONTROL_mWriteReg(BaseAddress, RegOffset, Data);
                            ^
../../sram_sip_bsp/ps7_cortexa9_0/include/sram_control.h:35:15: note: in definition of macro 'SRAM_CONTROL_mWriteReg'
    Xil_Out32((BaseAddress) + (RegOffset), (u32)(Data))
               ^
../src/helloworld.c:83:28: note: each undeclared identifier is reported only once for each function it appears in
     SRAM_CONTROL_mWriteReg(BaseAddress, RegOffset, Data);
                            ^
../../sram_sip_bsp/ps7_cortexa9_0/include/sram_control.h:35:15: note: in definition of macro 'SRAM_CONTROL_mWriteReg'
    Xil_Out32((BaseAddress) + (RegOffset), (u32)(Data))
               ^
../src/helloworld.c:83:41: error: 'RegOffset' undeclared (first use in this function)
     SRAM_CONTROL_mWriteReg(BaseAddress, RegOffset, Data);
                                         ^
../../sram_sip_bsp/ps7_cortexa9_0/include/sram_control.h:35:31: note: in definition of macro 'SRAM_CONTROL_mWriteReg'
    Xil_Out32((BaseAddress) + (RegOffset), (u32)(Data))
                               ^
../src/helloworld.c:83:52: error: 'Data' undeclared (first use in this function)
     SRAM_CONTROL_mWriteReg(BaseAddress, RegOffset, Data);
                                                    ^
../../sram_sip_bsp/ps7_cortexa9_0/include/sram_control.h:35:49: note: in definition of macro 'SRAM_CONTROL_mWriteReg'
    Xil_Out32((BaseAddress) + (RegOffset), (u32)(Data))
                                                 ^
../src/helloworld.c:77:9: warning: variable 'cmd_write_one' set but not used [-Wunused-but-set-variable]
     u32 cmd_write_one,data,addr;
         ^
make: *** [src/helloworld.o] ´íÎó 1
16:17:54 **** Auto Build of configuration Debug for project sram_sip ****
make pre-build main-build 
a9-linaro-pre-build-step
' '
'Building file: ../src/helloworld.c'
'Invoking: ARM v7 gcc compiler'
arm-none-eabi-gcc -Wall -O0 -g3 -c -fmessage-length=0 -MT"src/helloworld.o" -mcpu=cortex-a9 -mfpu=vfpv3 -mfloat-abi=hard -I../../sram_sip_bsp/ps7_cortexa9_0/include -MMD -MP -MF"src/helloworld.d" -MT"src/helloworld.o" -o "src/helloworld.o" "../src/helloworld.c"
In file included from ../src/helloworld.c:53:0:
../src/helloworld.c: In function 'main':
../src/helloworld.c:83:56: error: 'Data' undeclared (first use in this function)
     SRAM_CONTROL_mWriteReg(CTRL_BASE, CTRL_CMD_OFFSET, Data);
                                                        ^
../../sram_sip_bsp/ps7_cortexa9_0/include/sram_control.h:35:49: note: in definition of macro 'SRAM_CONTROL_mWriteReg'
    Xil_Out32((BaseAddress) + (RegOffset), (u32)(Data))
                                                 ^
../src/helloworld.c:83:56: note: each undeclared identifier is reported only once for each function it appears in
     SRAM_CONTROL_mWriteReg(CTRL_BASE, CTRL_CMD_OFFSET, Data);
                                                        ^
../../sram_sip_bsp/ps7_cortexa9_0/include/sram_control.h:35:49: note: in definition of macro 'SRAM_CONTROL_mWriteReg'
    Xil_Out32((BaseAddress) + (RegOffset), (u32)(Data))
                                                 ^
../src/helloworld.c:84:27: error: 'BaseAddress' undeclared (first use in this function)
     SRAM_CONTROL_mReadReg(BaseAddress, RegOffset);
                           ^
../../sram_sip_bsp/ps7_cortexa9_0/include/sram_control.h:55:15: note: in definition of macro 'SRAM_CONTROL_mReadReg'
     Xil_In32((BaseAddress) + (RegOffset))
               ^
../src/helloworld.c:84:40: error: 'RegOffset' undeclared (first use in this function)
     SRAM_CONTROL_mReadReg(BaseAddress, RegOffset);
                                        ^
../../sram_sip_bsp/ps7_cortexa9_0/include/sram_control.h:55:31: note: in definition of macro 'SRAM_CONTROL_mReadReg'
     Xil_In32((BaseAddress) + (RegOffset))
                               ^
../src/helloworld.c:77:9: warning: variable 'cmd_write_one' set but not used [-Wunused-but-set-variable]
     u32 cmd_write_one,data,addr;
         ^
make: *** [src/helloworld.o] ´íÎó 1
16:18:00 **** Auto Build of configuration Debug for project sram_sip ****
make pre-build main-build 
a9-linaro-pre-build-step
' '
'Building file: ../src/helloworld.c'
'Invoking: ARM v7 gcc compiler'
arm-none-eabi-gcc -Wall -O0 -g3 -c -fmessage-length=0 -MT"src/helloworld.o" -mcpu=cortex-a9 -mfpu=vfpv3 -mfloat-abi=hard -I../../sram_sip_bsp/ps7_cortexa9_0/include -MMD -MP -MF"src/helloworld.d" -MT"src/helloworld.o" -o "src/helloworld.o" "../src/helloworld.c"
In file included from ../src/helloworld.c:53:0:
../src/helloworld.c: In function 'main':
../src/helloworld.c:84:27: error: 'BaseAddress' undeclared (first use in this function)
     SRAM_CONTROL_mReadReg(BaseAddress, RegOffset);
                           ^
../../sram_sip_bsp/ps7_cortexa9_0/include/sram_control.h:55:15: note: in definition of macro 'SRAM_CONTROL_mReadReg'
     Xil_In32((BaseAddress) + (RegOffset))
               ^
../src/helloworld.c:84:27: note: each undeclared identifier is reported only once for each function it appears in
     SRAM_CONTROL_mReadReg(BaseAddress, RegOffset);
                           ^
../../sram_sip_bsp/ps7_cortexa9_0/include/sram_control.h:55:15: note: in definition of macro 'SRAM_CONTROL_mReadReg'
     Xil_In32((BaseAddress) + (RegOffset))
               ^
../src/helloworld.c:84:40: error: 'RegOffset' undeclared (first use in this function)
     SRAM_CONTROL_mReadReg(BaseAddress, RegOffset);
                                        ^
../../sram_sip_bsp/ps7_cortexa9_0/include/sram_control.h:55:31: note: in definition of macro 'SRAM_CONTROL_mReadReg'
     Xil_In32((BaseAddress) + (RegOffset))
                               ^
make: *** [src/helloworld.o] ´íÎó 1
16:18:29 **** Auto Build of configuration Debug for project sram_sip ****
make pre-build main-build 
a9-linaro-pre-build-step
' '
'Building file: ../src/helloworld.c'
'Invoking: ARM v7 gcc compiler'
arm-none-eabi-gcc -Wall -O0 -g3 -c -fmessage-length=0 -MT"src/helloworld.o" -mcpu=cortex-a9 -mfpu=vfpv3 -mfloat-abi=hard -I../../sram_sip_bsp/ps7_cortexa9_0/include -MMD -MP -MF"src/helloworld.d" -MT"src/helloworld.o" -o "src/helloworld.o" "../src/helloworld.c"
In file included from ../src/helloworld.c:53:0:
../src/helloworld.c: In function 'main':
../src/helloworld.c:85:27: error: 'BaseAddress' undeclared (first use in this function)
     SRAM_CONTROL_mReadReg(BaseAddress, RegOffset);
                           ^
../../sram_sip_bsp/ps7_cortexa9_0/include/sram_control.h:55:15: note: in definition of macro 'SRAM_CONTROL_mReadReg'
     Xil_In32((BaseAddress) + (RegOffset))
               ^
../src/helloworld.c:85:27: note: each undeclared identifier is reported only once for each function it appears in
     SRAM_CONTROL_mReadReg(BaseAddress, RegOffset);
                           ^
../../sram_sip_bsp/ps7_cortexa9_0/include/sram_control.h:55:15: note: in definition of macro 'SRAM_CONTROL_mReadReg'
     Xil_In32((BaseAddress) + (RegOffset))
               ^
../src/helloworld.c:85:40: error: 'RegOffset' undeclared (first use in this function)
     SRAM_CONTROL_mReadReg(BaseAddress, RegOffset);
                                        ^
../../sram_sip_bsp/ps7_cortexa9_0/include/sram_control.h:55:31: note: in definition of macro 'SRAM_CONTROL_mReadReg'
     Xil_In32((BaseAddress) + (RegOffset))
                               ^
../src/helloworld.c:77:9: warning: unused variable 'result' [-Wunused-variable]
     u32 result;
         ^
make: *** [src/helloworld.o] ´íÎó 1
16:18:35 **** Auto Build of configuration Debug for project sram_sip ****
make pre-build main-build 
a9-linaro-pre-build-step
' '
'Building file: ../src/helloworld.c'
'Invoking: ARM v7 gcc compiler'
arm-none-eabi-gcc -Wall -O0 -g3 -c -fmessage-length=0 -MT"src/helloworld.o" -mcpu=cortex-a9 -mfpu=vfpv3 -mfloat-abi=hard -I../../sram_sip_bsp/ps7_cortexa9_0/include -MMD -MP -MF"src/helloworld.d" -MT"src/helloworld.o" -o "src/helloworld.o" "../src/helloworld.c"
In file included from ../src/helloworld.c:53:0:
../src/helloworld.c: In function 'main':
../src/helloworld.c:85:34: error: 'BaseAddress' undeclared (first use in this function)
     result=SRAM_CONTROL_mReadReg(BaseAddress, RegOffset);
                                  ^
../../sram_sip_bsp/ps7_cortexa9_0/include/sram_control.h:55:15: note: in definition of macro 'SRAM_CONTROL_mReadReg'
     Xil_In32((BaseAddress) + (RegOffset))
               ^
../src/helloworld.c:85:34: note: each undeclared identifier is reported only once for each function it appears in
     result=SRAM_CONTROL_mReadReg(BaseAddress, RegOffset);
                                  ^
../../sram_sip_bsp/ps7_cortexa9_0/include/sram_control.h:55:15: note: in definition of macro 'SRAM_CONTROL_mReadReg'
     Xil_In32((BaseAddress) + (RegOffset))
               ^
../src/helloworld.c:85:47: error: 'RegOffset' undeclared (first use in this function)
     result=SRAM_CONTROL_mReadReg(BaseAddress, RegOffset);
                                               ^
../../sram_sip_bsp/ps7_cortexa9_0/include/sram_control.h:55:31: note: in definition of macro 'SRAM_CONTROL_mReadReg'
     Xil_In32((BaseAddress) + (RegOffset))
                               ^
../src/helloworld.c:77:9: warning: variable 'result' set but not used [-Wunused-but-set-variable]
     u32 result;
         ^
make: *** [src/helloworld.o] ´íÎó 1
16:19:56 **** Auto Build of configuration Debug for project sram_sip ****
make pre-build main-build 
a9-linaro-pre-build-step
' '
'Building file: ../src/helloworld.c'
'Invoking: ARM v7 gcc compiler'
arm-none-eabi-gcc -Wall -O0 -g3 -c -fmessage-length=0 -MT"src/helloworld.o" -mcpu=cortex-a9 -mfpu=vfpv3 -mfloat-abi=hard -I../../sram_sip_bsp/ps7_cortexa9_0/include -MMD -MP -MF"src/helloworld.d" -MT"src/helloworld.o" -o "src/helloworld.o" "../src/helloworld.c"
In file included from ../src/helloworld.c:53:0:
../src/helloworld.c: In function 'main':
../src/helloworld.c:87:34: error: 'BaseAddress' undeclared (first use in this function)
     result=SRAM_CONTROL_mReadReg(BaseAddress, RegOffset);
                                  ^
../../sram_sip_bsp/ps7_cortexa9_0/include/sram_control.h:55:15: note: in definition of macro 'SRAM_CONTROL_mReadReg'
     Xil_In32((BaseAddress) + (RegOffset))
               ^
../src/helloworld.c:87:34: note: each undeclared identifier is reported only once for each function it appears in
     result=SRAM_CONTROL_mReadReg(BaseAddress, RegOffset);
                                  ^
../../sram_sip_bsp/ps7_cortexa9_0/include/sram_control.h:55:15: note: in definition of macro 'SRAM_CONTROL_mReadReg'
     Xil_In32((BaseAddress) + (RegOffset))
               ^
../src/helloworld.c:87:47: error: 'RegOffset' undeclared (first use in this function)
     result=SRAM_CONTROL_mReadReg(BaseAddress, RegOffset);
                                               ^
../../sram_sip_bsp/ps7_cortexa9_0/include/sram_control.h:55:31: note: in definition of macro 'SRAM_CONTROL_mReadReg'
     Xil_In32((BaseAddress) + (RegOffset))
                               ^
../src/helloworld.c:77:9: warning: variable 'result' set but not used [-Wunused-but-set-variable]
     u32 result;
         ^
make: *** [src/helloworld.o] ´íÎó 1
16:20:10 **** Auto Build of configuration Debug for project sram_sip ****
make pre-build main-build 
a9-linaro-pre-build-step
' '
'Building file: ../src/helloworld.c'
'Invoking: ARM v7 gcc compiler'
arm-none-eabi-gcc -Wall -O0 -g3 -c -fmessage-length=0 -MT"src/helloworld.o" -mcpu=cortex-a9 -mfpu=vfpv3 -mfloat-abi=hard -I../../sram_sip_bsp/ps7_cortexa9_0/include -MMD -MP -MF"src/helloworld.d" -MT"src/helloworld.o" -o "src/helloworld.o" "../src/helloworld.c"
In file included from ../src/helloworld.c:53:0:
../src/helloworld.c: In function 'main':
../src/helloworld.c:87:34: error: 'BaseAddress' undeclared (first use in this function)
     result=SRAM_CONTROL_mReadReg(BaseAddress, RegOffset);
                                  ^
../../sram_sip_bsp/ps7_cortexa9_0/include/sram_control.h:55:15: note: in definition of macro 'SRAM_CONTROL_mReadReg'
     Xil_In32((BaseAddress) + (RegOffset))
               ^
../src/helloworld.c:87:34: note: each undeclared identifier is reported only once for each function it appears in
     result=SRAM_CONTROL_mReadReg(BaseAddress, RegOffset);
                                  ^
../../sram_sip_bsp/ps7_cortexa9_0/include/sram_control.h:55:15: note: in definition of macro 'SRAM_CONTROL_mReadReg'
     Xil_In32((BaseAddress) + (RegOffset))
               ^
../src/helloworld.c:87:47: error: 'RegOffset' undeclared (first use in this function)
     result=SRAM_CONTROL_mReadReg(BaseAddress, RegOffset);
                                               ^
../../sram_sip_bsp/ps7_cortexa9_0/include/sram_control.h:55:31: note: in definition of macro 'SRAM_CONTROL_mReadReg'
     Xil_In32((BaseAddress) + (RegOffset))
                               ^
../src/helloworld.c:78:23: warning: unused variable 'cmd_read_one' [-Wunused-variable]
     u32 cmd_write_one,cmd_read_one,data,addr;
                       ^
../src/helloworld.c:77:9: warning: variable 'result' set but not used [-Wunused-but-set-variable]
     u32 result;
         ^
make: *** [src/helloworld.o] ´íÎó 1
16:20:15 **** Auto Build of configuration Debug for project sram_sip ****
make pre-build main-build 
a9-linaro-pre-build-step
' '
'Building file: ../src/helloworld.c'
'Invoking: ARM v7 gcc compiler'
arm-none-eabi-gcc -Wall -O0 -g3 -c -fmessage-length=0 -MT"src/helloworld.o" -mcpu=cortex-a9 -mfpu=vfpv3 -mfloat-abi=hard -I../../sram_sip_bsp/ps7_cortexa9_0/include -MMD -MP -MF"src/helloworld.d" -MT"src/helloworld.o" -o "src/helloworld.o" "../src/helloworld.c"
In file included from ../src/helloworld.c:53:0:
../src/helloworld.c: In function 'main':
../src/helloworld.c:87:34: error: 'BaseAddress' undeclared (first use in this function)
     result=SRAM_CONTROL_mReadReg(BaseAddress, RegOffset);
                                  ^
../../sram_sip_bsp/ps7_cortexa9_0/include/sram_control.h:55:15: note: in definition of macro 'SRAM_CONTROL_mReadReg'
     Xil_In32((BaseAddress) + (RegOffset))
               ^
../src/helloworld.c:87:34: note: each undeclared identifier is reported only once for each function it appears in
     result=SRAM_CONTROL_mReadReg(BaseAddress, RegOffset);
                                  ^
../../sram_sip_bsp/ps7_cortexa9_0/include/sram_control.h:55:15: note: in definition of macro 'SRAM_CONTROL_mReadReg'
     Xil_In32((BaseAddress) + (RegOffset))
               ^
../src/helloworld.c:87:47: error: 'RegOffset' undeclared (first use in this function)
     result=SRAM_CONTROL_mReadReg(BaseAddress, RegOffset);
                                               ^
../../sram_sip_bsp/ps7_cortexa9_0/include/sram_control.h:55:31: note: in definition of macro 'SRAM_CONTROL_mReadReg'
     Xil_In32((BaseAddress) + (RegOffset))
                               ^
../src/helloworld.c:78:23: warning: variable 'cmd_read_one' set but not used [-Wunused-but-set-variable]
     u32 cmd_write_one,cmd_read_one,data,addr;
                       ^
../src/helloworld.c:77:9: warning: variable 'result' set but not used [-Wunused-but-set-variable]
     u32 result;
         ^
make: *** [src/helloworld.o] ´íÎó 1
16:20:33 **** Auto Build of configuration Debug for project sram_sip ****
make pre-build main-build 
a9-linaro-pre-build-step
' '
'Building file: ../src/helloworld.c'
'Invoking: ARM v7 gcc compiler'
arm-none-eabi-gcc -Wall -O0 -g3 -c -fmessage-length=0 -MT"src/helloworld.o" -mcpu=cortex-a9 -mfpu=vfpv3 -mfloat-abi=hard -I../../sram_sip_bsp/ps7_cortexa9_0/include -MMD -MP -MF"src/helloworld.d" -MT"src/helloworld.o" -o "src/helloworld.o" "../src/helloworld.c"
In file included from ../src/helloworld.c:53:0:
../src/helloworld.c: In function 'main':
../src/helloworld.c:88:34: error: 'BaseAddress' undeclared (first use in this function)
     result=SRAM_CONTROL_mReadReg(BaseAddress, RegOffset);
                                  ^
../../sram_sip_bsp/ps7_cortexa9_0/include/sram_control.h:55:15: note: in definition of macro 'SRAM_CONTROL_mReadReg'
     Xil_In32((BaseAddress) + (RegOffset))
               ^
../src/helloworld.c:88:34: note: each undeclared identifier is reported only once for each function it appears in
     result=SRAM_CONTROL_mReadReg(BaseAddress, RegOffset);
                                  ^
../../sram_sip_bsp/ps7_cortexa9_0/include/sram_control.h:55:15: note: in definition of macro 'SRAM_CONTROL_mReadReg'
     Xil_In32((BaseAddress) + (RegOffset))
               ^
../src/helloworld.c:88:47: error: 'RegOffset' undeclared (first use in this function)
     result=SRAM_CONTROL_mReadReg(BaseAddress, RegOffset);
                                               ^
../../sram_sip_bsp/ps7_cortexa9_0/include/sram_control.h:55:31: note: in definition of macro 'SRAM_CONTROL_mReadReg'
     Xil_In32((BaseAddress) + (RegOffset))
                               ^
../src/helloworld.c:77:9: warning: variable 'result' set but not used [-Wunused-but-set-variable]
     u32 result;
         ^
make: *** [src/helloworld.o] ´íÎó 1
16:21:14 **** Auto Build of configuration Debug for project sram_sip ****
make pre-build main-build 
a9-linaro-pre-build-step
' '
'Building file: ../src/helloworld.c'
'Invoking: ARM v7 gcc compiler'
arm-none-eabi-gcc -Wall -O0 -g3 -c -fmessage-length=0 -MT"src/helloworld.o" -mcpu=cortex-a9 -mfpu=vfpv3 -mfloat-abi=hard -I../../sram_sip_bsp/ps7_cortexa9_0/include -MMD -MP -MF"src/helloworld.d" -MT"src/helloworld.o" -o "src/helloworld.o" "../src/helloworld.c"
../src/helloworld.c: In function 'main':
../src/helloworld.c:89:5: error: 'result_data' undeclared (first use in this function)
     result_data=SRAM_CONTROL_mReadReg(CTRL_BASE, RegOffset);
     ^
../src/helloworld.c:89:5: note: each undeclared identifier is reported only once for each function it appears in
In file included from ../src/helloworld.c:53:0:
../src/helloworld.c:89:50: error: 'RegOffset' undeclared (first use in this function)
     result_data=SRAM_CONTROL_mReadReg(CTRL_BASE, RegOffset);
                                                  ^
../../sram_sip_bsp/ps7_cortexa9_0/include/sram_control.h:55:31: note: in definition of macro 'SRAM_CONTROL_mReadReg'
     Xil_In32((BaseAddress) + (RegOffset))
                               ^
../src/helloworld.c:77:9: warning: unused variable 'result' [-Wunused-variable]
     u32 result;
         ^
make: *** [src/helloworld.o] ´íÎó 1
16:21:24 **** Auto Build of configuration Debug for project sram_sip ****
make pre-build main-build 
a9-linaro-pre-build-step
' '
'Building file: ../src/helloworld.c'
'Invoking: ARM v7 gcc compiler'
arm-none-eabi-gcc -Wall -O0 -g3 -c -fmessage-length=0 -MT"src/helloworld.o" -mcpu=cortex-a9 -mfpu=vfpv3 -mfloat-abi=hard -I../../sram_sip_bsp/ps7_cortexa9_0/include -MMD -MP -MF"src/helloworld.d" -MT"src/helloworld.o" -o "src/helloworld.o" "../src/helloworld.c"
In file included from ../src/helloworld.c:53:0:
../src/helloworld.c: In function 'main':
../src/helloworld.c:89:50: error: 'RegOffset' undeclared (first use in this function)
     result_data=SRAM_CONTROL_mReadReg(CTRL_BASE, RegOffset);
                                                  ^
../../sram_sip_bsp/ps7_cortexa9_0/include/sram_control.h:55:31: note: in definition of macro 'SRAM_CONTROL_mReadReg'
     Xil_In32((BaseAddress) + (RegOffset))
                               ^
../src/helloworld.c:89:50: note: each undeclared identifier is reported only once for each function it appears in
     result_data=SRAM_CONTROL_mReadReg(CTRL_BASE, RegOffset);
                                                  ^
../../sram_sip_bsp/ps7_cortexa9_0/include/sram_control.h:55:31: note: in definition of macro 'SRAM_CONTROL_mReadReg'
     Xil_In32((BaseAddress) + (RegOffset))
                               ^
../src/helloworld.c:77:21: warning: unused variable 'result_addr' [-Wunused-variable]
     u32 result_data,result_addr;
                     ^
../src/helloworld.c:77:9: warning: variable 'result_data' set but not used [-Wunused-but-set-variable]
     u32 result_data,result_addr;
         ^
make: *** [src/helloworld.o] ´íÎó 1
16:21:44 **** Auto Build of configuration Debug for project sram_sip ****
make pre-build main-build 
a9-linaro-pre-build-step
' '
'Building file: ../src/helloworld.c'
'Invoking: ARM v7 gcc compiler'
arm-none-eabi-gcc -Wall -O0 -g3 -c -fmessage-length=0 -MT"src/helloworld.o" -mcpu=cortex-a9 -mfpu=vfpv3 -mfloat-abi=hard -I../../sram_sip_bsp/ps7_cortexa9_0/include -MMD -MP -MF"src/helloworld.d" -MT"src/helloworld.o" -o "src/helloworld.o" "../src/helloworld.c"
../src/helloworld.c: In function 'main':
../src/helloworld.c:90:5: warning: statement with no effect [-Wunused-value]
     result_addr
     ^
../src/helloworld.c:93:5: error: expected ';' before 'cleanup_platform'
     cleanup_platform();
     ^
../src/helloworld.c:77:9: warning: variable 'result_data' set but not used [-Wunused-but-set-variable]
     u32 result_data,result_addr;
         ^
make: *** [src/helloworld.o] ´íÎó 1
16:22:08 **** Auto Build of configuration Debug for project sram_sip ****
make pre-build main-build 
a9-linaro-pre-build-step
' '
'Building file: ../src/helloworld.c'
'Invoking: ARM v7 gcc compiler'
arm-none-eabi-gcc -Wall -O0 -g3 -c -fmessage-length=0 -MT"src/helloworld.o" -mcpu=cortex-a9 -mfpu=vfpv3 -mfloat-abi=hard -I../../sram_sip_bsp/ps7_cortexa9_0/include -MMD -MP -MF"src/helloworld.d" -MT"src/helloworld.o" -o "src/helloworld.o" "../src/helloworld.c"
../src/helloworld.c: In function 'main':
../src/helloworld.c:77:21: warning: variable 'result_addr' set but not used [-Wunused-but-set-variable]
     u32 result_data,result_addr;
                     ^
../src/helloworld.c:77:9: warning: variable 'result_data' set but not used [-Wunused-but-set-variable]
     u32 result_data,result_addr;
         ^
'Finished building: ../src/helloworld.c'
' '
'Building target: sram_sip.elf'
'Invoking: ARM v7 gcc linker'
arm-none-eabi-gcc -mcpu=cortex-a9 -mfpu=vfpv3 -mfloat-abi=hard -Wl,-build-id=none -specs=Xilinx.spec -Wl,-T -Wl,../src/lscript.ld -L../../sram_sip_bsp/ps7_cortexa9_0/lib -o "sram_sip.elf"  ./src/helloworld.o ./src/platform.o   -Wl,--start-group,-lxil,-lgcc,-lc,--end-group
'Finished building target: sram_sip.elf'
' '
'Invoking: ARM v7 Print Size'
arm-none-eabi-size sram_sip.elf  |tee "sram_sip.elf.size"
   text	   data	    bss	    dec	    hex	filename
  23264	   1152	  22580	  46996	   b794	sram_sip.elf
'Finished building: sram_sip.elf.size'
' '
16:23:00 **** Auto Build of configuration Debug for project sram_sip ****
make pre-build main-build 
a9-linaro-pre-build-step
' '
'Building file: ../src/helloworld.c'
'Invoking: ARM v7 gcc compiler'
arm-none-eabi-gcc -Wall -O0 -g3 -c -fmessage-length=0 -MT"src/helloworld.o" -mcpu=cortex-a9 -mfpu=vfpv3 -mfloat-abi=hard -I../../sram_sip_bsp/ps7_cortexa9_0/include -MMD -MP -MF"src/helloworld.d" -MT"src/helloworld.o" -o "src/helloworld.o" "../src/helloworld.c"
../src/helloworld.c: In function 'main':
../src/helloworld.c:82:5: warning: format '%x' expects argument of type 'unsigned int', but argument 2 has type 'u32' [-Wformat=]
     printf("the write data=%x,addr=%x\n\r",data,addr)
     ^
../src/helloworld.c:82:5: warning: format '%x' expects argument of type 'unsigned int', but argument 3 has type 'u32' [-Wformat=]
../src/helloworld.c:82:5: warning: format '%x' expects argument of type 'unsigned int', but argument 2 has type 'u32' [-Wformat=]
../src/helloworld.c:82:5: warning: format '%x' expects argument of type 'unsigned int', but argument 3 has type 'u32' [-Wformat=]
../src/helloworld.c:83:5: error: expected ';' before 'for'
     for(delay=0;delay<DELAY;delay++);
     ^
../src/helloworld.c:92:5: error: too few arguments to function 'printf'
     printf()
     ^
../src/helloworld.c:95:5: error: expected ';' before 'cleanup_platform'
     cleanup_platform();
     ^
../src/helloworld.c:77:21: warning: variable 'result_addr' set but not used [-Wunused-but-set-variable]
     u32 result_data,result_addr;
                     ^
../src/helloworld.c:77:9: warning: variable 'result_data' set but not used [-Wunused-but-set-variable]
     u32 result_data,result_addr;
         ^
make: *** [src/helloworld.o] ´íÎó 1
16:23:02 **** Auto Build of configuration Debug for project sram_sip ****
make pre-build main-build 
a9-linaro-pre-build-step
' '
'Building file: ../src/helloworld.c'
'Invoking: ARM v7 gcc compiler'
arm-none-eabi-gcc -Wall -O0 -g3 -c -fmessage-length=0 -MT"src/helloworld.o" -mcpu=cortex-a9 -mfpu=vfpv3 -mfloat-abi=hard -I../../sram_sip_bsp/ps7_cortexa9_0/include -MMD -MP -MF"src/helloworld.d" -MT"src/helloworld.o" -o "src/helloworld.o" "../src/helloworld.c"
../src/helloworld.c: In function 'main':
../src/helloworld.c:82:5: warning: format '%x' expects argument of type 'unsigned int', but argument 2 has type 'u32' [-Wformat=]
     printf("the write data=%x,addr=%x\n\r",data,addr);
     ^
../src/helloworld.c:82:5: warning: format '%x' expects argument of type 'unsigned int', but argument 3 has type 'u32' [-Wformat=]
../src/helloworld.c:82:5: warning: format '%x' expects argument of type 'unsigned int', but argument 2 has type 'u32' [-Wformat=]
../src/helloworld.c:82:5: warning: format '%x' expects argument of type 'unsigned int', but argument 3 has type 'u32' [-Wformat=]
../src/helloworld.c:92:5: error: too few arguments to function 'printf'
     printf()
     ^
../src/helloworld.c:95:5: error: expected ';' before 'cleanup_platform'
     cleanup_platform();
     ^
../src/helloworld.c:77:21: warning: variable 'result_addr' set but not used [-Wunused-but-set-variable]
     u32 result_data,result_addr;
                     ^
../src/helloworld.c:77:9: warning: variable 'result_data' set but not used [-Wunused-but-set-variable]
     u32 result_data,result_addr;
         ^
make: *** [src/helloworld.o] ´íÎó 1
16:23:37 **** Auto Build of configuration Debug for project sram_sip ****
make pre-build main-build 
a9-linaro-pre-build-step
' '
'Building file: ../src/helloworld.c'
'Invoking: ARM v7 gcc compiler'
arm-none-eabi-gcc -Wall -O0 -g3 -c -fmessage-length=0 -MT"src/helloworld.o" -mcpu=cortex-a9 -mfpu=vfpv3 -mfloat-abi=hard -I../../sram_sip_bsp/ps7_cortexa9_0/include -MMD -MP -MF"src/helloworld.d" -MT"src/helloworld.o" -o "src/helloworld.o" "../src/helloworld.c"
../src/helloworld.c: In function 'main':
../src/helloworld.c:82:5: warning: format '%x' expects argument of type 'unsigned int', but argument 2 has type 'u32' [-Wformat=]
     printf("the write data=%x,addr=%x\n\r",data,addr);
     ^
../src/helloworld.c:82:5: warning: format '%x' expects argument of type 'unsigned int', but argument 3 has type 'u32' [-Wformat=]
../src/helloworld.c:82:5: warning: format '%x' expects argument of type 'unsigned int', but argument 2 has type 'u32' [-Wformat=]
../src/helloworld.c:82:5: warning: format '%x' expects argument of type 'unsigned int', but argument 3 has type 'u32' [-Wformat=]
../src/helloworld.c:92:5: warning: format '%x' expects argument of type 'unsigned int', but argument 2 has type 'u32' [-Wformat=]
     printf("the readd data=%x,addr=%x\n\r",result_data,result_addr);
     ^
../src/helloworld.c:92:5: warning: format '%x' expects argument of type 'unsigned int', but argument 3 has type 'u32' [-Wformat=]
../src/helloworld.c:92:5: warning: format '%x' expects argument of type 'unsigned int', but argument 2 has type 'u32' [-Wformat=]
../src/helloworld.c:92:5: warning: format '%x' expects argument of type 'unsigned int', but argument 3 has type 'u32' [-Wformat=]
'Finished building: ../src/helloworld.c'
' '
'Building target: sram_sip.elf'
'Invoking: ARM v7 gcc linker'
arm-none-eabi-gcc -mcpu=cortex-a9 -mfpu=vfpv3 -mfloat-abi=hard -Wl,-build-id=none -specs=Xilinx.spec -Wl,-T -Wl,../src/lscript.ld -L../../sram_sip_bsp/ps7_cortexa9_0/lib -o "sram_sip.elf"  ./src/helloworld.o ./src/platform.o   -Wl,--start-group,-lxil,-lgcc,-lc,--end-group
'Finished building target: sram_sip.elf'
' '
'Invoking: ARM v7 Print Size'
arm-none-eabi-size sram_sip.elf  |tee "sram_sip.elf.size"
   text	   data	    bss	    dec	    hex	filename
  75820	   2588	  23340	 101748	  18d74	sram_sip.elf
'Finished building: sram_sip.elf.size'
' '
16:23:54 **** Auto Build of configuration Debug for project sram_sip ****
make pre-build main-build 
a9-linaro-pre-build-step
' '
'Building file: ../src/helloworld.c'
'Invoking: ARM v7 gcc compiler'
arm-none-eabi-gcc -Wall -O0 -g3 -c -fmessage-length=0 -MT"src/helloworld.o" -mcpu=cortex-a9 -mfpu=vfpv3 -mfloat-abi=hard -I../../sram_sip_bsp/ps7_cortexa9_0/include -MMD -MP -MF"src/helloworld.d" -MT"src/helloworld.o" -o "src/helloworld.o" "../src/helloworld.c"
../src/helloworld.c: In function 'main':
../src/helloworld.c:82:5: warning: format '%x' expects argument of type 'unsigned int', but argument 2 has type 'u32' [-Wformat=]
     printf("the write data=%x,addr=%x\n\r",data,addr);
     ^
../src/helloworld.c:82:5: warning: format '%x' expects argument of type 'unsigned int', but argument 3 has type 'u32' [-Wformat=]
../src/helloworld.c:82:5: warning: format '%x' expects argument of type 'unsigned int', but argument 2 has type 'u32' [-Wformat=]
../src/helloworld.c:82:5: warning: format '%x' expects argument of type 'unsigned int', but argument 3 has type 'u32' [-Wformat=]
../src/helloworld.c:92:5: warning: format '%x' expects argument of type 'unsigned int', but argument 2 has type 'u32' [-Wformat=]
     printf("the readd data=%x,addr=%x\n\r",result_data,result_addr);
     ^
../src/helloworld.c:92:5: warning: format '%x' expects argument of type 'unsigned int', but argument 3 has type 'u32' [-Wformat=]
../src/helloworld.c:92:5: warning: format '%x' expects argument of type 'unsigned int', but argument 2 has type 'u32' [-Wformat=]
../src/helloworld.c:92:5: warning: format '%x' expects argument of type 'unsigned int', but argument 3 has type 'u32' [-Wformat=]
'Finished building: ../src/helloworld.c'
' '
'Building target: sram_sip.elf'
'Invoking: ARM v7 gcc linker'
arm-none-eabi-gcc -mcpu=cortex-a9 -mfpu=vfpv3 -mfloat-abi=hard -Wl,-build-id=none -specs=Xilinx.spec -Wl,-T -Wl,../src/lscript.ld -L../../sram_sip_bsp/ps7_cortexa9_0/lib -o "sram_sip.elf"  ./src/helloworld.o ./src/platform.o   -Wl,--start-group,-lxil,-lgcc,-lc,--end-group
'Finished building target: sram_sip.elf'
' '
'Invoking: ARM v7 Print Size'
arm-none-eabi-size sram_sip.elf  |tee "sram_sip.elf.size"
   text	   data	    bss	    dec	    hex	filename
  75820	   2588	  23340	 101748	  18d74	sram_sip.elf
'Finished building: sram_sip.elf.size'
' '
16:24:01 **** Incremental Build of configuration Debug for project sram_sip ****
make pre-build main-build 
a9-linaro-pre-build-step
' '
make: Nothing to be done for `main-build'.
16:25:38 **** Incremental Build of configuration Debug for project sram_sip ****
make pre-build main-build 
a9-linaro-pre-build-step
' '
make: Nothing to be done for `main-build'.
16:26:15 **** Incremental Build of configuration Debug for project sram_sip ****
make pre-build main-build 
a9-linaro-pre-build-step
' '
make: Nothing to be done for `main-build'.
19:06:47 **** Auto Build of configuration Debug for project sram_sip ****
make pre-build main-build 
a9-linaro-pre-build-step
' '
'Building file: ../src/helloworld.c'
'Invoking: ARM v7 gcc compiler'
arm-none-eabi-gcc -Wall -O0 -g3 -c -fmessage-length=0 -MT"src/helloworld.o" -mcpu=cortex-a9 -mfpu=vfpv3 -mfloat-abi=hard -I../../sram_sip_bsp/ps7_cortexa9_0/include -MMD -MP -MF"src/helloworld.d" -MT"src/helloworld.o" -o "src/helloworld.o" "../src/helloworld.c"
../src/helloworld.c: In function 'main':
../src/helloworld.c:82:5: warning: format '%x' expects argument of type 'unsigned int', but argument 2 has type 'u32' [-Wformat=]
     printf("the write data=%x,addr=%x\n\r",data,addr);
     ^
../src/helloworld.c:82:5: warning: format '%x' expects argument of type 'unsigned int', but argument 3 has type 'u32' [-Wformat=]
../src/helloworld.c:82:5: warning: format '%x' expects argument of type 'unsigned int', but argument 2 has type 'u32' [-Wformat=]
../src/helloworld.c:82:5: warning: format '%x' expects argument of type 'unsigned int', but argument 3 has type 'u32' [-Wformat=]
../src/helloworld.c:92:5: warning: format '%x' expects argument of type 'unsigned int', but argument 2 has type 'u32' [-Wformat=]
     printf("the readd data=%x,addr=%x\n\r",result_data,result_addr);
     ^
../src/helloworld.c:92:5: warning: format '%x' expects argument of type 'unsigned int', but argument 3 has type 'u32' [-Wformat=]
../src/helloworld.c:92:5: warning: format '%x' expects argument of type 'unsigned int', but argument 2 has type 'u32' [-Wformat=]
../src/helloworld.c:92:5: warning: format '%x' expects argument of type 'unsigned int', but argument 3 has type 'u32' [-Wformat=]
'Finished building: ../src/helloworld.c'
' '
'Building target: sram_sip.elf'
'Invoking: ARM v7 gcc linker'
arm-none-eabi-gcc -mcpu=cortex-a9 -mfpu=vfpv3 -mfloat-abi=hard -Wl,-build-id=none -specs=Xilinx.spec -Wl,-T -Wl,../src/lscript.ld -L../../sram_sip_bsp/ps7_cortexa9_0/lib -o "sram_sip.elf"  ./src/helloworld.o ./src/platform.o   -Wl,--start-group,-lxil,-lgcc,-lc,--end-group
'Finished building target: sram_sip.elf'
' '
'Invoking: ARM v7 Print Size'
arm-none-eabi-size sram_sip.elf  |tee "sram_sip.elf.size"
   text	   data	    bss	    dec	    hex	filename
  75820	   2588	  23340	 101748	  18d74	sram_sip.elf
'Finished building: sram_sip.elf.size'
' '
19:07:36 **** Auto Build of configuration Debug for project sram_sip ****
make pre-build main-build 
a9-linaro-pre-build-step
' '
'Building file: ../src/helloworld.c'
'Invoking: ARM v7 gcc compiler'
arm-none-eabi-gcc -Wall -O0 -g3 -c -fmessage-length=0 -MT"src/helloworld.o" -mcpu=cortex-a9 -mfpu=vfpv3 -mfloat-abi=hard -I../../sram_sip_bsp/ps7_cortexa9_0/include -MMD -MP -MF"src/helloworld.d" -MT"src/helloworld.o" -o "src/helloworld.o" "../src/helloworld.c"
../src/helloworld.c:70:17: error: expected '=', ',', ';', 'asm' or '__attribute__' before 'one'
 void write_read one(u32 data u32 addr)
                 ^
../src/helloworld.c: In function 'main':
../src/helloworld.c:98:5: warning: format '%x' expects argument of type 'unsigned int', but argument 2 has type 'u32' [-Wformat=]
     printf("the write data=%x,addr=%x\n\r",data,addr);
     ^
../src/helloworld.c:98:5: warning: format '%x' expects argument of type 'unsigned int', but argument 3 has type 'u32' [-Wformat=]
../src/helloworld.c:98:5: warning: format '%x' expects argument of type 'unsigned int', but argument 2 has type 'u32' [-Wformat=]
../src/helloworld.c:98:5: warning: format '%x' expects argument of type 'unsigned int', but argument 3 has type 'u32' [-Wformat=]
../src/helloworld.c:108:5: warning: format '%x' expects argument of type 'unsigned int', but argument 2 has type 'u32' [-Wformat=]
     printf("the readd data=%x,addr=%x\n\r",result_data,result_addr);
     ^
../src/helloworld.c:108:5: warning: format '%x' expects argument of type 'unsigned int', but argument 3 has type 'u32' [-Wformat=]
../src/helloworld.c:108:5: warning: format '%x' expects argument of type 'unsigned int', but argument 2 has type 'u32' [-Wformat=]
../src/helloworld.c:108:5: warning: format '%x' expects argument of type 'unsigned int', but argument 3 has type 'u32' [-Wformat=]
make: *** [src/helloworld.o] ´íÎó 1
19:07:42 **** Auto Build of configuration Debug for project sram_sip ****
make pre-build main-build 
a9-linaro-pre-build-step
' '
'Building file: ../src/helloworld.c'
'Invoking: ARM v7 gcc compiler'
arm-none-eabi-gcc -Wall -O0 -g3 -c -fmessage-length=0 -MT"src/helloworld.o" -mcpu=cortex-a9 -mfpu=vfpv3 -mfloat-abi=hard -I../../sram_sip_bsp/ps7_cortexa9_0/include -MMD -MP -MF"src/helloworld.d" -MT"src/helloworld.o" -o "src/helloworld.o" "../src/helloworld.c"
../src/helloworld.c:70:17: error: expected '=', ',', ';', 'asm' or '__attribute__' before 'one'
 void write_read one(u32 data, u32 addr)
                 ^
../src/helloworld.c: In function 'main':
../src/helloworld.c:98:5: warning: format '%x' expects argument of type 'unsigned int', but argument 2 has type 'u32' [-Wformat=]
     printf("the write data=%x,addr=%x\n\r",data,addr);
     ^
../src/helloworld.c:98:5: warning: format '%x' expects argument of type 'unsigned int', but argument 3 has type 'u32' [-Wformat=]
../src/helloworld.c:98:5: warning: format '%x' expects argument of type 'unsigned int', but argument 2 has type 'u32' [-Wformat=]
../src/helloworld.c:98:5: warning: format '%x' expects argument of type 'unsigned int', but argument 3 has type 'u32' [-Wformat=]
../src/helloworld.c:108:5: warning: format '%x' expects argument of type 'unsigned int', but argument 2 has type 'u32' [-Wformat=]
     printf("the readd data=%x,addr=%x\n\r",result_data,result_addr);
     ^
../src/helloworld.c:108:5: warning: format '%x' expects argument of type 'unsigned int', but argument 3 has type 'u32' [-Wformat=]
../src/helloworld.c:108:5: warning: format '%x' expects argument of type 'unsigned int', but argument 2 has type 'u32' [-Wformat=]
../src/helloworld.c:108:5: warning: format '%x' expects argument of type 'unsigned int', but argument 3 has type 'u32' [-Wformat=]
make: *** [src/helloworld.o] ´íÎó 1
19:09:21 **** Auto Build of configuration Debug for project sram_sip ****
make pre-build main-build 
a9-linaro-pre-build-step
' '
'Building file: ../src/helloworld.c'
'Invoking: ARM v7 gcc compiler'
arm-none-eabi-gcc -Wall -O0 -g3 -c -fmessage-length=0 -MT"src/helloworld.o" -mcpu=cortex-a9 -mfpu=vfpv3 -mfloat-abi=hard -I../../sram_sip_bsp/ps7_cortexa9_0/include -MMD -MP -MF"src/helloworld.d" -MT"src/helloworld.o" -o "src/helloworld.o" "../src/helloworld.c"
../src/helloworld.c:70:17: error: expected '=', ',', ';', 'asm' or '__attribute__' before 'one'
 void write_read one(u32 data, u32 addr);
                 ^
../src/helloworld.c:72:1: error: expected identifier or '(' before '{' token
 {
 ^
../src/helloworld.c: In function 'main':
../src/helloworld.c:103:5: warning: format '%x' expects argument of type 'unsigned int', but argument 2 has type 'u32' [-Wformat=]
     printf("the write data=%x,addr=%x\n\r",data,addr);
     ^
../src/helloworld.c:103:5: warning: format '%x' expects argument of type 'unsigned int', but argument 3 has type 'u32' [-Wformat=]
../src/helloworld.c:103:5: warning: format '%x' expects argument of type 'unsigned int', but argument 2 has type 'u32' [-Wformat=]
../src/helloworld.c:103:5: warning: format '%x' expects argument of type 'unsigned int', but argument 3 has type 'u32' [-Wformat=]
../src/helloworld.c:113:5: warning: format '%x' expects argument of type 'unsigned int', but argument 2 has type 'u32' [-Wformat=]
     printf("the readd data=%x,addr=%x\n\r",result_data,result_addr);
     ^
../src/helloworld.c:113:5: warning: format '%x' expects argument of type 'unsigned int', but argument 3 has type 'u32' [-Wformat=]
../src/helloworld.c:113:5: warning: format '%x' expects argument of type 'unsigned int', but argument 2 has type 'u32' [-Wformat=]
../src/helloworld.c:113:5: warning: format '%x' expects argument of type 'unsigned int', but argument 3 has type 'u32' [-Wformat=]
make: *** [src/helloworld.o] ´íÎó 1
19:09:27 **** Auto Build of configuration Debug for project sram_sip ****
make pre-build main-build 
a9-linaro-pre-build-step
' '
'Building file: ../src/helloworld.c'
'Invoking: ARM v7 gcc compiler'
arm-none-eabi-gcc -Wall -O0 -g3 -c -fmessage-length=0 -MT"src/helloworld.o" -mcpu=cortex-a9 -mfpu=vfpv3 -mfloat-abi=hard -I../../sram_sip_bsp/ps7_cortexa9_0/include -MMD -MP -MF"src/helloworld.d" -MT"src/helloworld.o" -o "src/helloworld.o" "../src/helloworld.c"
../src/helloworld.c:70:17: error: expected '=', ',', ';', 'asm' or '__attribute__' before 'one'
 void write_read one(u32 data, u32 addr)
                 ^
../src/helloworld.c: In function 'main':
../src/helloworld.c:102:5: warning: format '%x' expects argument of type 'unsigned int', but argument 2 has type 'u32' [-Wformat=]
     printf("the write data=%x,addr=%x\n\r",data,addr);
     ^
../src/helloworld.c:102:5: warning: format '%x' expects argument of type 'unsigned int', but argument 3 has type 'u32' [-Wformat=]
../src/helloworld.c:102:5: warning: format '%x' expects argument of type 'unsigned int', but argument 2 has type 'u32' [-Wformat=]
../src/helloworld.c:102:5: warning: format '%x' expects argument of type 'unsigned int', but argument 3 has type 'u32' [-Wformat=]
../src/helloworld.c:112:5: warning: format '%x' expects argument of type 'unsigned int', but argument 2 has type 'u32' [-Wformat=]
     printf("the readd data=%x,addr=%x\n\r",result_data,result_addr);
     ^
../src/helloworld.c:112:5: warning: format '%x' expects argument of type 'unsigned int', but argument 3 has type 'u32' [-Wformat=]
../src/helloworld.c:112:5: warning: format '%x' expects argument of type 'unsigned int', but argument 2 has type 'u32' [-Wformat=]
../src/helloworld.c:112:5: warning: format '%x' expects argument of type 'unsigned int', but argument 3 has type 'u32' [-Wformat=]
make: *** [src/helloworld.o] ´íÎó 1
19:10:13 **** Auto Build of configuration Debug for project sram_sip ****
make pre-build main-build 
a9-linaro-pre-build-step
' '
'Building file: ../src/helloworld.c'
'Invoking: ARM v7 gcc compiler'
arm-none-eabi-gcc -Wall -O0 -g3 -c -fmessage-length=0 -MT"src/helloworld.o" -mcpu=cortex-a9 -mfpu=vfpv3 -mfloat-abi=hard -I../../sram_sip_bsp/ps7_cortexa9_0/include -MMD -MP -MF"src/helloworld.d" -MT"src/helloworld.o" -o "src/helloworld.o" "../src/helloworld.c"
../src/helloworld.c:70:16: error: expected '=', ',', ';', 'asm' or '__attribute__' before 'one'
 int write_read one (u32 data, u32 addr)
                ^
../src/helloworld.c: In function 'main':
../src/helloworld.c:102:5: warning: format '%x' expects argument of type 'unsigned int', but argument 2 has type 'u32' [-Wformat=]
     printf("the write data=%x,addr=%x\n\r",data,addr);
     ^
../src/helloworld.c:102:5: warning: format '%x' expects argument of type 'unsigned int', but argument 3 has type 'u32' [-Wformat=]
../src/helloworld.c:102:5: warning: format '%x' expects argument of type 'unsigned int', but argument 2 has type 'u32' [-Wformat=]
../src/helloworld.c:102:5: warning: format '%x' expects argument of type 'unsigned int', but argument 3 has type 'u32' [-Wformat=]
../src/helloworld.c:112:5: warning: format '%x' expects argument of type 'unsigned int', but argument 2 has type 'u32' [-Wformat=]
     printf("the readd data=%x,addr=%x\n\r",result_data,result_addr);
     ^
../src/helloworld.c:112:5: warning: format '%x' expects argument of type 'unsigned int', but argument 3 has type 'u32' [-Wformat=]
../src/helloworld.c:112:5: warning: format '%x' expects argument of type 'unsigned int', but argument 2 has type 'u32' [-Wformat=]
../src/helloworld.c:112:5: warning: format '%x' expects argument of type 'unsigned int', but argument 3 has type 'u32' [-Wformat=]
make: *** [src/helloworld.o] ´íÎó 1
19:10:31 **** Auto Build of configuration Debug for project sram_sip ****
make pre-build main-build 
a9-linaro-pre-build-step
' '
'Building file: ../src/helloworld.c'
'Invoking: ARM v7 gcc compiler'
arm-none-eabi-gcc -Wall -O0 -g3 -c -fmessage-length=0 -MT"src/helloworld.o" -mcpu=cortex-a9 -mfpu=vfpv3 -mfloat-abi=hard -I../../sram_sip_bsp/ps7_cortexa9_0/include -MMD -MP -MF"src/helloworld.d" -MT"src/helloworld.o" -o "src/helloworld.o" "../src/helloworld.c"
../src/helloworld.c: In function 'write_read_one':
../src/helloworld.c:72:5: error: 'cmd_write_one' undeclared (first use in this function)
     cmd_write_one=WRITE_ONE|(data<<16)|(addr<<0);
     ^
../src/helloworld.c:72:5: note: each undeclared identifier is reported only once for each function it appears in
../src/helloworld.c:73:6: warning: format '%x' expects argument of type 'unsigned int', but argument 2 has type 'u32' [-Wformat=]
      printf("the write data=%x,addr=%x\n\r",data,addr);
      ^
../src/helloworld.c:73:6: warning: format '%x' expects argument of type 'unsigned int', but argument 3 has type 'u32' [-Wformat=]
../src/helloworld.c:73:6: warning: format '%x' expects argument of type 'unsigned int', but argument 2 has type 'u32' [-Wformat=]
../src/helloworld.c:73:6: warning: format '%x' expects argument of type 'unsigned int', but argument 3 has type 'u32' [-Wformat=]
../src/helloworld.c:74:10: error: 'delay' undeclared (first use in this function)
      for(delay=0;delay<DELAY;delay++);
          ^
../src/helloworld.c:78:6: error: 'cmd_read_one' undeclared (first use in this function)
      cmd_read_one=READ_ONE|(0xff<<16)|(addr<<0);
      ^
../src/helloworld.c:81:6: error: 'result_data' undeclared (first use in this function)
      result_data=SRAM_CONTROL_mReadReg(CTRL_BASE, CTRL_OUTPDATA_OFFSET);
      ^
../src/helloworld.c:82:6: error: 'result_addr' undeclared (first use in this function)
      result_addr=SRAM_CONTROL_mReadReg(CTRL_BASE,CTRL_OUTPADDR_OFFSET);
      ^
../src/helloworld.c: In function 'main':
../src/helloworld.c:102:5: warning: format '%x' expects argument of type 'unsigned int', but argument 2 has type 'u32' [-Wformat=]
     printf("the write data=%x,addr=%x\n\r",data,addr);
     ^
../src/helloworld.c:102:5: warning: format '%x' expects argument of type 'unsigned int', but argument 3 has type 'u32' [-Wformat=]
../src/helloworld.c:102:5: warning: format '%x' expects argument of type 'unsigned int', but argument 2 has type 'u32' [-Wformat=]
../src/helloworld.c:102:5: warning: format '%x' expects argument of type 'unsigned int', but argument 3 has type 'u32' [-Wformat=]
../src/helloworld.c:112:5: warning: format '%x' expects argument of type 'unsigned int', but argument 2 has type 'u32' [-Wformat=]
     printf("the readd data=%x,addr=%x\n\r",result_data,result_addr);
     ^
../src/helloworld.c:112:5: warning: format '%x' expects argument of type 'unsigned int', but argument 3 has type 'u32' [-Wformat=]
../src/helloworld.c:112:5: warning: format '%x' expects argument of type 'unsigned int', but argument 2 has type 'u32' [-Wformat=]
../src/helloworld.c:112:5: warning: format '%x' expects argument of type 'unsigned int', but argument 3 has type 'u32' [-Wformat=]
make: *** [src/helloworld.o] ´íÎó 1
19:11:00 **** Auto Build of configuration Debug for project sram_sip ****
make pre-build main-build 
a9-linaro-pre-build-step
' '
'Building file: ../src/helloworld.c'
'Invoking: ARM v7 gcc compiler'
arm-none-eabi-gcc -Wall -O0 -g3 -c -fmessage-length=0 -MT"src/helloworld.o" -mcpu=cortex-a9 -mfpu=vfpv3 -mfloat-abi=hard -I../../sram_sip_bsp/ps7_cortexa9_0/include -MMD -MP -MF"src/helloworld.d" -MT"src/helloworld.o" -o "src/helloworld.o" "../src/helloworld.c"
../src/helloworld.c: In function 'write_read_one':
../src/helloworld.c:74:33: error: 'data' redeclared as different kind of symbol
  u32 cmd_write_one,cmd_read_one,data,addr;
                                 ^
../src/helloworld.c:70:26: note: previous definition of 'data' was here
 void write_read_one (u32 data, u32 addr)
                          ^
../src/helloworld.c:74:38: error: 'addr' redeclared as different kind of symbol
  u32 cmd_write_one,cmd_read_one,data,addr;
                                      ^
../src/helloworld.c:70:36: note: previous definition of 'addr' was here
 void write_read_one (u32 data, u32 addr)
                                    ^
../src/helloworld.c:76:6: warning: format '%x' expects argument of type 'unsigned int', but argument 2 has type 'u32' [-Wformat=]
      printf("the write data=%x,addr=%x\n\r",data,addr);
      ^
../src/helloworld.c:76:6: warning: format '%x' expects argument of type 'unsigned int', but argument 3 has type 'u32' [-Wformat=]
../src/helloworld.c:76:6: warning: format '%x' expects argument of type 'unsigned int', but argument 2 has type 'u32' [-Wformat=]
../src/helloworld.c:76:6: warning: format '%x' expects argument of type 'unsigned int', but argument 3 has type 'u32' [-Wformat=]
../src/helloworld.c:86:6: warning: format '%x' expects argument of type 'unsigned int', but argument 2 has type 'u32' [-Wformat=]
[...]
   ^
../src/helloworld.c:161:3: warning: format '%x' expects argument of type 'unsigned int', but argument 3 has type 'u32' [-Wformat=]
../src/helloworld.c:161:3: warning: format '%x' expects argument of type 'unsigned int', but argument 2 has type 'u32' [-Wformat=]
../src/helloworld.c:161:3: warning: format '%x' expects argument of type 'unsigned int', but argument 3 has type 'u32' [-Wformat=]
'Finished building: ../src/helloworld.c'
' '
'Building target: sram_sip.elf'
'Invoking: ARM v7 gcc linker'
arm-none-eabi-gcc -mcpu=cortex-a9 -mfpu=vfpv3 -mfloat-abi=hard -Wl,-build-id=none -specs=Xilinx.spec -Wl,-T -Wl,../src/lscript.ld -L../../sram_sip_bsp/ps7_cortexa9_0/lib -o "sram_sip.elf"  ./src/helloworld.o ./src/platform.o   -Wl,--start-group,-lxil,-lgcc,-lc,--end-group
'Finished building target: sram_sip.elf'
' '
'Invoking: ARM v7 Print Size'
arm-none-eabi-size sram_sip.elf  |tee "sram_sip.elf.size"
   text	   data	    bss	    dec	    hex	filename
  78068	   2588	  23340	 103996	  1963c	sram_sip.elf
'Finished building: sram_sip.elf.size'
' '
13:54:21 **** Incremental Build of configuration Debug for project sram_sip ****
make pre-build main-build 
a9-linaro-pre-build-step
' '
make: Nothing to be done for `main-build'.
13:54:39 **** Incremental Build of configuration Debug for project sram_sip ****
make pre-build main-build 
a9-linaro-pre-build-step
' '
make: Nothing to be done for `main-build'.
13:55:21 **** Auto Build of configuration Debug for project sram_sip ****
make pre-build main-build 
a9-linaro-pre-build-step
' '
'Building file: ../src/helloworld.c'
'Invoking: ARM v7 gcc compiler'
arm-none-eabi-gcc -Wall -O0 -g3 -c -fmessage-length=0 -MT"src/helloworld.o" -mcpu=cortex-a9 -mfpu=vfpv3 -mfloat-abi=hard -I../../sram_sip_bsp/ps7_cortexa9_0/include -MMD -MP -MF"src/helloworld.d" -MT"src/helloworld.o" -o "src/helloworld.o" "../src/helloworld.c"
../src/helloworld.c: In function 'write_all':
../src/helloworld.c:80:2: warning: format '%x' expects argument of type 'unsigned int', but argument 2 has type 'u32' [-Wformat=]
  printf("W_A %x\n\r",data); //format operation data address
  ^
../src/helloworld.c:80:2: warning: format '%x' expects argument of type 'unsigned int', but argument 2 has type 'u32' [-Wformat=]
../src/helloworld.c: In function 'write_one':
../src/helloworld.c:100:3: warning: format '%x' expects argument of type 'unsigned int', but argument 2 has type 'u32' [-Wformat=]
   printf("W_O %x %x\n\r",addr,data); //format operation data address
   ^
../src/helloworld.c:100:3: warning: format '%x' expects argument of type 'unsigned int', but argument 3 has type 'u32' [-Wformat=]
../src/helloworld.c:100:3: warning: format '%x' expects argument of type 'unsigned int', but argument 2 has type 'u32' [-Wformat=]
../src/helloworld.c:100:3: warning: format '%x' expects argument of type 'unsigned int', but argument 3 has type 'u32' [-Wformat=]
../src/helloworld.c: In function 'read_reg':
../src/helloworld.c:136:3: warning: format '%x' expects argument of type 'unsigned int', but argument 2 has type 'u32' [-Wformat=]
   printf("R_R %x %x\n\r",result_addr,result_data);
   ^
../src/helloworld.c:136:3: warning: format '%x' expects argument of type 'unsigned int', but argument 3 has type 'u32' [-Wformat=]
../src/helloworld.c:136:3: warning: format '%x' expects argument of type 'unsigned int', but argument 2 has type 'u32' [-Wformat=]
../src/helloworld.c:136:3: warning: format '%x' expects argument of type 'unsigned int', but argument 3 has type 'u32' [-Wformat=]
../src/helloworld.c: In function 'read_one':
../src/helloworld.c:161:3: warning: format '%x' expects argument of type 'unsigned int', but argument 2 has type 'u32' [-Wformat=]
   printf("R_O %x %x\n\r",result_addr,result_data);
   ^
../src/helloworld.c:161:3: warning: format '%x' expects argument of type 'unsigned int', but argument 3 has type 'u32' [-Wformat=]
../src/helloworld.c:161:3: warning: format '%x' expects argument of type 'unsigned int', but argument 2 has type 'u32' [-Wformat=]
../src/helloworld.c:161:3: warning: format '%x' expects argument of type 'unsigned int', but argument 3 has type 'u32' [-Wformat=]
'Finished building: ../src/helloworld.c'
' '
'Building target: sram_sip.elf'
'Invoking: ARM v7 gcc linker'
arm-none-eabi-gcc -mcpu=cortex-a9 -mfpu=vfpv3 -mfloat-abi=hard -Wl,-build-id=none -specs=Xilinx.spec -Wl,-T -Wl,../src/lscript.ld -L../../sram_sip_bsp/ps7_cortexa9_0/lib -o "sram_sip.elf"  ./src/helloworld.o ./src/platform.o   -Wl,--start-group,-lxil,-lgcc,-lc,--end-group
'Finished building target: sram_sip.elf'
' '
'Invoking: ARM v7 Print Size'
arm-none-eabi-size sram_sip.elf  |tee "sram_sip.elf.size"
   text	   data	    bss	    dec	    hex	filename
  78068	   2588	  23340	 103996	  1963c	sram_sip.elf
'Finished building: sram_sip.elf.size'
' '
13:56:07 **** Auto Build of configuration Debug for project sram_sip ****
make pre-build main-build 
a9-linaro-pre-build-step
' '
'Building file: ../src/helloworld.c'
'Invoking: ARM v7 gcc compiler'
arm-none-eabi-gcc -Wall -O0 -g3 -c -fmessage-length=0 -MT"src/helloworld.o" -mcpu=cortex-a9 -mfpu=vfpv3 -mfloat-abi=hard -I../../sram_sip_bsp/ps7_cortexa9_0/include -MMD -MP -MF"src/helloworld.d" -MT"src/helloworld.o" -o "src/helloworld.o" "../src/helloworld.c"
../src/helloworld.c: In function 'write_all':
../src/helloworld.c:80:2: warning: format '%x' expects argument of type 'unsigned int', but argument 2 has type 'u32' [-Wformat=]
  printf("W_A %x\n\r",data); //format operation data address
  ^
../src/helloworld.c:80:2: warning: format '%x' expects argument of type 'unsigned int', but argument 2 has type 'u32' [-Wformat=]
../src/helloworld.c: In function 'write_one':
../src/helloworld.c:100:3: warning: format '%x' expects argument of type 'unsigned int', but argument 2 has type 'u32' [-Wformat=]
   printf("W_O %x %x\n\r",addr,data); //format operation data address
   ^
../src/helloworld.c:100:3: warning: format '%x' expects argument of type 'unsigned int', but argument 3 has type 'u32' [-Wformat=]
../src/helloworld.c:100:3: warning: format '%x' expects argument of type 'unsigned int', but argument 2 has type 'u32' [-Wformat=]
../src/helloworld.c:100:3: warning: format '%x' expects argument of type 'unsigned int', but argument 3 has type 'u32' [-Wformat=]
../src/helloworld.c: In function 'read_reg':
../src/helloworld.c:136:3: warning: format '%x' expects argument of type 'unsigned int', but argument 2 has type 'u32' [-Wformat=]
   printf("R_R %x %x\n\r",result_addr,result_data);
   ^
../src/helloworld.c:136:3: warning: format '%x' expects argument of type 'unsigned int', but argument 3 has type 'u32' [-Wformat=]
../src/helloworld.c:136:3: warning: format '%x' expects argument of type 'unsigned int', but argument 2 has type 'u32' [-Wformat=]
../src/helloworld.c:136:3: warning: format '%x' expects argument of type 'unsigned int', but argument 3 has type 'u32' [-Wformat=]
../src/helloworld.c: In function 'read_one':
../src/helloworld.c:161:3: warning: format '%x' expects argument of type 'unsigned int', but argument 2 has type 'u32' [-Wformat=]
   printf("R_O %x %x\n\r",result_addr,result_data);
   ^
../src/helloworld.c:161:3: warning: format '%x' expects argument of type 'unsigned int', but argument 3 has type 'u32' [-Wformat=]
../src/helloworld.c:161:3: warning: format '%x' expects argument of type 'unsigned int', but argument 2 has type 'u32' [-Wformat=]
../src/helloworld.c:161:3: warning: format '%x' expects argument of type 'unsigned int', but argument 3 has type 'u32' [-Wformat=]
'Finished building: ../src/helloworld.c'
' '
'Building target: sram_sip.elf'
'Invoking: ARM v7 gcc linker'
arm-none-eabi-gcc -mcpu=cortex-a9 -mfpu=vfpv3 -mfloat-abi=hard -Wl,-build-id=none -specs=Xilinx.spec -Wl,-T -Wl,../src/lscript.ld -L../../sram_sip_bsp/ps7_cortexa9_0/lib -o "sram_sip.elf"  ./src/helloworld.o ./src/platform.o   -Wl,--start-group,-lxil,-lgcc,-lc,--end-group
'Finished building target: sram_sip.elf'
' '
'Invoking: ARM v7 Print Size'
arm-none-eabi-size sram_sip.elf  |tee "sram_sip.elf.size"
   text	   data	    bss	    dec	    hex	filename
 128088	   2588	  23340	 154016	  259a0	sram_sip.elf
'Finished building: sram_sip.elf.size'
' '
13:56:11 **** Incremental Build of configuration Debug for project sram_sip ****
make pre-build main-build 
a9-linaro-pre-build-step
' '
make: Nothing to be done for `main-build'.
13:56:37 **** Auto Build of configuration Debug for project sram_sip ****
make pre-build main-build 
a9-linaro-pre-build-step
' '
'Building file: ../src/helloworld.c'
'Invoking: ARM v7 gcc compiler'
arm-none-eabi-gcc -Wall -O0 -g3 -c -fmessage-length=0 -MT"src/helloworld.o" -mcpu=cortex-a9 -mfpu=vfpv3 -mfloat-abi=hard -I../../sram_sip_bsp/ps7_cortexa9_0/include -MMD -MP -MF"src/helloworld.d" -MT"src/helloworld.o" -o "src/helloworld.o" "../src/helloworld.c"
../src/helloworld.c: In function 'write_all':
../src/helloworld.c:80:2: warning: format '%x' expects argument of type 'unsigned int', but argument 2 has type 'u32' [-Wformat=]
  printf("W_A %x\n\r",data); //format operation data address
  ^
../src/helloworld.c:80:2: warning: format '%x' expects argument of type 'unsigned int', but argument 2 has type 'u32' [-Wformat=]
../src/helloworld.c: In function 'write_one':
../src/helloworld.c:100:3: warning: format '%x' expects argument of type 'unsigned int', but argument 2 has type 'u32' [-Wformat=]
   printf("W_O %x %x\n\r",addr,data); //format operation data address
   ^
../src/helloworld.c:100:3: warning: format '%x' expects argument of type 'unsigned int', but argument 3 has type 'u32' [-Wformat=]
../src/helloworld.c:100:3: warning: format '%x' expects argument of type 'unsigned int', but argument 2 has type 'u32' [-Wformat=]
../src/helloworld.c:100:3: warning: format '%x' expects argument of type 'unsigned int', but argument 3 has type 'u32' [-Wformat=]
../src/helloworld.c: In function 'read_reg':
../src/helloworld.c:136:3: warning: format '%x' expects argument of type 'unsigned int', but argument 2 has type 'u32' [-Wformat=]
   printf("R_R %x %x\n\r",result_addr,result_data);
   ^
../src/helloworld.c:136:3: warning: format '%x' expects argument of type 'unsigned int', but argument 3 has type 'u32' [-Wformat=]
../src/helloworld.c:136:3: warning: format '%x' expects argument of type 'unsigned int', but argument 2 has type 'u32' [-Wformat=]
../src/helloworld.c:136:3: warning: format '%x' expects argument of type 'unsigned int', but argument 3 has type 'u32' [-Wformat=]
../src/helloworld.c: In function 'read_one':
../src/helloworld.c:161:3: warning: format '%x' expects argument of type 'unsigned int', but argument 2 has type 'u32' [-Wformat=]
   printf("R_O %x %x\n\r",result_addr,result_data);
   ^
../src/helloworld.c:161:3: warning: format '%x' expects argument of type 'unsigned int', but argument 3 has type 'u32' [-Wformat=]
../src/helloworld.c:161:3: warning: format '%x' expects argument of type 'unsigned int', but argument 2 has type 'u32' [-Wformat=]
../src/helloworld.c:161:3: warning: format '%x' expects argument of type 'unsigned int', but argument 3 has type 'u32' [-Wformat=]
'Finished building: ../src/helloworld.c'
' '
'Building target: sram_sip.elf'
'Invoking: ARM v7 gcc linker'
arm-none-eabi-gcc -mcpu=cortex-a9 -mfpu=vfpv3 -mfloat-abi=hard -Wl,-build-id=none -specs=Xilinx.spec -Wl,-T -Wl,../src/lscript.ld -L../../sram_sip_bsp/ps7_cortexa9_0/lib -o "sram_sip.elf"  ./src/helloworld.o ./src/platform.o   -Wl,--start-group,-lxil,-lgcc,-lc,--end-group
'Finished building target: sram_sip.elf'
' '
'Invoking: ARM v7 Print Size'
arm-none-eabi-size sram_sip.elf  |tee "sram_sip.elf.size"
   text	   data	    bss	    dec	    hex	filename
 128088	   2588	  23340	 154016	  259a0	sram_sip.elf
'Finished building: sram_sip.elf.size'
' '
13:57:10 **** Auto Build of configuration Debug for project sram_sip ****
make pre-build main-build 
a9-linaro-pre-build-step
' '
'Building file: ../src/helloworld.c'
'Invoking: ARM v7 gcc compiler'
arm-none-eabi-gcc -Wall -O0 -g3 -c -fmessage-length=0 -MT"src/helloworld.o" -mcpu=cortex-a9 -mfpu=vfpv3 -mfloat-abi=hard -I../../sram_sip_bsp/ps7_cortexa9_0/include -MMD -MP -MF"src/helloworld.d" -MT"src/helloworld.o" -o "src/helloworld.o" "../src/helloworld.c"
../src/helloworld.c: In function 'write_all':
../src/helloworld.c:80:2: warning: format '%x' expects argument of type 'unsigned int', but argument 2 has type 'u32' [-Wformat=]
  printf("W_A %x\n\r",data); //format operation data address
  ^
../src/helloworld.c:80:2: warning: format '%x' expects argument of type 'unsigned int', but argument 2 has type 'u32' [-Wformat=]
../src/helloworld.c: In function 'write_one':
../src/helloworld.c:100:3: warning: format '%x' expects argument of type 'unsigned int', but argument 2 has type 'u32' [-Wformat=]
   printf("W_O %x %x\n\r",addr,data); //format operation data address
   ^
../src/helloworld.c:100:3: warning: format '%x' expects argument of type 'unsigned int', but argument 3 has type 'u32' [-Wformat=]
../src/helloworld.c:100:3: warning: format '%x' expects argument of type 'unsigned int', but argument 2 has type 'u32' [-Wformat=]
../src/helloworld.c:100:3: warning: format '%x' expects argument of type 'unsigned int', but argument 3 has type 'u32' [-Wformat=]
../src/helloworld.c: In function 'read_reg':
../src/helloworld.c:136:3: warning: format '%x' expects argument of type 'unsigned int', but argument 2 has type 'u32' [-Wformat=]
   printf("R_R %x %x\n\r",result_addr,result_data);
   ^
../src/helloworld.c:136:3: warning: format '%x' expects argument of type 'unsigned int', but argument 3 has type 'u32' [-Wformat=]
../src/helloworld.c:136:3: warning: format '%x' expects argument of type 'unsigned int', but argument 2 has type 'u32' [-Wformat=]
../src/helloworld.c:136:3: warning: format '%x' expects argument of type 'unsigned int', but argument 3 has type 'u32' [-Wformat=]
../src/helloworld.c: In function 'read_one':
../src/helloworld.c:161:3: warning: format '%x' expects argument of type 'unsigned int', but argument 2 has type 'u32' [-Wformat=]
   printf("R_O %x %x\n\r",result_addr,result_data);
   ^
../src/helloworld.c:161:3: warning: format '%x' expects argument of type 'unsigned int', but argument 3 has type 'u32' [-Wformat=]
../src/helloworld.c:161:3: warning: format '%x' expects argument of type 'unsigned int', but argument 2 has type 'u32' [-Wformat=]
../src/helloworld.c:161:3: warning: format '%x' expects argument of type 'unsigned int', but argument 3 has type 'u32' [-Wformat=]
'Finished building: ../src/helloworld.c'
' '
'Building target: sram_sip.elf'
'Invoking: ARM v7 gcc linker'
arm-none-eabi-gcc -mcpu=cortex-a9 -mfpu=vfpv3 -mfloat-abi=hard -Wl,-build-id=none -specs=Xilinx.spec -Wl,-T -Wl,../src/lscript.ld -L../../sram_sip_bsp/ps7_cortexa9_0/lib -o "sram_sip.elf"  ./src/helloworld.o ./src/platform.o   -Wl,--start-group,-lxil,-lgcc,-lc,--end-group
'Finished building target: sram_sip.elf'
' '
'Invoking: ARM v7 Print Size'
arm-none-eabi-size sram_sip.elf  |tee "sram_sip.elf.size"
   text	   data	    bss	    dec	    hex	filename
 128088	   2588	  23340	 154016	  259a0	sram_sip.elf
'Finished building: sram_sip.elf.size'
' '
13:58:34 **** Auto Build of configuration Debug for project sram_sip ****
make pre-build main-build 
a9-linaro-pre-build-step
' '
'Building file: ../src/helloworld.c'
'Invoking: ARM v7 gcc compiler'
arm-none-eabi-gcc -Wall -O0 -g3 -c -fmessage-length=0 -MT"src/helloworld.o" -mcpu=cortex-a9 -mfpu=vfpv3 -mfloat-abi=hard -I../../sram_sip_bsp/ps7_cortexa9_0/include -MMD -MP -MF"src/helloworld.d" -MT"src/helloworld.o" -o "src/helloworld.o" "../src/helloworld.c"
../src/helloworld.c: In function 'write_all':
../src/helloworld.c:80:2: warning: format '%x' expects argument of type 'unsigned int', but argument 2 has type 'u32' [-Wformat=]
  printf("W_A %x\n\r",data); //format operation data address
  ^
../src/helloworld.c:80:2: warning: format '%x' expects argument of type 'unsigned int', but argument 2 has type 'u32' [-Wformat=]
../src/helloworld.c: In function 'write_one':
../src/helloworld.c:100:3: warning: format '%x' expects argument of type 'unsigned int', but argument 2 has type 'u32' [-Wformat=]
   printf("W_O %x %x\n\r",addr,data); //format operation data address
   ^
../src/helloworld.c:100:3: warning: format '%x' expects argument of type 'unsigned int', but argument 3 has type 'u32' [-Wformat=]
../src/helloworld.c:100:3: warning: format '%x' expects argument of type 'unsigned int', but argument 2 has type 'u32' [-Wformat=]
../src/helloworld.c:100:3: warning: format '%x' expects argument of type 'unsigned int', but argument 3 has type 'u32' [-Wformat=]
../src/helloworld.c: In function 'read_reg':
../src/helloworld.c:136:3: warning: format '%x' expects argument of type 'unsigned int', but argument 2 has type 'u32' [-Wformat=]
   printf("R_R %x %x\n\r",result_addr,result_data);
   ^
../src/helloworld.c:136:3: warning: format '%x' expects argument of type 'unsigned int', but argument 3 has type 'u32' [-Wformat=]
../src/helloworld.c:136:3: warning: format '%x' expects argument of type 'unsigned int', but argument 2 has type 'u32' [-Wformat=]
../src/helloworld.c:136:3: warning: format '%x' expects argument of type 'unsigned int', but argument 3 has type 'u32' [-Wformat=]
../src/helloworld.c: In function 'read_one':
../src/helloworld.c:161:3: warning: format '%x' expects argument of type 'unsigned int', but argument 2 has type 'u32' [-Wformat=]
   printf("R_O %x %x\n\r",result_addr,result_data);
   ^
../src/helloworld.c:161:3: warning: format '%x' expects argument of type 'unsigned int', but argument 3 has type 'u32' [-Wformat=]
../src/helloworld.c:161:3: warning: format '%x' expects argument of type 'unsigned int', but argument 2 has type 'u32' [-Wformat=]
../src/helloworld.c:161:3: warning: format '%x' expects argument of type 'unsigned int', but argument 3 has type 'u32' [-Wformat=]
'Finished building: ../src/helloworld.c'
' '
'Building target: sram_sip.elf'
'Invoking: ARM v7 gcc linker'
arm-none-eabi-gcc -mcpu=cortex-a9 -mfpu=vfpv3 -mfloat-abi=hard -Wl,-build-id=none -specs=Xilinx.spec -Wl,-T -Wl,../src/lscript.ld -L../../sram_sip_bsp/ps7_cortexa9_0/lib -o "sram_sip.elf"  ./src/helloworld.o ./src/platform.o   -Wl,--start-group,-lxil,-lgcc,-lc,--end-group
'Finished building target: sram_sip.elf'
' '
'Invoking: ARM v7 Print Size'
arm-none-eabi-size sram_sip.elf  |tee "sram_sip.elf.size"
   text	   data	    bss	    dec	    hex	filename
  78364	   2588	  23340	 104292	  19764	sram_sip.elf
'Finished building: sram_sip.elf.size'
' '
13:58:37 **** Incremental Build of configuration Debug for project sram_sip ****
make pre-build main-build 
a9-linaro-pre-build-step
' '
make: Nothing to be done for `main-build'.
14:05:34 **** Incremental Build of configuration Debug for project sram_sip ****
make pre-build main-build 
a9-linaro-pre-build-step
' '
make: Nothing to be done for `main-build'.
14:05:39 **** Incremental Build of configuration Debug for project sram_sip ****
make pre-build main-build 
a9-linaro-pre-build-step
' '
make: Nothing to be done for `main-build'.
14:14:02 **** Incremental Build of configuration Debug for project sram_sip ****
make pre-build main-build 
a9-linaro-pre-build-step
' '
make: Nothing to be done for `main-build'.
14:14:26 **** Incremental Build of configuration Debug for project sram_sip ****
make pre-build main-build 
a9-linaro-pre-build-step
' '
make: Nothing to be done for `main-build'.
14:22:14 **** Incremental Build of configuration Debug for project sram_sip ****
make pre-build main-build 
a9-linaro-pre-build-step
' '
make: Nothing to be done for `main-build'.
14:22:20 **** Incremental Build of configuration Debug for project sram_sip ****
make pre-build main-build 
a9-linaro-pre-build-step
' '
make: Nothing to be done for `main-build'.
08:46:59 **** Incremental Build of configuration Debug for project sram_sip ****
make pre-build main-build 
a9-linaro-pre-build-step
' '
make: Nothing to be done for `main-build'.
