12:16:09 **** Build of project sram_sip_bsp ****
make -k all 
"Running Make include in ps7_cortexa9_0/libsrc/coresightps_dcc_v1_2/src"
make -C ps7_cortexa9_0/libsrc/coresightps_dcc_v1_2/src -s include  "SHELL=CMD" "COMPILER=arm-none-eabi-gcc" "ARCHIVER=arm-none-eabi-ar" "COMPILER_FLAGS=  -O2 -c" "EXTRA_COMPILER_FLAGS=-mcpu=cortex-a9 -mfpu=vfpv3 -mfloat-abi=hard -nostartfiles"
"Running Make include in ps7_cortexa9_0/libsrc/cpu_cortexa9_v2_2/src"
make -C ps7_cortexa9_0/libsrc/cpu_cortexa9_v2_2/src -s include  "SHELL=CMD" "COMPILER=arm-none-eabi-gcc" "ARCHIVER=arm-none-eabi-ar" "COMPILER_FLAGS=  -O2 -c" "EXTRA_COMPILER_FLAGS=-mcpu=cortex-a9 -mfpu=vfpv3 -mfloat-abi=hard -nostartfiles"
"Running Make include in ps7_cortexa9_0/libsrc/ddrps_v1_0/src"
make -C ps7_cortexa9_0/libsrc/ddrps_v1_0/src -s include  "SHELL=CMD" "COMPILER=arm-none-eabi-gcc" "ARCHIVER=arm-none-eabi-ar" "COMPILER_FLAGS=  -O2 -c" "EXTRA_COMPILER_FLAGS=-mcpu=cortex-a9 -mfpu=vfpv3 -mfloat-abi=hard -nostartfiles"
"Running Make include in ps7_cortexa9_0/libsrc/devcfg_v3_4/src"
make -C ps7_cortexa9_0/libsrc/devcfg_v3_4/src -s include  "SHELL=CMD" "COMPILER=arm-none-eabi-gcc" "ARCHIVER=arm-none-eabi-ar" "COMPILER_FLAGS=  -O2 -c" "EXTRA_COMPILER_FLAGS=-mcpu=cortex-a9 -mfpu=vfpv3 -mfloat-abi=hard -nostartfiles"
"Running Make include in ps7_cortexa9_0/libsrc/dmaps_v2_1/src"
make -C ps7_cortexa9_0/libsrc/dmaps_v2_1/src -s include  "SHELL=CMD" "COMPILER=arm-none-eabi-gcc" "ARCHIVER=arm-none-eabi-ar" "COMPILER_FLAGS=  -O2 -c" "EXTRA_COMPILER_FLAGS=-mcpu=cortex-a9 -mfpu=vfpv3 -mfloat-abi=hard -nostartfiles"
"Running Make include in ps7_cortexa9_0/libsrc/emacps_v3_2/src"
make -C ps7_cortexa9_0/libsrc/emacps_v3_2/src -s include  "SHELL=CMD" "COMPILER=arm-none-eabi-gcc" "ARCHIVER=arm-none-eabi-ar" "COMPILER_FLAGS=  -O2 -c" "EXTRA_COMPILER_FLAGS=-mcpu=cortex-a9 -mfpu=vfpv3 -mfloat-abi=hard -nostartfiles"
"Running Make include in ps7_cortexa9_0/libsrc/gpiops_v3_1/src"
make -C ps7_cortexa9_0/libsrc/gpiops_v3_1/src -s include  "SHELL=CMD" "COMPILER=arm-none-eabi-gcc" "ARCHIVER=arm-none-eabi-ar" "COMPILER_FLAGS=  -O2 -c" "EXTRA_COMPILER_FLAGS=-mcpu=cortex-a9 -mfpu=vfpv3 -mfloat-abi=hard -nostartfiles"
"Running Make include in ps7_cortexa9_0/libsrc/qspips_v3_3/src"
make -C ps7_cortexa9_0/libsrc/qspips_v3_3/src -s include  "SHELL=CMD" "COMPILER=arm-none-eabi-gcc" "ARCHIVER=arm-none-eabi-ar" "COMPILER_FLAGS=  -O2 -c" "EXTRA_COMPILER_FLAGS=-mcpu=cortex-a9 -mfpu=vfpv3 -mfloat-abi=hard -nostartfiles"
"Running Make include in ps7_cortexa9_0/libsrc/scugic_v3_2/src"
make -C ps7_cortexa9_0/libsrc/scugic_v3_2/src -s include  "SHELL=CMD" "COMPILER=arm-none-eabi-gcc" "ARCHIVER=arm-none-eabi-ar" "COMPILER_FLAGS=  -O2 -c" "EXTRA_COMPILER_FLAGS=-mcpu=cortex-a9 -mfpu=vfpv3 -mfloat-abi=hard -nostartfiles"
"Running Make include in ps7_cortexa9_0/libsrc/scutimer_v2_1/src"
make -C ps7_cortexa9_0/libsrc/scutimer_v2_1/src -s include  "SHELL=CMD" "COMPILER=arm-none-eabi-gcc" "ARCHIVER=arm-none-eabi-ar" "COMPILER_FLAGS=  -O2 -c" "EXTRA_COMPILER_FLAGS=-mcpu=cortex-a9 -mfpu=vfpv3 -mfloat-abi=hard -nostartfiles"
"Running Make include in ps7_cortexa9_0/libsrc/scuwdt_v2_1/src"
make -C ps7_cortexa9_0/libsrc/scuwdt_v2_1/src -s include  "SHELL=CMD" "COMPILER=arm-none-eabi-gcc" "ARCHIVER=arm-none-eabi-ar" "COMPILER_FLAGS=  -O2 -c" "EXTRA_COMPILER_FLAGS=-mcpu=cortex-a9 -mfpu=vfpv3 -mfloat-abi=hard -nostartfiles"
"Running Make include in ps7_cortexa9_0/libsrc/sdps_v2_7/src"
make -C ps7_cortexa9_0/libsrc/sdps_v2_7/src -s include  "SHELL=CMD" "COMPILER=arm-none-eabi-gcc" "ARCHIVER=arm-none-eabi-ar" "COMPILER_FLAGS=  -O2 -c" "EXTRA_COMPILER_FLAGS=-mcpu=cortex-a9 -mfpu=vfpv3 -mfloat-abi=hard -nostartfiles"
"Running Make include in ps7_cortexa9_0/libsrc/sram_control_v1_0/src"
make -C ps7_cortexa9_0/libsrc/sram_control_v1_0/src -s include  "SHELL=CMD" "COMPILER=arm-none-eabi-gcc" "ARCHIVER=arm-none-eabi-ar" "COMPILER_FLAGS=  -O2 -c" "EXTRA_COMPILER_FLAGS=-mcpu=cortex-a9 -mfpu=vfpv3 -mfloat-abi=hard -nostartfiles"
"Running Make include in ps7_cortexa9_0/libsrc/standalone_v5_4/src"
make -C ps7_cortexa9_0/libsrc/standalone_v5_4/src -s include  "SHELL=CMD" "COMPILER=arm-none-eabi-gcc" "ARCHIVER=arm-none-eabi-ar" "COMPILER_FLAGS=  -O2 -c" "EXTRA_COMPILER_FLAGS=-mcpu=cortex-a9 -mfpu=vfpv3 -mfloat-abi=hard -nostartfiles"
"Running Make include in ps7_cortexa9_0/libsrc/uartps_v3_1/src"
make -C ps7_cortexa9_0/libsrc/uartps_v3_1/src -s include  "SHELL=CMD" "COMPILER=arm-none-eabi-gcc" "ARCHIVER=arm-none-eabi-ar" "COMPILER_FLAGS=  -O2 -c" "EXTRA_COMPILER_FLAGS=-mcpu=cortex-a9 -mfpu=vfpv3 -mfloat-abi=hard -nostartfiles"
"Running Make include in ps7_cortexa9_0/libsrc/usbps_v2_3/src"
make -C ps7_cortexa9_0/libsrc/usbps_v2_3/src -s include  "SHELL=CMD" "COMPILER=arm-none-eabi-gcc" "ARCHIVER=arm-none-eabi-ar" "COMPILER_FLAGS=  -O2 -c" "EXTRA_COMPILER_FLAGS=-mcpu=cortex-a9 -mfpu=vfpv3 -mfloat-abi=hard -nostartfiles"
"Running Make include in ps7_cortexa9_0/libsrc/xadcps_v2_2/src"
make -C ps7_cortexa9_0/libsrc/xadcps_v2_2/src -s include  "SHELL=CMD" "COMPILER=arm-none-eabi-gcc" "ARCHIVER=arm-none-eabi-ar" "COMPILER_FLAGS=  -O2 -c" "EXTRA_COMPILER_FLAGS=-mcpu=cortex-a9 -mfpu=vfpv3 -mfloat-abi=hard -nostartfiles"
"Running Make libs in ps7_cortexa9_0/libsrc/coresightps_dcc_v1_2/src"
make -C ps7_cortexa9_0/libsrc/coresightps_dcc_v1_2/src -s libs  "SHELL=CMD" "COMPILER=arm-none-eabi-gcc" "ARCHIVER=arm-none-eabi-ar" "COMPILER_FLAGS=  -O2 -c" "EXTRA_COMPILER_FLAGS=-mcpu=cortex-a9 -mfpu=vfpv3 -mfloat-abi=hard -nostartfiles"
"Compiling coresightps_dcc"
arm-none-eabi-ar: ÕýÔÚ´´½¨ ../../../lib/libxil.a
"Running Make libs in ps7_cortexa9_0/libsrc/cpu_cortexa9_v2_2/src"
make -C ps7_cortexa9_0/libsrc/cpu_cortexa9_v2_2/src -s libs  "SHELL=CMD" "COMPILER=arm-none-eabi-gcc" "ARCHIVER=arm-none-eabi-ar" "COMPILER_FLAGS=  -O2 -c" "EXTRA_COMPILER_FLAGS=-mcpu=cortex-a9 -mfpu=vfpv3 -mfloat-abi=hard -nostartfiles"
"Compiling cpu_cortexa9"
"Running Make libs in ps7_cortexa9_0/libsrc/ddrps_v1_0/src"
make -C ps7_cortexa9_0/libsrc/ddrps_v1_0/src -s libs  "SHELL=CMD" "COMPILER=arm-none-eabi-gcc" "ARCHIVER=arm-none-eabi-ar" "COMPILER_FLAGS=  -O2 -c" "EXTRA_COMPILER_FLAGS=-mcpu=cortex-a9 -mfpu=vfpv3 -mfloat-abi=hard -nostartfiles"
"Compiling ddrps"
"Running Make libs in ps7_cortexa9_0/libsrc/devcfg_v3_4/src"
make -C ps7_cortexa9_0/libsrc/devcfg_v3_4/src -s libs  "SHELL=CMD" "COMPILER=arm-none-eabi-gcc" "ARCHIVER=arm-none-eabi-ar" "COMPILER_FLAGS=  -O2 -c" "EXTRA_COMPILER_FLAGS=-mcpu=cortex-a9 -mfpu=vfpv3 -mfloat-abi=hard -nostartfiles"
"Compiling devcfg"
"Running Make libs in ps7_cortexa9_0/libsrc/dmaps_v2_1/src"
make -C ps7_cortexa9_0/libsrc/dmaps_v2_1/src -s libs  "SHELL=CMD" "COMPILER=arm-none-eabi-gcc" "ARCHIVER=arm-none-eabi-ar" "COMPILER_FLAGS=  -O2 -c" "EXTRA_COMPILER_FLAGS=-mcpu=cortex-a9 -mfpu=vfpv3 -mfloat-abi=hard -nostartfiles"
"Compiling dmaps"
"Running Make libs in ps7_cortexa9_0/libsrc/emacps_v3_2/src"
make -C ps7_cortexa9_0/libsrc/emacps_v3_2/src -s libs  "SHELL=CMD" "COMPILER=arm-none-eabi-gcc" "ARCHIVER=arm-none-eabi-ar" "COMPILER_FLAGS=  -O2 -c" "EXTRA_COMPILER_FLAGS=-mcpu=cortex-a9 -mfpu=vfpv3 -mfloat-abi=hard -nostartfiles"
"Compiling emacps"
"Running Make libs in ps7_cortexa9_0/libsrc/gpiops_v3_1/src"
make -C ps7_cortexa9_0/libsrc/gpiops_v3_1/src -s libs  "SHELL=CMD" "COMPILER=arm-none-eabi-gcc" "ARCHIVER=arm-none-eabi-ar" "COMPILER_FLAGS=  -O2 -c" "EXTRA_COMPILER_FLAGS=-mcpu=cortex-a9 -mfpu=vfpv3 -mfloat-abi=hard -nostartfiles"
"Compiling gpiops"
"Running Make libs in ps7_cortexa9_0/libsrc/qspips_v3_3/src"
make -C ps7_cortexa9_0/libsrc/qspips_v3_3/src -s libs  "SHELL=CMD" "COMPILER=arm-none-eabi-gcc" "ARCHIVER=arm-none-eabi-ar" "COMPILER_FLAGS=  -O2 -c" "EXTRA_COMPILER_FLAGS=-mcpu=cortex-a9 -mfpu=vfpv3 -mfloat-abi=hard -nostartfiles"
"Compiling qspips"
"Running Make libs in ps7_cortexa9_0/libsrc/scugic_v3_2/src"
make -C ps7_cortexa9_0/libsrc/scugic_v3_2/src -s libs  "SHELL=CMD" "COMPILER=arm-none-eabi-gcc" "ARCHIVER=arm-none-eabi-ar" "COMPILER_FLAGS=  -O2 -c" "EXTRA_COMPILER_FLAGS=-mcpu=cortex-a9 -mfpu=vfpv3 -mfloat-abi=hard -nostartfiles"
"Compiling scugic"
"Running Make libs in ps7_cortexa9_0/libsrc/scutimer_v2_1/src"
make -C ps7_cortexa9_0/libsrc/scutimer_v2_1/src -s libs  "SHELL=CMD" "COMPILER=arm-none-eabi-gcc" "ARCHIVER=arm-none-eabi-ar" "COMPILER_FLAGS=  -O2 -c" "EXTRA_COMPILER_FLAGS=-mcpu=cortex-a9 -mfpu=vfpv3 -mfloat-abi=hard -nostartfiles"
"Compiling scutimer"
"Running Make libs in ps7_cortexa9_0/libsrc/scuwdt_v2_1/src"
make -C ps7_cortexa9_0/libsrc/scuwdt_v2_1/src -s libs  "SHELL=CMD" "COMPILER=arm-none-eabi-gcc" "ARCHIVER=arm-none-eabi-ar" "COMPILER_FLAGS=  -O2 -c" "EXTRA_COMPILER_FLAGS=-mcpu=cortex-a9 -mfpu=vfpv3 -mfloat-abi=hard -nostartfiles"
"Compiling scuwdt"
"Running Make libs in ps7_cortexa9_0/libsrc/sdps_v2_7/src"
make -C ps7_cortexa9_0/libsrc/sdps_v2_7/src -s libs  "SHELL=CMD" "COMPILER=arm-none-eabi-gcc" "ARCHIVER=arm-none-eabi-ar" "COMPILER_FLAGS=  -O2 -c" "EXTRA_COMPILER_FLAGS=-mcpu=cortex-a9 -mfpu=vfpv3 -mfloat-abi=hard -nostartfiles"
"Compiling sdps"
"Running Make libs in ps7_cortexa9_0/libsrc/sram_control_v1_0/src"
make -C ps7_cortexa9_0/libsrc/sram_control_v1_0/src -s libs  "SHELL=CMD" "COMPILER=arm-none-eabi-gcc" "ARCHIVER=arm-none-eabi-ar" "COMPILER_FLAGS=  -O2 -c" "EXTRA_COMPILER_FLAGS=-mcpu=cortex-a9 -mfpu=vfpv3 -mfloat-abi=hard -nostartfiles"
"Compiling sram_control..."
"Running Make libs in ps7_cortexa9_0/libsrc/standalone_v5_4/src"
make -C ps7_cortexa9_0/libsrc/standalone_v5_4/src -s libs  "SHELL=CMD" "COMPILER=arm-none-eabi-gcc" "ARCHIVER=arm-none-eabi-ar" "COMPILER_FLAGS=  -O2 -c" "EXTRA_COMPILER_FLAGS=-mcpu=cortex-a9 -mfpu=vfpv3 -mfloat-abi=hard -nostartfiles"
"Compiling standalone"
"Running Make libs in ps7_cortexa9_0/libsrc/uartps_v3_1/src"
make -C ps7_cortexa9_0/libsrc/uartps_v3_1/src -s libs  "SHELL=CMD" "COMPILER=arm-none-eabi-gcc" "ARCHIVER=arm-none-eabi-ar" "COMPILER_FLAGS=  -O2 -c" "EXTRA_COMPILER_FLAGS=-mcpu=cortex-a9 -mfpu=vfpv3 -mfloat-abi=hard -nostartfiles"
"Compiling uartps"
"Running Make libs in ps7_cortexa9_0/libsrc/usbps_v2_3/src"
make -C ps7_cortexa9_0/libsrc/usbps_v2_3/src -s libs  "SHELL=CMD" "COMPILER=arm-none-eabi-gcc" "ARCHIVER=arm-none-eabi-ar" "COMPILER_FLAGS=  -O2 -c" "EXTRA_COMPILER_FLAGS=-mcpu=cortex-a9 -mfpu=vfpv3 -mfloat-abi=hard -nostartfiles"
"Compiling usbps"
"Running Make libs in ps7_cortexa9_0/libsrc/xadcps_v2_2/src"
make -C ps7_cortexa9_0/libsrc/xadcps_v2_2/src -s libs  "SHELL=CMD" "COMPILER=arm-none-eabi-gcc" "ARCHIVER=arm-none-eabi-ar" "COMPILER_FLAGS=  -O2 -c" "EXTRA_COMPILER_FLAGS=-mcpu=cortex-a9 -mfpu=vfpv3 -mfloat-abi=hard -nostartfiles"
"Compiling xadcps"
'Finished building libraries'
12:17:18 **** Build of configuration Debug for project sram_sip ****
make pre-build main-build 
a9-linaro-pre-build-step
' '
'Building file: ../src/helloworld.c'
'Invoking: ARM v7 gcc compiler'
arm-none-eabi-gcc -Wall -O0 -g3 -c -fmessage-length=0 -MT"src/helloworld.o" -mcpu=cortex-a9 -mfpu=vfpv3 -mfloat-abi=hard -I../../sram_sip_bsp/ps7_cortexa9_0/include -MMD -MP -MF"src/helloworld.d" -MT"src/helloworld.o" -o "src/helloworld.o" "../src/helloworld.c"
'Finished building: ../src/helloworld.c'
' '
'Building file: ../src/platform.c'
'Invoking: ARM v7 gcc compiler'
arm-none-eabi-gcc -Wall -O0 -g3 -c -fmessage-length=0 -MT"src/platform.o" -mcpu=cortex-a9 -mfpu=vfpv3 -mfloat-abi=hard -I../../sram_sip_bsp/ps7_cortexa9_0/include -MMD -MP -MF"src/platform.d" -MT"src/platform.o" -o "src/platform.o" "../src/platform.c"
'Finished building: ../src/platform.c'
' '
'Building target: sram_sip.elf'
'Invoking: ARM v7 gcc linker'
arm-none-eabi-gcc -mcpu=cortex-a9 -mfpu=vfpv3 -mfloat-abi=hard -Wl,-build-id=none -specs=Xilinx.spec -Wl,-T -Wl,../src/lscript.ld -L../../sram_sip_bsp/ps7_cortexa9_0/lib -o "sram_sip.elf"  ./src/helloworld.o ./src/platform.o   -Wl,--start-group,-lxil,-lgcc,-lc,--end-group
'Finished building target: sram_sip.elf'
' '
'Invoking: ARM v7 Print Size'
arm-none-eabi-size sram_sip.elf  |tee "sram_sip.elf.size"
   text	   data	    bss	    dec	    hex	filename
  22960	   1152	  22580	  46692	   b664	sram_sip.elf
'Finished building: sram_sip.elf.size'
' '
12:23:02 **** Auto Build of configuration Debug for project sram_sip ****
make pre-build main-build 
a9-linaro-pre-build-step
' '
'Building file: ../src/helloworld.c'
'Invoking: ARM v7 gcc compiler'
arm-none-eabi-gcc -Wall -O0 -g3 -c -fmessage-length=0 -MT"src/helloworld.o" -mcpu=cortex-a9 -mfpu=vfpv3 -mfloat-abi=hard -I../../sram_sip_bsp/ps7_cortexa9_0/include -MMD -MP -MF"src/helloworld.d" -MT"src/helloworld.o" -o "src/helloworld.o" "../src/helloworld.c"
'Finished building: ../src/helloworld.c'
' '
'Building target: sram_sip.elf'
'Invoking: ARM v7 gcc linker'
arm-none-eabi-gcc -mcpu=cortex-a9 -mfpu=vfpv3 -mfloat-abi=hard -Wl,-build-id=none -specs=Xilinx.spec -Wl,-T -Wl,../src/lscript.ld -L../../sram_sip_bsp/ps7_cortexa9_0/lib -o "sram_sip.elf"  ./src/helloworld.o ./src/platform.o   -Wl,--start-group,-lxil,-lgcc,-lc,--end-group
'Finished building target: sram_sip.elf'
' '
'Invoking: ARM v7 Print Size'
arm-none-eabi-size sram_sip.elf  |tee "sram_sip.elf.size"
   text	   data	    bss	    dec	    hex	filename
  22960	   1152	  22580	  46692	   b664	sram_sip.elf
'Finished building: sram_sip.elf.size'
' '
12:26:41 **** Auto Build of configuration Debug for project sram_sip ****
make pre-build main-build 
a9-linaro-pre-build-step
' '
'Building file: ../src/helloworld.c'
'Invoking: ARM v7 gcc compiler'
arm-none-eabi-gcc -Wall -O0 -g3 -c -fmessage-length=0 -MT"src/helloworld.o" -mcpu=cortex-a9 -mfpu=vfpv3 -mfloat-abi=hard -I../../sram_sip_bsp/ps7_cortexa9_0/include -MMD -MP -MF"src/helloworld.d" -MT"src/helloworld.o" -o "src/helloworld.o" "../src/helloworld.c"
../src/helloworld.c: In function 'main':
../src/helloworld.c:71:9: warning: unused variable 'status' [-Wunused-variable]
     u32 status;
         ^
'Finished building: ../src/helloworld.c'
' '
'Building target: sram_sip.elf'
'Invoking: ARM v7 gcc linker'
arm-none-eabi-gcc -mcpu=cortex-a9 -mfpu=vfpv3 -mfloat-abi=hard -Wl,-build-id=none -specs=Xilinx.spec -Wl,-T -Wl,../src/lscript.ld -L../../sram_sip_bsp/ps7_cortexa9_0/lib -o "sram_sip.elf"  ./src/helloworld.o ./src/platform.o   -Wl,--start-group,-lxil,-lgcc,-lc,--end-group
'Finished building target: sram_sip.elf'
' '
'Invoking: ARM v7 Print Size'
arm-none-eabi-size sram_sip.elf  |tee "sram_sip.elf.size"
   text	   data	    bss	    dec	    hex	filename
  23040	   1152	  22580	  46772	   b6b4	sram_sip.elf
'Finished building: sram_sip.elf.size'
' '
12:29:18 **** Auto Build of configuration Debug for project sram_sip ****
make pre-build main-build 
a9-linaro-pre-build-step
' '
'Building file: ../src/helloworld.c'
'Invoking: ARM v7 gcc compiler'
arm-none-eabi-gcc -Wall -O0 -g3 -c -fmessage-length=0 -MT"src/helloworld.o" -mcpu=cortex-a9 -mfpu=vfpv3 -mfloat-abi=hard -I../../sram_sip_bsp/ps7_cortexa9_0/include -MMD -MP -MF"src/helloworld.d" -MT"src/helloworld.o" -o "src/helloworld.o" "../src/helloworld.c"
../src/helloworld.c: In function 'main':
../src/helloworld.c:81:5: warning: format '%x' expects argument of type 'unsigned int', but argument 2 has type 'u32' [-Wformat=]
     printf("status=%x\n",status);
     ^
../src/helloworld.c:81:5: warning: format '%x' expects argument of type 'unsigned int', but argument 2 has type 'u32' [-Wformat=]
'Finished building: ../src/helloworld.c'
' '
'Building target: sram_sip.elf'
'Invoking: ARM v7 gcc linker'
arm-none-eabi-gcc -mcpu=cortex-a9 -mfpu=vfpv3 -mfloat-abi=hard -Wl,-build-id=none -specs=Xilinx.spec -Wl,-T -Wl,../src/lscript.ld -L../../sram_sip_bsp/ps7_cortexa9_0/lib -o "sram_sip.elf"  ./src/helloworld.o ./src/platform.o   -Wl,--start-group,-lxil,-lgcc,-lc,--end-group
'Finished building target: sram_sip.elf'
' '
'Invoking: ARM v7 Print Size'
arm-none-eabi-size sram_sip.elf  |tee "sram_sip.elf.size"
   text	   data	    bss	    dec	    hex	filename
  75660	   2588	  23340	 101588	  18cd4	sram_sip.elf
'Finished building: sram_sip.elf.size'
' '
12:30:36 **** Auto Build of configuration Debug for project sram_sip ****
make pre-build main-build 
a9-linaro-pre-build-step
' '
'Building file: ../src/helloworld.c'
'Invoking: ARM v7 gcc compiler'
arm-none-eabi-gcc -Wall -O0 -g3 -c -fmessage-length=0 -MT"src/helloworld.o" -mcpu=cortex-a9 -mfpu=vfpv3 -mfloat-abi=hard -I../../sram_sip_bsp/ps7_cortexa9_0/include -MMD -MP -MF"src/helloworld.d" -MT"src/helloworld.o" -o "src/helloworld.o" "../src/helloworld.c"
../src/helloworld.c: In function 'main':
../src/helloworld.c:81:5: warning: format '%x' expects argument of type 'unsigned int', but argument 2 has type 'u32' [-Wformat=]
     printf("status=%x\n\r",status);
     ^
../src/helloworld.c:81:5: warning: format '%x' expects argument of type 'unsigned int', but argument 2 has type 'u32' [-Wformat=]
../src/helloworld.c:88:5: warning: format '%x' expects argument of type 'unsigned int', but argument 2 has type 'u32' [-Wformat=]
     printf("data=%x,addr=%x\n\r",data,addr);
     ^
../src/helloworld.c:88:5: warning: format '%x' expects argument of type 'unsigned int', but argument 3 has type 'u32' [-Wformat=]
../src/helloworld.c:88:5: warning: format '%x' expects argument of type 'unsigned int', but argument 2 has type 'u32' [-Wformat=]
../src/helloworld.c:88:5: warning: format '%x' expects argument of type 'unsigned int', but argument 3 has type 'u32' [-Wformat=]
'Finished building: ../src/helloworld.c'
' '
'Building target: sram_sip.elf'
'Invoking: ARM v7 gcc linker'
arm-none-eabi-gcc -mcpu=cortex-a9 -mfpu=vfpv3 -mfloat-abi=hard -Wl,-build-id=none -specs=Xilinx.spec -Wl,-T -Wl,../src/lscript.ld -L../../sram_sip_bsp/ps7_cortexa9_0/lib -o "sram_sip.elf"  ./src/helloworld.o ./src/platform.o   -Wl,--start-group,-lxil,-lgcc,-lc,--end-group
'Finished building target: sram_sip.elf'
' '
'Invoking: ARM v7 Print Size'
arm-none-eabi-size sram_sip.elf  |tee "sram_sip.elf.size"
   text	   data	    bss	    dec	    hex	filename
  75740	   2588	  23340	 101668	  18d24	sram_sip.elf
'Finished building: sram_sip.elf.size'
' '
12:30:43 **** Incremental Build of configuration Debug for project sram_sip ****
make pre-build main-build 
a9-linaro-pre-build-step
' '
make: Nothing to be done for `main-build'.
12:31:01 **** Incremental Build of configuration Debug for project sram_sip ****
make pre-build main-build 
a9-linaro-pre-build-step
' '
make: Nothing to be done for `main-build'.
12:31:37 **** Incremental Build of configuration Debug for project sram_sip ****
make pre-build main-build 
a9-linaro-pre-build-step
' '
make: Nothing to be done for `main-build'.
12:35:10 **** Auto Build of configuration Debug for project sram_sip ****
make pre-build main-build 
a9-linaro-pre-build-step
' '
'Building file: ../src/helloworld.c'
'Invoking: ARM v7 gcc compiler'
arm-none-eabi-gcc -Wall -O0 -g3 -c -fmessage-length=0 -MT"src/helloworld.o" -mcpu=cortex-a9 -mfpu=vfpv3 -mfloat-abi=hard -I../../sram_sip_bsp/ps7_cortexa9_0/include -MMD -MP -MF"src/helloworld.d" -MT"src/helloworld.o" -o "src/helloworld.o" "../src/helloworld.c"
../src/helloworld.c: In function 'main':
../src/helloworld.c:81:5: warning: format '%x' expects argument of type 'unsigned int', but argument 2 has type 'u32' [-Wformat=]
     printf("status=%x\n\r",status);
     ^
../src/helloworld.c:81:5: warning: format '%x' expects argument of type 'unsigned int', but argument 2 has type 'u32' [-Wformat=]
../src/helloworld.c:88:5: warning: format '%x' expects argument of type 'unsigned int', but argument 2 has type 'u32' [-Wformat=]
     printf("data=%x,addr=%x\n\r",data,addr);
     ^
../src/helloworld.c:88:5: warning: format '%x' expects argument of type 'unsigned int', but argument 3 has type 'u32' [-Wformat=]
../src/helloworld.c:88:5: warning: format '%x' expects argument of type 'unsigned int', but argument 2 has type 'u32' [-Wformat=]
../src/helloworld.c:88:5: warning: format '%x' expects argument of type 'unsigned int', but argument 3 has type 'u32' [-Wformat=]
../src/helloworld.c:96:5: warning: format '%x' expects argument of type 'unsigned int', but argument 2 has type 'u32' [-Wformat=]
     printf("data=%x,addr=%x\n\r",data,addr);
     ^
../src/helloworld.c:96:5: warning: format '%x' expects argument of type 'unsigned int', but argument 3 has type 'u32' [-Wformat=]
../src/helloworld.c:96:5: warning: format '%x' expects argument of type 'unsigned int', but argument 2 has type 'u32' [-Wformat=]
../src/helloworld.c:96:5: warning: format '%x' expects argument of type 'unsigned int', but argument 3 has type 'u32' [-Wformat=]
../src/helloworld.c:104:5: warning: format '%x' expects argument of type 'unsigned int', but argument 2 has type 'u32' [-Wformat=]
     printf("data=%x,addr=%x\n\r",data,addr);
     ^
../src/helloworld.c:104:5: warning: format '%x' expects argument of type 'unsigned int', but argument 3 has type 'u32' [-Wformat=]
../src/helloworld.c:104:5: warning: format '%x' expects argument of type 'unsigned int', but argument 2 has type 'u32' [-Wformat=]
../src/helloworld.c:104:5: warning: format '%x' expects argument of type 'unsigned int', but argument 3 has type 'u32' [-Wformat=]
'Finished building: ../src/helloworld.c'
' '
'Building target: sram_sip.elf'
'Invoking: ARM v7 gcc linker'
arm-none-eabi-gcc -mcpu=cortex-a9 -mfpu=vfpv3 -mfloat-abi=hard -Wl,-build-id=none -specs=Xilinx.spec -Wl,-T -Wl,../src/lscript.ld -L../../sram_sip_bsp/ps7_cortexa9_0/lib -o "sram_sip.elf"  ./src/helloworld.o ./src/platform.o   -Wl,--start-group,-lxil,-lgcc,-lc,--end-group
'Finished building target: sram_sip.elf'
' '
'Invoking: ARM v7 Print Size'
arm-none-eabi-size sram_sip.elf  |tee "sram_sip.elf.size"
   text	   data	    bss	    dec	    hex	filename
  76060	   2588	  23340	 101988	  18e64	sram_sip.elf
'Finished building: sram_sip.elf.size'
' '
12:35:14 **** Incremental Build of configuration Debug for project sram_sip ****
make pre-build main-build 
a9-linaro-pre-build-step
' '
make: Nothing to be done for `main-build'.
12:35:25 **** Incremental Build of configuration Debug for project sram_sip ****
make pre-build main-build 
a9-linaro-pre-build-step
' '
make: Nothing to be done for `main-build'.
12:35:31 **** Incremental Build of configuration Debug for project sram_sip ****
make pre-build main-build 
a9-linaro-pre-build-step
' '
make: Nothing to be done for `main-build'.
12:36:36 **** Auto Build of configuration Debug for project sram_sip ****
make pre-build main-build 
a9-linaro-pre-build-step
' '
'Building file: ../src/helloworld.c'
'Invoking: ARM v7 gcc compiler'
arm-none-eabi-gcc -Wall -O0 -g3 -c -fmessage-length=0 -MT"src/helloworld.o" -mcpu=cortex-a9 -mfpu=vfpv3 -mfloat-abi=hard -I../../sram_sip_bsp/ps7_cortexa9_0/include -MMD -MP -MF"src/helloworld.d" -MT"src/helloworld.o" -o "src/helloworld.o" "../src/helloworld.c"
../src/helloworld.c: In function 'main':
../src/helloworld.c:81:5: warning: format '%x' expects argument of type 'unsigned int', but argument 2 has type 'u32' [-Wformat=]
     printf("status=%x\n\r",status);
     ^
../src/helloworld.c:81:5: warning: format '%x' expects argument of type 'unsigned int', but argument 2 has type 'u32' [-Wformat=]
../src/helloworld.c:88:5: warning: format '%x' expects argument of type 'unsigned int', but argument 2 has type 'u32' [-Wformat=]
     printf("data=%x,addr=%x\n\r",data,addr);
     ^
../src/helloworld.c:88:5: warning: format '%x' expects argument of type 'unsigned int', but argument 3 has type 'u32' [-Wformat=]
../src/helloworld.c:88:5: warning: format '%x' expects argument of type 'unsigned int', but argument 2 has type 'u32' [-Wformat=]
../src/helloworld.c:88:5: warning: format '%x' expects argument of type 'unsigned int', but argument 3 has type 'u32' [-Wformat=]
../src/helloworld.c:96:5: warning: format '%x' expects argument of type 'unsigned int', but argument 2 has type 'u32' [-Wformat=]
     printf("data=%x,addr=%x\n\r",data,addr);
     ^
../src/helloworld.c:96:5: warning: format '%x' expects argument of type 'unsigned int', but argument 3 has type 'u32' [-Wformat=]
../src/helloworld.c:96:5: warning: format '%x' expects argument of type 'unsigned int', but argument 2 has type 'u32' [-Wformat=]
../src/helloworld.c:96:5: warning: format '%x' expects argument of type 'unsigned int', but argument 3 has type 'u32' [-Wformat=]
../src/helloworld.c:104:5: warning: format '%x' expects argument of type 'unsigned int', but argument 2 has type 'u32' [-Wformat=]
     printf("data=%x,addr=%x\n\r",data,addr);
     ^
../src/helloworld.c:104:5: warning: format '%x' expects argument of type 'unsigned int', but argument 3 has type 'u32' [-Wformat=]
../src/helloworld.c:104:5: warning: format '%x' expects argument of type 'unsigned int', but argument 2 has type 'u32' [-Wformat=]
../src/helloworld.c:104:5: warning: format '%x' expects argument of type 'unsigned int', but argument 3 has type 'u32' [-Wformat=]
'Finished building: ../src/helloworld.c'
' '
'Building target: sram_sip.elf'
'Invoking: ARM v7 gcc linker'
arm-none-eabi-gcc -mcpu=cortex-a9 -mfpu=vfpv3 -mfloat-abi=hard -Wl,-build-id=none -specs=Xilinx.spec -Wl,-T -Wl,../src/lscript.ld -L../../sram_sip_bsp/ps7_cortexa9_0/lib -o "sram_sip.elf"  ./src/helloworld.o ./src/platform.o   -Wl,--start-group,-lxil,-lgcc,-lc,--end-group
'Finished building target: sram_sip.elf'
' '
'Invoking: ARM v7 Print Size'
arm-none-eabi-size sram_sip.elf  |tee "sram_sip.elf.size"
   text	   data	    bss	    dec	    hex	filename
  76060	   2588	  23340	 101988	  18e64	sram_sip.elf
'Finished building: sram_sip.elf.size'
' '
12:36:40 **** Incremental Build of configuration Debug for project sram_sip ****
make pre-build main-build 
a9-linaro-pre-build-step
' '
make: Nothing to be done for `main-build'.
12:36:48 **** Incremental Build of configuration Debug for project sram_sip ****
make pre-build main-build 
a9-linaro-pre-build-step
' '
make: Nothing to be done for `main-build'.
12:45:51 **** Auto Build of configuration Debug for project sram_sip ****
make pre-build main-build 
a9-linaro-pre-build-step
' '
'Building file: ../src/helloworld.c'
'Invoking: ARM v7 gcc compiler'
arm-none-eabi-gcc -Wall -O0 -g3 -c -fmessage-length=0 -MT"src/helloworld.o" -mcpu=cortex-a9 -mfpu=vfpv3 -mfloat-abi=hard -I../../sram_sip_bsp/ps7_cortexa9_0/include -MMD -MP -MF"src/helloworld.d" -MT"src/helloworld.o" -o "src/helloworld.o" "../src/helloworld.c"
../src/helloworld.c: In function 'main':
../src/helloworld.c:85:5: warning: format '%x' expects argument of type 'unsigned int', but argument 2 has type 'u32' [-Wformat=]
     printf("status=%x\n\r",status);
     ^
../src/helloworld.c:85:5: warning: format '%x' expects argument of type 'unsigned int', but argument 2 has type 'u32' [-Wformat=]
../src/helloworld.c:92:5: warning: format '%x' expects argument of type 'unsigned int', but argument 2 has type 'u32' [-Wformat=]
     printf("data=%x,addr=%x\n\r",data,addr);
     ^
../src/helloworld.c:92:5: warning: format '%x' expects argument of type 'unsigned int', but argument 3 has type 'u32' [-Wformat=]
../src/helloworld.c:92:5: warning: format '%x' expects argument of type 'unsigned int', but argument 2 has type 'u32' [-Wformat=]
../src/helloworld.c:92:5: warning: format '%x' expects argument of type 'unsigned int', but argument 3 has type 'u32' [-Wformat=]
../src/helloworld.c:100:5: warning: format '%x' expects argument of type 'unsigned int', but argument 2 has type 'u32' [-Wformat=]
     printf("data=%x,addr=%x\n\r",data,addr);
     ^
../src/helloworld.c:100:5: warning: format '%x' expects argument of type 'unsigned int', but argument 3 has type 'u32' [-Wformat=]
../src/helloworld.c:100:5: warning: format '%x' expects argument of type 'unsigned int', but argument 2 has type 'u32' [-Wformat=]
../src/helloworld.c:100:5: warning: format '%x' expects argument of type 'unsigned int', but argument 3 has type 'u32' [-Wformat=]
../src/helloworld.c:108:5: warning: format '%x' expects argument of type 'unsigned int', but argument 2 has type 'u32' [-Wformat=]
     printf("data=%x,addr=%x\n\r",data,addr);
     ^
../src/helloworld.c:108:5: warning: format '%x' expects argument of type 'unsigned int', but argument 3 has type 'u32' [-Wformat=]
../src/helloworld.c:108:5: warning: format '%x' expects argument of type 'unsigned int', but argument 2 has type 'u32' [-Wformat=]
../src/helloworld.c:108:5: warning: format '%x' expects argument of type 'unsigned int', but argument 3 has type 'u32' [-Wformat=]
'Finished building: ../src/helloworld.c'
' '
'Building target: sram_sip.elf'
'Invoking: ARM v7 gcc linker'
arm-none-eabi-gcc -mcpu=cortex-a9 -mfpu=vfpv3 -mfloat-abi=hard -Wl,-build-id=none -specs=Xilinx.spec -Wl,-T -Wl,../src/lscript.ld -L../../sram_sip_bsp/ps7_cortexa9_0/lib -o "sram_sip.elf"  ./src/helloworld.o ./src/platform.o   -Wl,--start-group,-lxil,-lgcc,-lc,--end-group
'Finished building target: sram_sip.elf'
' '
'Invoking: ARM v7 Print Size'
arm-none-eabi-size sram_sip.elf  |tee "sram_sip.elf.size"
   text	   data	    bss	    dec	    hex	filename
  76060	   2588	  23340	 101988	  18e64	sram_sip.elf
'Finished building: sram_sip.elf.size'
' '
12:46:16 **** Auto Build of configuration Debug for project sram_sip ****
make pre-build main-build 
a9-linaro-pre-build-step
' '
'Building file: ../src/helloworld.c'
'Invoking: ARM v7 gcc compiler'
arm-none-eabi-gcc -Wall -O0 -g3 -c -fmessage-length=0 -MT"src/helloworld.o" -mcpu=cortex-a9 -mfpu=vfpv3 -mfloat-abi=hard -I../../sram_sip_bsp/ps7_cortexa9_0/include -MMD -MP -MF"src/helloworld.d" -MT"src/helloworld.o" -o "src/helloworld.o" "../src/helloworld.c"
../src/helloworld.c: In function 'main':
../src/helloworld.c:85:5: warning: format '%x' expects argument of type 'unsigned int', but argument 2 has type 'u32' [-Wformat=]
     printf("status=%x\n\r",status);
     ^
../src/helloworld.c:85:5: warning: format '%x' expects argument of type 'unsigned int', but argument 2 has type 'u32' [-Wformat=]
../src/helloworld.c:92:5: warning: format '%x' expects argument of type 'unsigned int', but argument 2 has type 'u32' [-Wformat=]
     printf("data=%x,addr=%x\n\r",data,addr);
     ^
../src/helloworld.c:92:5: warning: format '%x' expects argument of type 'unsigned int', but argument 3 has type 'u32' [-Wformat=]
../src/helloworld.c:92:5: warning: format '%x' expects argument of type 'unsigned int', but argument 2 has type 'u32' [-Wformat=]
../src/helloworld.c:92:5: warning: format '%x' expects argument of type 'unsigned int', but argument 3 has type 'u32' [-Wformat=]
../src/helloworld.c:100:5: warning: format '%x' expects argument of type 'unsigned int', but argument 2 has type 'u32' [-Wformat=]
     printf("data=%x,addr=%x\n\r",data,addr);
     ^
../src/helloworld.c:100:5: warning: format '%x' expects argument of type 'unsigned int', but argument 3 has type 'u32' [-Wformat=]
../src/helloworld.c:100:5: warning: format '%x' expects argument of type 'unsigned int', but argument 2 has type 'u32' [-Wformat=]
../src/helloworld.c:100:5: warning: format '%x' expects argument of type 'unsigned int', but argument 3 has type 'u32' [-Wformat=]
../src/helloworld.c:108:5: warning: format '%x' expects argument of type 'unsigned int', but argument 2 has type 'u32' [-Wformat=]
     printf("data=%x,addr=%x\n\r",data,addr);
     ^
../src/helloworld.c:108:5: warning: format '%x' expects argument of type 'unsigned int', but argument 3 has type 'u32' [-Wformat=]
../src/helloworld.c:108:5: warning: format '%x' expects argument of type 'unsigned int', but argument 2 has type 'u32' [-Wformat=]
../src/helloworld.c:108:5: warning: format '%x' expects argument of type 'unsigned int', but argument 3 has type 'u32' [-Wformat=]
'Finished building: ../src/helloworld.c'
' '
'Building target: sram_sip.elf'
'Invoking: ARM v7 gcc linker'
arm-none-eabi-gcc -mcpu=cortex-a9 -mfpu=vfpv3 -mfloat-abi=hard -Wl,-build-id=none -specs=Xilinx.spec -Wl,-T -Wl,../src/lscript.ld -L../../sram_sip_bsp/ps7_cortexa9_0/lib -o "sram_sip.elf"  ./src/helloworld.o ./src/platform.o   -Wl,--start-group,-lxil,-lgcc,-lc,--end-group
'Finished building target: sram_sip.elf'
' '
'Invoking: ARM v7 Print Size'
arm-none-eabi-size sram_sip.elf  |tee "sram_sip.elf.size"
   text	   data	    bss	    dec	    hex	filename
  76060	   2588	  23340	 101988	  18e64	sram_sip.elf
'Finished building: sram_sip.elf.size'
' '
12:49:53 **** Auto Build of configuration Debug for project sram_sip ****
make pre-build main-build 
a9-linaro-pre-build-step
' '
'Building file: ../src/helloworld.c'
'Invoking: ARM v7 gcc compiler'
arm-none-eabi-gcc -Wall -O0 -g3 -c -fmessage-length=0 -MT"src/helloworld.o" -mcpu=cortex-a9 -mfpu=vfpv3 -mfloat-abi=hard -I../../sram_sip_bsp/ps7_cortexa9_0/include -MMD -MP -MF"src/helloworld.d" -MT"src/helloworld.o" -o "src/helloworld.o" "../src/helloworld.c"
../src/helloworld.c: In function 'main':
../src/helloworld.c:102:5: warning: format '%x' expects argument of type 'unsigned int', but argument 2 has type 'u32' [-Wformat=]
     printf("status=%x\n\r",status);
     ^
../src/helloworld.c:102:5: warning: format '%x' expects argument of type 'unsigned int', but argument 2 has type 'u32' [-Wformat=]
../src/helloworld.c:109:5: warning: format '%x' expects argument of type 'unsigned int', but argument 2 has type 'u32' [-Wformat=]
     printf("data=%x,addr=%x\n\r",data,addr);
     ^
../src/helloworld.c:109:5: warning: format '%x' expects argument of type 'unsigned int', but argument 3 has type 'u32' [-Wformat=]
../src/helloworld.c:109:5: warning: format '%x' expects argument of type 'unsigned int', but argument 2 has type 'u32' [-Wformat=]
../src/helloworld.c:109:5: warning: format '%x' expects argument of type 'unsigned int', but argument 3 has type 'u32' [-Wformat=]
../src/helloworld.c:117:5: warning: format '%x' expects argument of type 'unsigned int', but argument 2 has type 'u32' [-Wformat=]
     printf("data=%x,addr=%x\n\r",data,addr);
     ^
../src/helloworld.c:117:5: warning: format '%x' expects argument of type 'unsigned int', but argument 3 has type 'u32' [-Wformat=]
../src/helloworld.c:117:5: warning: format '%x' expects argument of type 'unsigned int', but argument 2 has type 'u32' [-Wformat=]
../src/helloworld.c:117:5: warning: format '%x' expects argument of type 'unsigned int', but argument 3 has type 'u32' [-Wformat=]
../src/helloworld.c:125:5: warning: format '%x' expects argument of type 'unsigned int', but argument 2 has type 'u32' [-Wformat=]
     printf("data=%x,addr=%x\n\r",data,addr);
     ^
../src/helloworld.c:125:5: warning: format '%x' expects argument of type 'unsigned int', but argument 3 has type 'u32' [-Wformat=]
../src/helloworld.c:125:5: warning: format '%x' expects argument of type 'unsigned int', but argument 2 has type 'u32' [-Wformat=]
../src/helloworld.c:125:5: warning: format '%x' expects argument of type 'unsigned int', but argument 3 has type 'u32' [-Wformat=]
'Finished building: ../src/helloworld.c'
' '
'Building target: sram_sip.elf'
'Invoking: ARM v7 gcc linker'
arm-none-eabi-gcc -mcpu=cortex-a9 -mfpu=vfpv3 -mfloat-abi=hard -Wl,-build-id=none -specs=Xilinx.spec -Wl,-T -Wl,../src/lscript.ld -L../../sram_sip_bsp/ps7_cortexa9_0/lib -o "sram_sip.elf"  ./src/helloworld.o ./src/platform.o   -Wl,--start-group,-lxil,-lgcc,-lc,--end-group
'Finished building target: sram_sip.elf'
' '
'Invoking: ARM v7 Print Size'
arm-none-eabi-size sram_sip.elf  |tee "sram_sip.elf.size"
   text	   data	    bss	    dec	    hex	filename
  76060	   2588	  23340	 101988	  18e64	sram_sip.elf
'Finished building: sram_sip.elf.size'
' '
12:56:29 **** Auto Build of configuration Debug for project sram_sip ****
make pre-build main-build 
a9-linaro-pre-build-step
' '
'Building file: ../src/helloworld.c'
'Invoking: ARM v7 gcc compiler'
arm-none-eabi-gcc -Wall -O0 -g3 -c -fmessage-length=0 -MT"src/helloworld.o" -mcpu=cortex-a9 -mfpu=vfpv3 -mfloat-abi=hard -I../../sram_sip_bsp/ps7_cortexa9_0/include -MMD -MP -MF"src/helloworld.d" -MT"src/helloworld.o" -o "src/helloworld.o" "../src/helloworld.c"
../src/helloworld.c: In function 'main':
../src/helloworld.c:115:5: warning: format '%x' expects argument of type 'unsigned int', but argument 2 has type 'u32' [-Wformat=]
     printf("status=%x\n\r",status);
     ^
../src/helloworld.c:115:5: warning: format '%x' expects argument of type 'unsigned int', but argument 2 has type 'u32' [-Wformat=]
../src/helloworld.c:122:5: warning: format '%x' expects argument of type 'unsigned int', but argument 2 has type 'u32' [-Wformat=]
     printf("data=%x,addr=%x\n\r",data,addr);
     ^
../src/helloworld.c:122:5: warning: format '%x' expects argument of type 'unsigned int', but argument 3 has type 'u32' [-Wformat=]
../src/helloworld.c:122:5: warning: format '%x' expects argument of type 'unsigned int', but argument 2 has type 'u32' [-Wformat=]
../src/helloworld.c:122:5: warning: format '%x' expects argument of type 'unsigned int', but argument 3 has type 'u32' [-Wformat=]
../src/helloworld.c:130:5: warning: format '%x' expects argument of type 'unsigned int', but argument 2 has type 'u32' [-Wformat=]
     printf("data=%x,addr=%x\n\r",data,addr);
     ^
../src/helloworld.c:130:5: warning: format '%x' expects argument of type 'unsigned int', but argument 3 has type 'u32' [-Wformat=]
../src/helloworld.c:130:5: warning: format '%x' expects argument of type 'unsigned int', but argument 2 has type 'u32' [-Wformat=]
../src/helloworld.c:130:5: warning: format '%x' expects argument of type 'unsigned int', but argument 3 has type 'u32' [-Wformat=]
../src/helloworld.c:138:5: warning: format '%x' expects argument of type 'unsigned int', but argument 2 has type 'u32' [-Wformat=]
     printf("data=%x,addr=%x\n\r",data,addr);
     ^
../src/helloworld.c:138:5: warning: format '%x' expects argument of type 'unsigned int', but argument 3 has type 'u32' [-Wformat=]
../src/helloworld.c:138:5: warning: format '%x' expects argument of type 'unsigned int', but argument 2 has type 'u32' [-Wformat=]
../src/helloworld.c:138:5: warning: format '%x' expects argument of type 'unsigned int', but argument 3 has type 'u32' [-Wformat=]
'Finished building: ../src/helloworld.c'
' '
'Building target: sram_sip.elf'
'Invoking: ARM v7 gcc linker'
arm-none-eabi-gcc -mcpu=cortex-a9 -mfpu=vfpv3 -mfloat-abi=hard -Wl,-build-id=none -specs=Xilinx.spec -Wl,-T -Wl,../src/lscript.ld -L../../sram_sip_bsp/ps7_cortexa9_0/lib -o "sram_sip.elf"  ./src/helloworld.o ./src/platform.o   -Wl,--start-group,-lxil,-lgcc,-lc,--end-group
'Finished building target: sram_sip.elf'
' '
'Invoking: ARM v7 Print Size'
arm-none-eabi-size sram_sip.elf  |tee "sram_sip.elf.size"
   text	   data	    bss	    dec	    hex	filename
  76228	   2588	  23340	 102156	  18f0c	sram_sip.elf
'Finished building: sram_sip.elf.size'
' '
12:57:19 **** Auto Build of configuration Debug for project sram_sip ****
make pre-build main-build 
a9-linaro-pre-build-step
' '
'Building file: ../src/helloworld.c'
'Invoking: ARM v7 gcc compiler'
arm-none-eabi-gcc -Wall -O0 -g3 -c -fmessage-length=0 -MT"src/helloworld.o" -mcpu=cortex-a9 -mfpu=vfpv3 -mfloat-abi=hard -I../../sram_sip_bsp/ps7_cortexa9_0/include -MMD -MP -MF"src/helloworld.d" -MT"src/helloworld.o" -o "src/helloworld.o" "../src/helloworld.c"
../src/helloworld.c: In function 'main':
../src/helloworld.c:117:5: warning: format '%x' expects argument of type 'unsigned int', but argument 2 has type 'u32' [-Wformat=]
     printf("status=%x\n\r",status);
     ^
../src/helloworld.c:117:5: warning: format '%x' expects argument of type 'unsigned int', but argument 2 has type 'u32' [-Wformat=]
../src/helloworld.c:124:5: warning: format '%x' expects argument of type 'unsigned int', but argument 2 has type 'u32' [-Wformat=]
     printf("data=%x,addr=%x\n\r",data,addr);
     ^
../src/helloworld.c:124:5: warning: format '%x' expects argument of type 'unsigned int', but argument 3 has type 'u32' [-Wformat=]
../src/helloworld.c:124:5: warning: format '%x' expects argument of type 'unsigned int', but argument 2 has type 'u32' [-Wformat=]
../src/helloworld.c:124:5: warning: format '%x' expects argument of type 'unsigned int', but argument 3 has type 'u32' [-Wformat=]
../src/helloworld.c:132:5: warning: format '%x' expects argument of type 'unsigned int', but argument 2 has type 'u32' [-Wformat=]
     printf("data=%x,addr=%x\n\r",data,addr);
     ^
../src/helloworld.c:132:5: warning: format '%x' expects argument of type 'unsigned int', but argument 3 has type 'u32' [-Wformat=]
../src/helloworld.c:132:5: warning: format '%x' expects argument of type 'unsigned int', but argument 2 has type 'u32' [-Wformat=]
../src/helloworld.c:132:5: warning: format '%x' expects argument of type 'unsigned int', but argument 3 has type 'u32' [-Wformat=]
../src/helloworld.c:140:5: warning: format '%x' expects argument of type 'unsigned int', but argument 2 has type 'u32' [-Wformat=]
     printf("data=%x,addr=%x\n\r",data,addr);
     ^
../src/helloworld.c:140:5: warning: format '%x' expects argument of type 'unsigned int', but argument 3 has type 'u32' [-Wformat=]
../src/helloworld.c:140:5: warning: format '%x' expects argument of type 'unsigned int', but argument 2 has type 'u32' [-Wformat=]
../src/helloworld.c:140:5: warning: format '%x' expects argument of type 'unsigned int', but argument 3 has type 'u32' [-Wformat=]
'Finished building: ../src/helloworld.c'
' '
'Building target: sram_sip.elf'
'Invoking: ARM v7 gcc linker'
arm-none-eabi-gcc -mcpu=cortex-a9 -mfpu=vfpv3 -mfloat-abi=hard -Wl,-build-id=none -specs=Xilinx.spec -Wl,-T -Wl,../src/lscript.ld -L../../sram_sip_bsp/ps7_cortexa9_0/lib -o "sram_sip.elf"  ./src/helloworld.o ./src/platform.o   -Wl,--start-group,-lxil,-lgcc,-lc,--end-group
'Finished building target: sram_sip.elf'
' '
'Invoking: ARM v7 Print Size'
arm-none-eabi-size sram_sip.elf  |tee "sram_sip.elf.size"
   text	   data	    bss	    dec	    hex	filename
  76292	   2588	  23340	 102220	  18f4c	sram_sip.elf
'Finished building: sram_sip.elf.size'
' '
12:58:29 **** Auto Build of configuration Debug for project sram_sip ****
make pre-build main-build 
a9-linaro-pre-build-step
' '
'Building file: ../src/helloworld.c'
'Invoking: ARM v7 gcc compiler'
arm-none-eabi-gcc -Wall -O0 -g3 -c -fmessage-length=0 -MT"src/helloworld.o" -mcpu=cortex-a9 -mfpu=vfpv3 -mfloat-abi=hard -I../../sram_sip_bsp/ps7_cortexa9_0/include -MMD -MP -MF"src/helloworld.d" -MT"src/helloworld.o" -o "src/helloworld.o" "../src/helloworld.c"
../src/helloworld.c: In function 'main':
../src/helloworld.c:118:5: warning: format '%x' expects argument of type 'unsigned int', but argument 2 has type 'u32' [-Wformat=]
     printf("status=%x\n\r",status);
     ^
../src/helloworld.c:118:5: warning: format '%x' expects argument of type 'unsigned int', but argument 2 has type 'u32' [-Wformat=]
../src/helloworld.c:125:5: warning: format '%x' expects argument of type 'unsigned int', but argument 2 has type 'u32' [-Wformat=]
     printf("data=%x,addr=%x\n\r",data,addr);
     ^
../src/helloworld.c:125:5: warning: format '%x' expects argument of type 'unsigned int', but argument 3 has type 'u32' [-Wformat=]
../src/helloworld.c:125:5: warning: format '%x' expects argument of type 'unsigned int', but argument 2 has type 'u32' [-Wformat=]
../src/helloworld.c:125:5: warning: format '%x' expects argument of type 'unsigned int', but argument 3 has type 'u32' [-Wformat=]
../src/helloworld.c:133:5: warning: format '%x' expects argument of type 'unsigned int', but argument 2 has type 'u32' [-Wformat=]
     printf("data=%x,addr=%x\n\r",data,addr);
     ^
../src/helloworld.c:133:5: warning: format '%x' expects argument of type 'unsigned int', but argument 3 has type 'u32' [-Wformat=]
../src/helloworld.c:133:5: warning: format '%x' expects argument of type 'unsigned int', but argument 2 has type 'u32' [-Wformat=]
../src/helloworld.c:133:5: warning: format '%x' expects argument of type 'unsigned int', but argument 3 has type 'u32' [-Wformat=]
../src/helloworld.c:141:5: warning: format '%x' expects argument of type 'unsigned int', but argument 2 has type 'u32' [-Wformat=]
     printf("data=%x,addr=%x\n\r",data,addr);
     ^
../src/helloworld.c:141:5: warning: format '%x' expects argument of type 'unsigned int', but argument 3 has type 'u32' [-Wformat=]
../src/helloworld.c:141:5: warning: format '%x' expects argument of type 'unsigned int', but argument 2 has type 'u32' [-Wformat=]
../src/helloworld.c:141:5: warning: format '%x' expects argument of type 'unsigned int', but argument 3 has type 'u32' [-Wformat=]
'Finished building: ../src/helloworld.c'
' '
'Building target: sram_sip.elf'
'Invoking: ARM v7 gcc linker'
arm-none-eabi-gcc -mcpu=cortex-a9 -mfpu=vfpv3 -mfloat-abi=hard -Wl,-build-id=none -specs=Xilinx.spec -Wl,-T -Wl,../src/lscript.ld -L../../sram_sip_bsp/ps7_cortexa9_0/lib -o "sram_sip.elf"  ./src/helloworld.o ./src/platform.o   -Wl,--start-group,-lxil,-lgcc,-lc,--end-group
'Finished building target: sram_sip.elf'
' '
'Invoking: ARM v7 Print Size'
arm-none-eabi-size sram_sip.elf  |tee "sram_sip.elf.size"
   text	   data	    bss	    dec	    hex	filename
  76292	   2588	  23340	 102220	  18f4c	sram_sip.elf
'Finished building: sram_sip.elf.size'
' '
13:02:02 **** Auto Build of configuration Debug for project sram_sip ****
make pre-build main-build 
a9-linaro-pre-build-step
' '
'Building file: ../src/helloworld.c'
'Invoking: ARM v7 gcc compiler'
arm-none-eabi-gcc -Wall -O0 -g3 -c -fmessage-length=0 -MT"src/helloworld.o" -mcpu=cortex-a9 -mfpu=vfpv3 -mfloat-abi=hard -I../../sram_sip_bsp/ps7_cortexa9_0/include -MMD -MP -MF"src/helloworld.d" -MT"src/helloworld.o" -o "src/helloworld.o" "../src/helloworld.c"
../src/helloworld.c: In function 'write_one':
../src/helloworld.c:80:12: warning: variable 'status' set but not used [-Wunused-but-set-variable]
  int delay,status;
            ^
../src/helloworld.c: In function 'main':
../src/helloworld.c:120:5: warning: format '%x' expects argument of type 'unsigned int', but argument 2 has type 'u32' [-Wformat=]
     printf("status=%x\n\r",status);
     ^
../src/helloworld.c:120:5: warning: format '%x' expects argument of type 'unsigned int', but argument 2 has type 'u32' [-Wformat=]
../src/helloworld.c:127:5: warning: format '%x' expects argument of type 'unsigned int', but argument 2 has type 'u32' [-Wformat=]
     printf("data=%x,addr=%x\n\r",data,addr);
     ^
../src/helloworld.c:127:5: warning: format '%x' expects argument of type 'unsigned int', but argument 3 has type 'u32' [-Wformat=]
../src/helloworld.c:127:5: warning: format '%x' expects argument of type 'unsigned int', but argument 2 has type 'u32' [-Wformat=]
../src/helloworld.c:127:5: warning: format '%x' expects argument of type 'unsigned int', but argument 3 has type 'u32' [-Wformat=]
../src/helloworld.c:135:5: warning: format '%x' expects argument of type 'unsigned int', but argument 2 has type 'u32' [-Wformat=]
     printf("data=%x,addr=%x\n\r",data,addr);
     ^
../src/helloworld.c:135:5: warning: format '%x' expects argument of type 'unsigned int', but argument 3 has type 'u32' [-Wformat=]
../src/helloworld.c:135:5: warning: format '%x' expects argument of type 'unsigned int', but argument 2 has type 'u32' [-Wformat=]
../src/helloworld.c:135:5: warning: format '%x' expects argument of type 'unsigned int', but argument 3 has type 'u32' [-Wformat=]
../src/helloworld.c:143:5: warning: format '%x' expects argument of type 'unsigned int', but argument 2 has type 'u32' [-Wformat=]
     printf("data=%x,addr=%x\n\r",data,addr);
     ^
../src/helloworld.c:143:5: warning: format '%x' expects argument of type 'unsigned int', but argument 3 has type 'u32' [-Wformat=]
../src/helloworld.c:143:5: warning: format '%x' expects argument of type 'unsigned int', but argument 2 has type 'u32' [-Wformat=]
../src/helloworld.c:143:5: warning: format '%x' expects argument of type 'unsigned int', but argument 3 has type 'u32' [-Wformat=]
'Finished building: ../src/helloworld.c'
' '
'Building target: sram_sip.elf'
'Invoking: ARM v7 gcc linker'
arm-none-eabi-gcc -mcpu=cortex-a9 -mfpu=vfpv3 -mfloat-abi=hard -Wl,-build-id=none -specs=Xilinx.spec -Wl,-T -Wl,../src/lscript.ld -L../../sram_sip_bsp/ps7_cortexa9_0/lib -o "sram_sip.elf"  ./src/helloworld.o ./src/platform.o   -Wl,--start-group,-lxil,-lgcc,-lc,--end-group
'Finished building target: sram_sip.elf'
' '
'Invoking: ARM v7 Print Size'
arm-none-eabi-size sram_sip.elf  |tee "sram_sip.elf.size"
   text	   data	    bss	    dec	    hex	filename
  76356	   2588	  23340	 102284	  18f8c	sram_sip.elf
'Finished building: sram_sip.elf.size'
' '
13:02:06 **** Incremental Build of configuration Debug for project sram_sip ****
make pre-build main-build 
a9-linaro-pre-build-step
' '
make: Nothing to be done for `main-build'.
13:02:23 **** Auto Build of configuration Debug for project sram_sip ****
make pre-build main-build 
a9-linaro-pre-build-step
' '
'Building file: ../src/helloworld.c'
'Invoking: ARM v7 gcc compiler'
arm-none-eabi-gcc -Wall -O0 -g3 -c -fmessage-length=0 -MT"src/helloworld.o" -mcpu=cortex-a9 -mfpu=vfpv3 -mfloat-abi=hard -I../../sram_sip_bsp/ps7_cortexa9_0/include -MMD -MP -MF"src/helloworld.d" -MT"src/helloworld.o" -o "src/helloworld.o" "../src/helloworld.c"
../src/helloworld.c: In function 'write_one':
../src/helloworld.c:80:12: warning: variable 'status' set but not used [-Wunused-but-set-variable]
  int delay,status;
            ^
../src/helloworld.c: In function 'main':
../src/helloworld.c:121:5: warning: format '%x' expects argument of type 'unsigned int', but argument 2 has type 'u32' [-Wformat=]
     printf("status=%x\n\r",status);
     ^
../src/helloworld.c:121:5: warning: format '%x' expects argument of type 'unsigned int', but argument 2 has type 'u32' [-Wformat=]
../src/helloworld.c:127:5: warning: format '%x' expects argument of type 'unsigned int', but argument 2 has type 'u32' [-Wformat=]
     printf("data=%x,addr=%x\n\r",data,addr);
     ^
../src/helloworld.c:127:5: warning: format '%x' expects argument of type 'unsigned int', but argument 3 has type 'u32' [-Wformat=]
../src/helloworld.c:127:5: warning: format '%x' expects argument of type 'unsigned int', but argument 2 has type 'u32' [-Wformat=]
../src/helloworld.c:127:5: warning: format '%x' expects argument of type 'unsigned int', but argument 3 has type 'u32' [-Wformat=]
../src/helloworld.c:135:5: warning: format '%x' expects argument of type 'unsigned int', but argument 2 has type 'u32' [-Wformat=]
     printf("data=%x,addr=%x\n\r",data,addr);
     ^
../src/helloworld.c:135:5: warning: format '%x' expects argument of type 'unsigned int', but argument 3 has type 'u32' [-Wformat=]
../src/helloworld.c:135:5: warning: format '%x' expects argument of type 'unsigned int', but argument 2 has type 'u32' [-Wformat=]
../src/helloworld.c:135:5: warning: format '%x' expects argument of type 'unsigned int', but argument 3 has type 'u32' [-Wformat=]
../src/helloworld.c:143:5: warning: format '%x' expects argument of type 'unsigned int', but argument 2 has type 'u32' [-Wformat=]
     printf("data=%x,addr=%x\n\r",data,addr);
     ^
../src/helloworld.c:143:5: warning: format '%x' expects argument of type 'unsigned int', but argument 3 has type 'u32' [-Wformat=]
../src/helloworld.c:143:5: warning: format '%x' expects argument of type 'unsigned int', but argument 2 has type 'u32' [-Wformat=]
../src/helloworld.c:143:5: warning: format '%x' expects argument of type 'unsigned int', but argument 3 has type 'u32' [-Wformat=]
'Finished building: ../src/helloworld.c'
' '
'Building target: sram_sip.elf'
'Invoking: ARM v7 gcc linker'
arm-none-eabi-gcc -mcpu=cortex-a9 -mfpu=vfpv3 -mfloat-abi=hard -Wl,-build-id=none -specs=Xilinx.spec -Wl,-T -Wl,../src/lscript.ld -L../../sram_sip_bsp/ps7_cortexa9_0/lib -o "sram_sip.elf"  ./src/helloworld.o ./src/platform.o   -Wl,--start-group,-lxil,-lgcc,-lc,--end-group
'Finished building target: sram_sip.elf'
' '
'Invoking: ARM v7 Print Size'
arm-none-eabi-size sram_sip.elf  |tee "sram_sip.elf.size"
   text	   data	    bss	    dec	    hex	filename
  76356	   2588	  23340	 102284	  18f8c	sram_sip.elf
'Finished building: sram_sip.elf.size'
' '
13:02:27 **** Incremental Build of configuration Debug for project sram_sip ****
make pre-build main-build 
a9-linaro-pre-build-step
' '
make: Nothing to be done for `main-build'.
13:02:55 **** Incremental Build of configuration Debug for project sram_sip ****
make pre-build main-build 
a9-linaro-pre-build-step
' '
make: Nothing to be done for `main-build'.
13:05:13 **** Auto Build of configuration Debug for project sram_sip ****
make pre-build main-build 
a9-linaro-pre-build-step
' '
'Building file: ../src/helloworld.c'
'Invoking: ARM v7 gcc compiler'
arm-none-eabi-gcc -Wall -O0 -g3 -c -fmessage-length=0 -MT"src/helloworld.o" -mcpu=cortex-a9 -mfpu=vfpv3 -mfloat-abi=hard -I../../sram_sip_bsp/ps7_cortexa9_0/include -MMD -MP -MF"src/helloworld.d" -MT"src/helloworld.o" -o "src/helloworld.o" "../src/helloworld.c"
../src/helloworld.c: In function 'write_one':
../src/helloworld.c:80:12: warning: variable 'status' set but not used [-Wunused-but-set-variable]
  int delay,status;
            ^
../src/helloworld.c: In function 'main':
../src/helloworld.c:122:5: warning: format '%x' expects argument of type 'unsigned int', but argument 2 has type 'u32' [-Wformat=]
     printf("status=%x\n\r",status);
     ^
../src/helloworld.c:122:5: warning: format '%x' expects argument of type 'unsigned int', but argument 2 has type 'u32' [-Wformat=]
../src/helloworld.c:128:5: warning: format '%x' expects argument of type 'unsigned int', but argument 2 has type 'u32' [-Wformat=]
     printf("data=%x,addr=%x\n\r",data,addr);
     ^
../src/helloworld.c:128:5: warning: format '%x' expects argument of type 'unsigned int', but argument 3 has type 'u32' [-Wformat=]
../src/helloworld.c:128:5: warning: format '%x' expects argument of type 'unsigned int', but argument 2 has type 'u32' [-Wformat=]
../src/helloworld.c:128:5: warning: format '%x' expects argument of type 'unsigned int', but argument 3 has type 'u32' [-Wformat=]
../src/helloworld.c:136:5: warning: format '%x' expects argument of type 'unsigned int', but argument 2 has type 'u32' [-Wformat=]
     printf("data=%x,addr=%x\n\r",data,addr);
     ^
../src/helloworld.c:136:5: warning: format '%x' expects argument of type 'unsigned int', but argument 3 has type 'u32' [-Wformat=]
../src/helloworld.c:136:5: warning: format '%x' expects argument of type 'unsigned int', but argument 2 has type 'u32' [-Wformat=]
../src/helloworld.c:136:5: warning: format '%x' expects argument of type 'unsigned int', but argument 3 has type 'u32' [-Wformat=]
../src/helloworld.c:144:5: warning: format '%x' expects argument of type 'unsigned int', but argument 2 has type 'u32' [-Wformat=]
     printf("data=%x,addr=%x\n\r",data,addr);
     ^
../src/helloworld.c:144:5: warning: format '%x' expects argument of type 'unsigned int', but argument 3 has type 'u32' [-Wformat=]
../src/helloworld.c:144:5: warning: format '%x' expects argument of type 'unsigned int', but argument 2 has type 'u32' [-Wformat=]
../src/helloworld.c:144:5: warning: format '%x' expects argument of type 'unsigned int', but argument 3 has type 'u32' [-Wformat=]
../src/helloworld.c:146:5: warning: format '%x' expects argument of type 'unsigned int', but argument 2 has type 'u32' [-Wformat=]
     printf("status=%x\n\r",status);
     ^
../src/helloworld.c:146:5: warning: format '%x' expects argument of type 'unsigned int', but argument 2 has type 'u32' [-Wformat=]
'Finished building: ../src/helloworld.c'
' '
'Building target: sram_sip.elf'
'Invoking: ARM v7 gcc linker'
arm-none-eabi-gcc -mcpu=cortex-a9 -mfpu=vfpv3 -mfloat-abi=hard -Wl,-build-id=none -specs=Xilinx.spec -Wl,-T -Wl,../src/lscript.ld -L../../sram_sip_bsp/ps7_cortexa9_0/lib -o "sram_sip.elf"  ./src/helloworld.o ./src/platform.o   -Wl,--start-group,-lxil,-lgcc,-lc,--end-group
'Finished building target: sram_sip.elf'
' '
'Invoking: ARM v7 Print Size'
arm-none-eabi-size sram_sip.elf  |tee "sram_sip.elf.size"
   text	   data	    bss	    dec	    hex	filename
  76356	   2588	  23340	 102284	  18f8c	sram_sip.elf
'Finished building: sram_sip.elf.size'
' '
13:05:17 **** Incremental Build of configuration Debug for project sram_sip ****
make pre-build main-build 
a9-linaro-pre-build-step
' '
make: Nothing to be done for `main-build'.
13:05:23 **** Incremental Build of configuration Debug for project sram_sip ****
make pre-build main-build 
a9-linaro-pre-build-step
' '
make: Nothing to be done for `main-build'.
13:08:20 **** Auto Build of configuration Debug for project sram_sip ****
make pre-build main-build 
a9-linaro-pre-build-step
' '
'Building file: ../src/helloworld.c'
'Invoking: ARM v7 gcc compiler'
arm-none-eabi-gcc -Wall -O0 -g3 -c -fmessage-length=0 -MT"src/helloworld.o" -mcpu=cortex-a9 -mfpu=vfpv3 -mfloat-abi=hard -I../../sram_sip_bsp/ps7_cortexa9_0/include -MMD -MP -MF"src/helloworld.d" -MT"src/helloworld.o" -o "src/helloworld.o" "../src/helloworld.c"
../src/helloworld.c: In function 'write_one':
../src/helloworld.c:82:2: error: 'volitale' undeclared (first use in this function)
  volitale int status;
  ^
../src/helloworld.c:82:2: note: each undeclared identifier is reported only once for each function it appears in
../src/helloworld.c:82:11: error: expected ';' before 'int'
  volitale int status;
           ^
../src/helloworld.c:100:2: error: 'status' undeclared (first use in this function)
  status=SRAM_CONTROL_mReadReg(CTRL_BASE,STATUS_OFFSET);//wait update ok return idle
  ^
../src/helloworld.c: In function 'main':
../src/helloworld.c:127:5: warning: format '%x' expects argument of type 'unsigned int', but argument 2 has type 'u32' [-Wformat=]
     printf("status=%x\n\r",status);
     ^
../src/helloworld.c:127:5: warning: format '%x' expects argument of type 'unsigned int', but argument 2 has type 'u32' [-Wformat=]
../src/helloworld.c:133:5: warning: format '%x' expects argument of type 'unsigned int', but argument 2 has type 'u32' [-Wformat=]
     printf("data=%x,addr=%x\n\r",data,addr);
     ^
../src/helloworld.c:133:5: warning: format '%x' expects argument of type 'unsigned int', but argument 3 has type 'u32' [-Wformat=]
../src/helloworld.c:133:5: warning: format '%x' expects argument of type 'unsigned int', but argument 2 has type 'u32' [-Wformat=]
../src/helloworld.c:133:5: warning: format '%x' expects argument of type 'unsigned int', but argument 3 has type 'u32' [-Wformat=]
../src/helloworld.c:141:5: warning: format '%x' expects argument of type 'unsigned int', but argument 2 has type 'u32' [-Wformat=]
     printf("data=%x,addr=%x\n\r",data,addr);
     ^
../src/helloworld.c:141:5: warning: format '%x' expects argument of type 'unsigned int', but argument 3 has type 'u32' [-Wformat=]
../src/helloworld.c:141:5: warning: format '%x' expects argument of type 'unsigned int', but argument 2 has type 'u32' [-Wformat=]
../src/helloworld.c:141:5: warning: format '%x' expects argument of type 'unsigned int', but argument 3 has type 'u32' [-Wformat=]
../src/helloworld.c:149:5: warning: format '%x' expects argument of type 'unsigned int', but argument 2 has type 'u32' [-Wformat=]
     printf("data=%x,addr=%x\n\r",data,addr);
     ^
../src/helloworld.c:149:5: warning: format '%x' expects argument of type 'unsigned int', but argument 3 has type 'u32' [-Wformat=]
../src/helloworld.c:149:5: warning: format '%x' expects argument of type 'unsigned int', but argument 2 has type 'u32' [-Wformat=]
../src/helloworld.c:149:5: warning: format '%x' expects argument of type 'unsigned int', but argument 3 has type 'u32' [-Wformat=]
../src/helloworld.c:151:5: warning: format '%x' expects argument of type 'unsigned int', but argument 2 has type 'u32' [-Wformat=]
     printf("status=%x\n\r",status);
     ^
../src/helloworld.c:151:5: warning: format '%x' expects argument of type 'unsigned int', but argument 2 has type 'u32' [-Wformat=]
make: *** [src/helloworld.o] ´íÎó 1
13:08:50 **** Auto Build of configuration Debug for project sram_sip ****
make pre-build main-build 
a9-linaro-pre-build-step
' '
'Building file: ../src/helloworld.c'
'Invoking: ARM v7 gcc compiler'
arm-none-eabi-gcc -Wall -O0 -g3 -c -fmessage-length=0 -MT"src/helloworld.o" -mcpu=cortex-a9 -mfpu=vfpv3 -mfloat-abi=hard -I../../sram_sip_bsp/ps7_cortexa9_0/include -MMD -MP -MF"src/helloworld.d" -MT"src/helloworld.o" -o "src/helloworld.o" "../src/helloworld.c"
../src/helloworld.c: In function 'main':
../src/helloworld.c:127:5: warning: format '%x' expects argument of type 'unsigned int', but argument 2 has type 'u32' [-Wformat=]
     printf("status=%x\n\r",status);
     ^
../src/helloworld.c:127:5: warning: format '%x' expects argument of type 'unsigned int', but argument 2 has type 'u32' [-Wformat=]
../src/helloworld.c:133:5: warning: format '%x' expects argument of type 'unsigned int', but argument 2 has type 'u32' [-Wformat=]
     printf("data=%x,addr=%x\n\r",data,addr);
     ^
../src/helloworld.c:133:5: warning: format '%x' expects argument of type 'unsigned int', but argument 3 has type 'u32' [-Wformat=]
../src/helloworld.c:133:5: warning: format '%x' expects argument of type 'unsigned int', but argument 2 has type 'u32' [-Wformat=]
../src/helloworld.c:133:5: warning: format '%x' expects argument of type 'unsigned int', but argument 3 has type 'u32' [-Wformat=]
../src/helloworld.c:141:5: warning: format '%x' expects argument of type 'unsigned int', but argument 2 has type 'u32' [-Wformat=]
     printf("data=%x,addr=%x\n\r",data,addr);
     ^
../src/helloworld.c:141:5: warning: format '%x' expects argument of type 'unsigned int', but argument 3 has type 'u32' [-Wformat=]
../src/helloworld.c:141:5: warning: format '%x' expects argument of type 'unsigned int', but argument 2 has type 'u32' [-Wformat=]
../src/helloworld.c:141:5: warning: format '%x' expects argument of type 'unsigned int', but argument 3 has type 'u32' [-Wformat=]
../src/helloworld.c:149:5: warning: format '%x' expects argument of type 'unsigned int', but argument 2 has type 'u32' [-Wformat=]
     printf("data=%x,addr=%x\n\r",data,addr);
     ^
../src/helloworld.c:149:5: warning: format '%x' expects argument of type 'unsigned int', but argument 3 has type 'u32' [-Wformat=]
../src/helloworld.c:149:5: warning: format '%x' expects argument of type 'unsigned int', but argument 2 has type 'u32' [-Wformat=]
../src/helloworld.c:149:5: warning: format '%x' expects argument of type 'unsigned int', but argument 3 has type 'u32' [-Wformat=]
../src/helloworld.c:151:5: warning: format '%x' expects argument of type 'unsigned int', but argument 2 has type 'u32' [-Wformat=]
     printf("status=%x\n\r",status);
     ^
../src/helloworld.c:151:5: warning: format '%x' expects argument of type 'unsigned int', but argument 2 has type 'u32' [-Wformat=]
'Finished building: ../src/helloworld.c'
' '
'Building target: sram_sip.elf'
'Invoking: ARM v7 gcc linker'
arm-none-eabi-gcc -mcpu=cortex-a9 -mfpu=vfpv3 -mfloat-abi=hard -Wl,-build-id=none -specs=Xilinx.spec -Wl,-T -Wl,../src/lscript.ld -L../../sram_sip_bsp/ps7_cortexa9_0/lib -o "sram_sip.elf"  ./src/helloworld.o ./src/platform.o   -Wl,--start-group,-lxil,-lgcc,-lc,--end-group
'Finished building target: sram_sip.elf'
' '
'Invoking: ARM v7 Print Size'
arm-none-eabi-size sram_sip.elf  |tee "sram_sip.elf.size"
   text	   data	    bss	    dec	    hex	filename
  76420	   2588	  23340	 102348	  18fcc	sram_sip.elf
'Finished building: sram_sip.elf.size'
' '
13:10:16 **** Auto Build of configuration Debug for project sram_sip ****
make pre-build main-build 
a9-linaro-pre-build-step
' '
'Building file: ../src/helloworld.c'
'Invoking: ARM v7 gcc compiler'
arm-none-eabi-gcc -Wall -O0 -g3 -c -fmessage-length=0 -MT"src/helloworld.o" -mcpu=cortex-a9 -mfpu=vfpv3 -mfloat-abi=hard -I../../sram_sip_bsp/ps7_cortexa9_0/include -MMD -MP -MF"src/helloworld.d" -MT"src/helloworld.o" -o "src/helloworld.o" "../src/helloworld.c"
../src/helloworld.c: In function 'write_one':
../src/helloworld.c:105:2: warning: format '%x' expects argument of type 'unsigned int', but argument 2 has type 'u32' [-Wformat=]
  printf("WRITE_ONE %x %x\n\r",addr,data);
  ^
../src/helloworld.c:105:2: warning: format '%x' expects argument of type 'unsigned int', but argument 3 has type 'u32' [-Wformat=]
../src/helloworld.c:105:2: warning: format '%x' expects argument of type 'unsigned int', but argument 2 has type 'u32' [-Wformat=]
../src/helloworld.c:105:2: warning: format '%x' expects argument of type 'unsigned int', but argument 3 has type 'u32' [-Wformat=]
../src/helloworld.c: In function 'main':
../src/helloworld.c:128:5: warning: format '%x' expects argument of type 'unsigned int', but argument 2 has type 'u32' [-Wformat=]
     printf("status=%x\n\r",status);
     ^
../src/helloworld.c:128:5: warning: format '%x' expects argument of type 'unsigned int', but argument 2 has type 'u32' [-Wformat=]
../src/helloworld.c:134:5: warning: format '%x' expects argument of type 'unsigned int', but argument 2 has type 'u32' [-Wformat=]
     printf("data=%x,addr=%x\n\r",data,addr);
     ^
../src/helloworld.c:134:5: warning: format '%x' expects argument of type 'unsigned int', but argument 3 has type 'u32' [-Wformat=]
../src/helloworld.c:134:5: warning: format '%x' expects argument of type 'unsigned int', but argument 2 has type 'u32' [-Wformat=]
../src/helloworld.c:134:5: warning: format '%x' expects argument of type 'unsigned int', but argument 3 has type 'u32' [-Wformat=]
../src/helloworld.c:142:5: warning: format '%x' expects argument of type 'unsigned int', but argument 2 has type 'u32' [-Wformat=]
     printf("data=%x,addr=%x\n\r",data,addr);
     ^
../src/helloworld.c:142:5: warning: format '%x' expects argument of type 'unsigned int', but argument 3 has type 'u32' [-Wformat=]
../src/helloworld.c:142:5: warning: format '%x' expects argument of type 'unsigned int', but argument 2 has type 'u32' [-Wformat=]
../src/helloworld.c:142:5: warning: format '%x' expects argument of type 'unsigned int', but argument 3 has type 'u32' [-Wformat=]
../src/helloworld.c:150:5: warning: format '%x' expects argument of type 'unsigned int', but argument 2 has type 'u32' [-Wformat=]
     printf("data=%x,addr=%x\n\r",data,addr);
     ^
../src/helloworld.c:150:5: warning: format '%x' expects argument of type 'unsigned int', but argument 3 has type 'u32' [-Wformat=]
../src/helloworld.c:150:5: warning: format '%x' expects argument of type 'unsigned int', but argument 2 has type 'u32' [-Wformat=]
../src/helloworld.c:150:5: warning: format '%x' expects argument of type 'unsigned int', but argument 3 has type 'u32' [-Wformat=]
../src/helloworld.c:152:5: warning: format '%x' expects argument of type 'unsigned int', but argument 2 has type 'u32' [-Wformat=]
     printf("status=%x\n\r",status);
     ^
../src/helloworld.c:152:5: warning: format '%x' expects argument of type 'unsigned int', but argument 2 has type 'u32' [-Wformat=]
'Finished building: ../src/helloworld.c'
' '
'Building target: sram_sip.elf'
'Invoking: ARM v7 gcc linker'
arm-none-eabi-gcc -mcpu=cortex-a9 -mfpu=vfpv3 -mfloat-abi=hard -Wl,-build-id=none -specs=Xilinx.spec -Wl,-T -Wl,../src/lscript.ld -L../../sram_sip_bsp/ps7_cortexa9_0/lib -o "sram_sip.elf"  ./src/helloworld.o ./src/platform.o   -Wl,--start-group,-lxil,-lgcc,-lc,--end-group
'Finished building target: sram_sip.elf'
' '
'Invoking: ARM v7 Print Size'
arm-none-eabi-size sram_sip.elf  |tee "sram_sip.elf.size"
   text	   data	    bss	    dec	    hex	filename
  76444	   2588	  23340	 102372	  18fe4	sram_sip.elf
'Finished building: sram_sip.elf.size'
' '
13:10:19 **** Incremental Build of configuration Debug for project sram_sip ****
make pre-build main-build 
a9-linaro-pre-build-step
' '
make: Nothing to be done for `main-build'.
13:11:02 **** Auto Build of configuration Debug for project sram_sip ****
make pre-build main-build 
a9-linaro-pre-build-step
' '
'Building file: ../src/helloworld.c'
'Invoking: ARM v7 gcc compiler'
arm-none-eabi-gcc -Wall -O0 -g3 -c -fmessage-length=0 -MT"src/helloworld.o" -mcpu=cortex-a9 -mfpu=vfpv3 -mfloat-abi=hard -I../../sram_sip_bsp/ps7_cortexa9_0/include -MMD -MP -MF"src/helloworld.d" -MT"src/helloworld.o" -o "src/helloworld.o" "../src/helloworld.c"
../src/helloworld.c: In function 'write_one':
../src/helloworld.c:104:2: warning: format '%x' expects argument of type 'unsigned int', but argument 2 has type 'u32' [-Wformat=]
  printf("WRITE_ONE %x %x\n\r",addr,data);
  ^
../src/helloworld.c:104:2: warning: format '%x' expects argument of type 'unsigned int', but argument 3 has type 'u32' [-Wformat=]
../src/helloworld.c:104:2: warning: format '%x' expects argument of type 'unsigned int', but argument 2 has type 'u32' [-Wformat=]
../src/helloworld.c:104:2: warning: format '%x' expects argument of type 'unsigned int', but argument 3 has type 'u32' [-Wformat=]
../src/helloworld.c: In function 'main':
../src/helloworld.c:138:5: warning: format '%x' expects argument of type 'unsigned int', but argument 2 has type 'u32' [-Wformat=]
     printf("status=%x\n\r",status);
     ^
../src/helloworld.c:138:5: warning: format '%x' expects argument of type 'unsigned int', but argument 2 has type 'u32' [-Wformat=]
../src/helloworld.c:144:5: warning: format '%x' expects argument of type 'unsigned int', but argument 2 has type 'u32' [-Wformat=]
     printf("data=%x,addr=%x\n\r",data,addr);
     ^
../src/helloworld.c:144:5: warning: format '%x' expects argument of type 'unsigned int', but argument 3 has type 'u32' [-Wformat=]
../src/helloworld.c:144:5: warning: format '%x' expects argument of type 'unsigned int', but argument 2 has type 'u32' [-Wformat=]
../src/helloworld.c:144:5: warning: format '%x' expects argument of type 'unsigned int', but argument 3 has type 'u32' [-Wformat=]
../src/helloworld.c:152:5: warning: format '%x' expects argument of type 'unsigned int', but argument 2 has type 'u32' [-Wformat=]
     printf("data=%x,addr=%x\n\r",data,addr);
     ^
../src/helloworld.c:152:5: warning: format '%x' expects argument of type 'unsigned int', but argument 3 has type 'u32' [-Wformat=]
../src/helloworld.c:152:5: warning: format '%x' expects argument of type 'unsigned int', but argument 2 has type 'u32' [-Wformat=]
../src/helloworld.c:152:5: warning: format '%x' expects argument of type 'unsigned int', but argument 3 has type 'u32' [-Wformat=]
../src/helloworld.c:160:5: warning: format '%x' expects argument of type 'unsigned int', but argument 2 has type 'u32' [-Wformat=]
     printf("data=%x,addr=%x\n\r",data,addr);
     ^
../src/helloworld.c:160:5: warning: format '%x' expects argument of type 'unsigned int', but argument 3 has type 'u32' [-Wformat=]
../src/helloworld.c:160:5: warning: format '%x' expects argument of type 'unsigned int', but argument 2 has type 'u32' [-Wformat=]
../src/helloworld.c:160:5: warning: format '%x' expects argument of type 'unsigned int', but argument 3 has type 'u32' [-Wformat=]
../src/helloworld.c:162:5: warning: format '%x' expects argument of type 'unsigned int', but argument 2 has type 'u32' [-Wformat=]
     printf("status=%x\n\r",status);
     ^
../src/helloworld.c:162:5: warning: format '%x' expects argument of type 'unsigned int', but argument 2 has type 'u32' [-Wformat=]
'Finished building: ../src/helloworld.c'
' '
'Building target: sram_sip.elf'
'Invoking: ARM v7 gcc linker'
arm-none-eabi-gcc -mcpu=cortex-a9 -mfpu=vfpv3 -mfloat-abi=hard -Wl,-build-id=none -specs=Xilinx.spec -Wl,-T -Wl,../src/lscript.ld -L../../sram_sip_bsp/ps7_cortexa9_0/lib -o "sram_sip.elf"  ./src/helloworld.o ./src/platform.o   -Wl,--start-group,-lxil,-lgcc,-lc,--end-group
'Finished building target: sram_sip.elf'
' '
'Invoking: ARM v7 Print Size'
arm-none-eabi-size sram_sip.elf  |tee "sram_sip.elf.size"
   text	   data	    bss	    dec	    hex	filename
  76444	   2588	  23340	 102372	  18fe4	sram_sip.elf
'Finished building: sram_sip.elf.size'
' '
13:12:19 **** Auto Build of configuration Debug for project sram_sip ****
make pre-build main-build 
a9-linaro-pre-build-step
' '
'Building file: ../src/helloworld.c'
'Invoking: ARM v7 gcc compiler'
arm-none-eabi-gcc -Wall -O0 -g3 -c -fmessage-length=0 -MT"src/helloworld.o" -mcpu=cortex-a9 -mfpu=vfpv3 -mfloat-abi=hard -I../../sram_sip_bsp/ps7_cortexa9_0/include -MMD -MP -MF"src/helloworld.d" -MT"src/helloworld.o" -o "src/helloworld.o" "../src/helloworld.c"
../src/helloworld.c: In function 'write_one':
../src/helloworld.c:104:2: warning: format '%x' expects argument of type 'unsigned int', but argument 2 has type 'u32' [-Wformat=]
  printf("WRITE_ONE %x %x\n\r",addr,data);
  ^
../src/helloworld.c:104:2: warning: format '%x' expects argument of type 'unsigned int', but argument 3 has type 'u32' [-Wformat=]
../src/helloworld.c:104:2: warning: format '%x' expects argument of type 'unsigned int', but argument 2 has type 'u32' [-Wformat=]
../src/helloworld.c:104:2: warning: format '%x' expects argument of type 'unsigned int', but argument 3 has type 'u32' [-Wformat=]
../src/helloworld.c: In function 'read':
../src/helloworld.c:111:15: warning: unused variable 'status' [-Wunused-variable]
  volatile int status;
               ^
../src/helloworld.c: In function 'main':
../src/helloworld.c:140:5: warning: format '%x' expects argument of type 'unsigned int', but argument 2 has type 'u32' [-Wformat=]
     printf("status=%x\n\r",status);
     ^
../src/helloworld.c:140:5: warning: format '%x' expects argument of type 'unsigned int', but argument 2 has type 'u32' [-Wformat=]
../src/helloworld.c:146:5: warning: format '%x' expects argument of type 'unsigned int', but argument 2 has type 'u32' [-Wformat=]
     printf("data=%x,addr=%x\n\r",data,addr);
     ^
../src/helloworld.c:146:5: warning: format '%x' expects argument of type 'unsigned int', but argument 3 has type 'u32' [-Wformat=]
../src/helloworld.c:146:5: warning: format '%x' expects argument of type 'unsigned int', but argument 2 has type 'u32' [-Wformat=]
../src/helloworld.c:146:5: warning: format '%x' expects argument of type 'unsigned int', but argument 3 has type 'u32' [-Wformat=]
../src/helloworld.c:154:5: warning: format '%x' expects argument of type 'unsigned int', but argument 2 has type 'u32' [-Wformat=]
     printf("data=%x,addr=%x\n\r",data,addr);
     ^
../src/helloworld.c:154:5: warning: format '%x' expects argument of type 'unsigned int', but argument 3 has type 'u32' [-Wformat=]
../src/helloworld.c:154:5: warning: format '%x' expects argument of type 'unsigned int', but argument 2 has type 'u32' [-Wformat=]
../src/helloworld.c:154:5: warning: format '%x' expects argument of type 'unsigned int', but argument 3 has type 'u32' [-Wformat=]
../src/helloworld.c:162:5: warning: format '%x' expects argument of type 'unsigned int', but argument 2 has type 'u32' [-Wformat=]
     printf("data=%x,addr=%x\n\r",data,addr);
     ^
../src/helloworld.c:162:5: warning: format '%x' expects argument of type 'unsigned int', but argument 3 has type 'u32' [-Wformat=]
../src/helloworld.c:162:5: warning: format '%x' expects argument of type 'unsigned int', but argument 2 has type 'u32' [-Wformat=]
../src/helloworld.c:162:5: warning: format '%x' expects argument of type 'unsigned int', but argument 3 has type 'u32' [-Wformat=]
../src/helloworld.c:164:5: warning: format '%x' expects argument of type 'unsigned int', but argument 2 has type 'u32' [-Wformat=]
     printf("status=%x\n\r",status);
     ^
../src/helloworld.c:164:5: warning: format '%x' expects argument of type 'unsigned int', but argument 2 has type 'u32' [-Wformat=]
'Finished building: ../src/helloworld.c'
' '
'Building target: sram_sip.elf'
'Invoking: ARM v7 gcc linker'
arm-none-eabi-gcc -mcpu=cortex-a9 -mfpu=vfpv3 -mfloat-abi=hard -Wl,-build-id=none -specs=Xilinx.spec -Wl,-T -Wl,../src/lscript.ld -L../../sram_sip_bsp/ps7_cortexa9_0/lib -o "sram_sip.elf"  ./src/helloworld.o ./src/platform.o   -Wl,--start-group,-lxil,-lgcc,-lc,--end-group
'Finished building target: sram_sip.elf'
' '
'Invoking: ARM v7 Print Size'
arm-none-eabi-size sram_sip.elf  |tee "sram_sip.elf.size"
   text	   data	    bss	    dec	    hex	filename
  76572	   2588	  23340	 102500	  19064	sram_sip.elf
'Finished building: sram_sip.elf.size'
' '
13:15:43 **** Auto Build of configuration Debug for project sram_sip ****
make pre-build main-build 
a9-linaro-pre-build-step
' '
'Building file: ../src/helloworld.c'
'Invoking: ARM v7 gcc compiler'
arm-none-eabi-gcc -Wall -O0 -g3 -c -fmessage-length=0 -MT"src/helloworld.o" -mcpu=cortex-a9 -mfpu=vfpv3 -mfloat-abi=hard -I../../sram_sip_bsp/ps7_cortexa9_0/include -MMD -MP -MF"src/helloworld.d" -MT"src/helloworld.o" -o "src/helloworld.o" "../src/helloworld.c"
../src/helloworld.c: In function 'write_one':
../src/helloworld.c:127:2: warning: format '%x' expects argument of type 'unsigned int', but argument 2 has type 'u32' [-Wformat=]
  printf("WRITE_ONE %x %x\n\r",addr,data);
  ^
../src/helloworld.c:127:2: warning: format '%x' expects argument of type 'unsigned int', but argument 3 has type 'u32' [-Wformat=]
../src/helloworld.c:127:2: warning: format '%x' expects argument of type 'unsigned int', but argument 2 has type 'u32' [-Wformat=]
../src/helloworld.c:127:2: warning: format '%x' expects argument of type 'unsigned int', but argument 3 has type 'u32' [-Wformat=]
../src/helloworld.c: In function 'read':
../src/helloworld.c:135:18: warning: unused variable 'result_data' [-Wunused-variable]
  u32 result_addr,result_data;
                  ^
../src/helloworld.c:135:6: warning: unused variable 'result_addr' [-Wunused-variable]
  u32 result_addr,result_data;
      ^
../src/helloworld.c:134:15: warning: unused variable 'status' [-Wunused-variable]
  volatile int status;
               ^
../src/helloworld.c: In function 'main':
../src/helloworld.c:170:5: warning: format '%x' expects argument of type 'unsigned int', but argument 2 has type 'u32' [-Wformat=]
     printf("status=%x\n\r",status);
     ^
../src/helloworld.c:170:5: warning: format '%x' expects argument of type 'unsigned int', but argument 2 has type 'u32' [-Wformat=]
../src/helloworld.c:176:5: warning: format '%x' expects argument of type 'unsigned int', but argument 2 has type 'u32' [-Wformat=]
     printf("data=%x,addr=%x\n\r",data,addr);
     ^
../src/helloworld.c:176:5: warning: format '%x' expects argument of type 'unsigned int', but argument 3 has type 'u32' [-Wformat=]
../src/helloworld.c:176:5: warning: format '%x' expects argument of type 'unsigned int', but argument 2 has type 'u32' [-Wformat=]
../src/helloworld.c:176:5: warning: format '%x' expects argument of type 'unsigned int', but argument 3 has type 'u32' [-Wformat=]
../src/helloworld.c:184:5: warning: format '%x' expects argument of type 'unsigned int', but argument 2 has type 'u32' [-Wformat=]
     printf("data=%x,addr=%x\n\r",data,addr);
     ^
../src/helloworld.c:184:5: warning: format '%x' expects argument of type 'unsigned int', but argument 3 has type 'u32' [-Wformat=]
../src/helloworld.c:184:5: warning: format '%x' expects argument of type 'unsigned int', but argument 2 has type 'u32' [-Wformat=]
../src/helloworld.c:184:5: warning: format '%x' expects argument of type 'unsigned int', but argument 3 has type 'u32' [-Wformat=]
../src/helloworld.c:192:5: warning: format '%x' expects argument of type 'unsigned int', but argument 2 has type 'u32' [-Wformat=]
     printf("data=%x,addr=%x\n\r",data,addr);
     ^
../src/helloworld.c:192:5: warning: format '%x' expects argument of type 'unsigned int', but argument 3 has type 'u32' [-Wformat=]
../src/helloworld.c:192:5: warning: format '%x' expects argument of type 'unsigned int', but argument 2 has type 'u32' [-Wformat=]
../src/helloworld.c:192:5: warning: format '%x' expects argument of type 'unsigned int', but argument 3 has type 'u32' [-Wformat=]
../src/helloworld.c:194:5: warning: format '%x' expects argument of type 'unsigned int', but argument 2 has type 'u32' [-Wformat=]
     printf("status=%x\n\r",status);
     ^
../src/helloworld.c:194:5: warning: format '%x' expects argument of type 'unsigned int', but argument 2 has type 'u32' [-Wformat=]
../src/helloworld.c: In function 'read':
../src/helloworld.c:148:1: warning: control reaches end of non-void function [-Wreturn-type]
 }
 ^
[...]
../src/helloworld.c: In function 'write_one':
../src/helloworld.c:106:2: warning: format '%x' expects argument of type 'unsigned int', but argument 2 has type 'u32' [-Wformat=]
  printf("WRITE_ONE %x %x\n\r",addr,data);
  ^
../src/helloworld.c:106:2: warning: format '%x' expects argument of type 'unsigned int', but argument 3 has type 'u32' [-Wformat=]
../src/helloworld.c:106:2: warning: format '%x' expects argument of type 'unsigned int', but argument 2 has type 'u32' [-Wformat=]
../src/helloworld.c:106:2: warning: format '%x' expects argument of type 'unsigned int', but argument 3 has type 'u32' [-Wformat=]
../src/helloworld.c: In function 'write_all':
../src/helloworld.c:132:2: warning: format '%x' expects argument of type 'unsigned int', but argument 2 has type 'u32' [-Wformat=]
  printf("WRITE_ALL %x\n\r",data);
  ^
../src/helloworld.c:132:2: warning: format '%x' expects argument of type 'unsigned int', but argument 2 has type 'u32' [-Wformat=]
../src/helloworld.c: In function 'write_cfg':
../src/helloworld.c:170:2: warning: format '%x' expects argument of type 'unsigned int', but argument 2 has type 'u32' [-Wformat=]
  printf("WRITE_CFG %x %x %x %x\n\r",op_cfg,times+1,addr,data);
  ^
../src/helloworld.c:170:2: warning: format '%x' expects argument of type 'unsigned int', but argument 3 has type 'long unsigned int' [-Wformat=]
../src/helloworld.c:170:2: warning: format '%x' expects argument of type 'unsigned int', but argument 4 has type 'u32' [-Wformat=]
../src/helloworld.c:170:2: warning: format '%x' expects argument of type 'unsigned int', but argument 5 has type 'u32' [-Wformat=]
../src/helloworld.c:170:2: warning: format '%x' expects argument of type 'unsigned int', but argument 2 has type 'u32' [-Wformat=]
../src/helloworld.c:170:2: warning: format '%x' expects argument of type 'unsigned int', but argument 3 has type 'long unsigned int' [-Wformat=]
../src/helloworld.c:170:2: warning: format '%x' expects argument of type 'unsigned int', but argument 4 has type 'u32' [-Wformat=]
../src/helloworld.c:170:2: warning: format '%x' expects argument of type 'unsigned int', but argument 5 has type 'u32' [-Wformat=]
../src/helloworld.c: In function 'read':
../src/helloworld.c:200:2: warning: format '%x' expects argument of type 'unsigned int', but argument 2 has type 'u32' [-Wformat=]
  printf("READ %x %x\n\r",result_addr,result_data);
  ^
../src/helloworld.c:200:2: warning: format '%x' expects argument of type 'unsigned int', but argument 3 has type 'u32' [-Wformat=]
../src/helloworld.c:200:2: warning: format '%x' expects argument of type 'unsigned int', but argument 2 has type 'u32' [-Wformat=]
../src/helloworld.c:200:2: warning: format '%x' expects argument of type 'unsigned int', but argument 3 has type 'u32' [-Wformat=]
../src/helloworld.c: In function 'main':
../src/helloworld.c:345:5: error: expected expression before '}' token
     }
     ^
make: *** [src/helloworld.o] ´íÎó 1
14:43:17 **** Auto Build of configuration Debug for project sram_sip ****
make pre-build main-build 
a9-linaro-pre-build-step
' '
'Building file: ../src/helloworld.c'
'Invoking: ARM v7 gcc compiler'
arm-none-eabi-gcc -Wall -O0 -g3 -c -fmessage-length=0 -MT"src/helloworld.o" -mcpu=cortex-a9 -mfpu=vfpv3 -mfloat-abi=hard -I../../sram_sip_bsp/ps7_cortexa9_0/include -MMD -MP -MF"src/helloworld.d" -MT"src/helloworld.o" -o "src/helloworld.o" "../src/helloworld.c"
../src/helloworld.c: In function 'write_one':
../src/helloworld.c:106:2: warning: format '%x' expects argument of type 'unsigned int', but argument 2 has type 'u32' [-Wformat=]
  printf("WRITE_ONE %x %x\n\r",addr,data);
  ^
../src/helloworld.c:106:2: warning: format '%x' expects argument of type 'unsigned int', but argument 3 has type 'u32' [-Wformat=]
../src/helloworld.c:106:2: warning: format '%x' expects argument of type 'unsigned int', but argument 2 has type 'u32' [-Wformat=]
../src/helloworld.c:106:2: warning: format '%x' expects argument of type 'unsigned int', but argument 3 has type 'u32' [-Wformat=]
../src/helloworld.c: In function 'write_all':
../src/helloworld.c:132:2: warning: format '%x' expects argument of type 'unsigned int', but argument 2 has type 'u32' [-Wformat=]
  printf("WRITE_ALL %x\n\r",data);
  ^
../src/helloworld.c:132:2: warning: format '%x' expects argument of type 'unsigned int', but argument 2 has type 'u32' [-Wformat=]
../src/helloworld.c: In function 'write_cfg':
../src/helloworld.c:170:2: warning: format '%x' expects argument of type 'unsigned int', but argument 2 has type 'u32' [-Wformat=]
  printf("WRITE_CFG %x %x %x %x\n\r",op_cfg,times+1,addr,data);
  ^
../src/helloworld.c:170:2: warning: format '%x' expects argument of type 'unsigned int', but argument 3 has type 'long unsigned int' [-Wformat=]
../src/helloworld.c:170:2: warning: format '%x' expects argument of type 'unsigned int', but argument 4 has type 'u32' [-Wformat=]
../src/helloworld.c:170:2: warning: format '%x' expects argument of type 'unsigned int', but argument 5 has type 'u32' [-Wformat=]
../src/helloworld.c:170:2: warning: format '%x' expects argument of type 'unsigned int', but argument 2 has type 'u32' [-Wformat=]
../src/helloworld.c:170:2: warning: format '%x' expects argument of type 'unsigned int', but argument 3 has type 'long unsigned int' [-Wformat=]
../src/helloworld.c:170:2: warning: format '%x' expects argument of type 'unsigned int', but argument 4 has type 'u32' [-Wformat=]
../src/helloworld.c:170:2: warning: format '%x' expects argument of type 'unsigned int', but argument 5 has type 'u32' [-Wformat=]
../src/helloworld.c: In function 'read':
../src/helloworld.c:200:2: warning: format '%x' expects argument of type 'unsigned int', but argument 2 has type 'u32' [-Wformat=]
  printf("READ %x %x\n\r",result_addr,result_data);
  ^
../src/helloworld.c:200:2: warning: format '%x' expects argument of type 'unsigned int', but argument 3 has type 'u32' [-Wformat=]
../src/helloworld.c:200:2: warning: format '%x' expects argument of type 'unsigned int', but argument 2 has type 'u32' [-Wformat=]
../src/helloworld.c:200:2: warning: format '%x' expects argument of type 'unsigned int', but argument 3 has type 'u32' [-Wformat=]
'Finished building: ../src/helloworld.c'
' '
'Building target: sram_sip.elf'
'Invoking: ARM v7 gcc linker'
arm-none-eabi-gcc -mcpu=cortex-a9 -mfpu=vfpv3 -mfloat-abi=hard -Wl,-build-id=none -specs=Xilinx.spec -Wl,-T -Wl,../src/lscript.ld -L../../sram_sip_bsp/ps7_cortexa9_0/lib -o "sram_sip.elf"  ./src/helloworld.o ./src/platform.o   -Wl,--start-group,-lxil,-lgcc,-lc,--end-group
'Finished building target: sram_sip.elf'
' '
'Invoking: ARM v7 Print Size'
arm-none-eabi-size sram_sip.elf  |tee "sram_sip.elf.size"
   text	   data	    bss	    dec	    hex	filename
  79268	   2588	  23340	 105196	  19aec	sram_sip.elf
'Finished building: sram_sip.elf.size'
' '
14:52:10 **** Auto Build of configuration Debug for project sram_sip ****
make pre-build main-build 
a9-linaro-pre-build-step
' '
'Building file: ../src/helloworld.c'
'Invoking: ARM v7 gcc compiler'
arm-none-eabi-gcc -Wall -O0 -g3 -c -fmessage-length=0 -MT"src/helloworld.o" -mcpu=cortex-a9 -mfpu=vfpv3 -mfloat-abi=hard -I../../sram_sip_bsp/ps7_cortexa9_0/include -MMD -MP -MF"src/helloworld.d" -MT"src/helloworld.o" -o "src/helloworld.o" "../src/helloworld.c"
../src/helloworld.c: In function 'write_one':
../src/helloworld.c:106:2: warning: format '%x' expects argument of type 'unsigned int', but argument 2 has type 'u32' [-Wformat=]
  printf("WRITE_ONE %x %x\n\r",addr,data);
  ^
../src/helloworld.c:106:2: warning: format '%x' expects argument of type 'unsigned int', but argument 3 has type 'u32' [-Wformat=]
../src/helloworld.c:106:2: warning: format '%x' expects argument of type 'unsigned int', but argument 2 has type 'u32' [-Wformat=]
../src/helloworld.c:106:2: warning: format '%x' expects argument of type 'unsigned int', but argument 3 has type 'u32' [-Wformat=]
../src/helloworld.c: In function 'write_all':
../src/helloworld.c:132:2: warning: format '%x' expects argument of type 'unsigned int', but argument 2 has type 'u32' [-Wformat=]
  printf("WRITE_ALL %x\n\r",data);
  ^
../src/helloworld.c:132:2: warning: format '%x' expects argument of type 'unsigned int', but argument 2 has type 'u32' [-Wformat=]
../src/helloworld.c: In function 'write_cfg':
../src/helloworld.c:170:2: warning: format '%x' expects argument of type 'unsigned int', but argument 2 has type 'u32' [-Wformat=]
  printf("WRITE_CFG %x %x %x %x\n\r",op_cfg,times+1,addr,data);
  ^
../src/helloworld.c:170:2: warning: format '%x' expects argument of type 'unsigned int', but argument 3 has type 'long unsigned int' [-Wformat=]
../src/helloworld.c:170:2: warning: format '%x' expects argument of type 'unsigned int', but argument 4 has type 'u32' [-Wformat=]
../src/helloworld.c:170:2: warning: format '%x' expects argument of type 'unsigned int', but argument 5 has type 'u32' [-Wformat=]
../src/helloworld.c:170:2: warning: format '%x' expects argument of type 'unsigned int', but argument 2 has type 'u32' [-Wformat=]
../src/helloworld.c:170:2: warning: format '%x' expects argument of type 'unsigned int', but argument 3 has type 'long unsigned int' [-Wformat=]
../src/helloworld.c:170:2: warning: format '%x' expects argument of type 'unsigned int', but argument 4 has type 'u32' [-Wformat=]
../src/helloworld.c:170:2: warning: format '%x' expects argument of type 'unsigned int', but argument 5 has type 'u32' [-Wformat=]
../src/helloworld.c: In function 'read':
../src/helloworld.c:200:2: warning: format '%x' expects argument of type 'unsigned int', but argument 2 has type 'u32' [-Wformat=]
  printf("READ %x %x\n\r",result_addr,result_data);
  ^
../src/helloworld.c:200:2: warning: format '%x' expects argument of type 'unsigned int', but argument 3 has type 'u32' [-Wformat=]
../src/helloworld.c:200:2: warning: format '%x' expects argument of type 'unsigned int', but argument 2 has type 'u32' [-Wformat=]
../src/helloworld.c:200:2: warning: format '%x' expects argument of type 'unsigned int', but argument 3 has type 'u32' [-Wformat=]
'Finished building: ../src/helloworld.c'
' '
'Building target: sram_sip.elf'
'Invoking: ARM v7 gcc linker'
arm-none-eabi-gcc -mcpu=cortex-a9 -mfpu=vfpv3 -mfloat-abi=hard -Wl,-build-id=none -specs=Xilinx.spec -Wl,-T -Wl,../src/lscript.ld -L../../sram_sip_bsp/ps7_cortexa9_0/lib -o "sram_sip.elf"  ./src/helloworld.o ./src/platform.o   -Wl,--start-group,-lxil,-lgcc,-lc,--end-group
'Finished building target: sram_sip.elf'
' '
'Invoking: ARM v7 Print Size'
arm-none-eabi-size sram_sip.elf  |tee "sram_sip.elf.size"
   text	   data	    bss	    dec	    hex	filename
  79332	   2588	  23340	 105260	  19b2c	sram_sip.elf
'Finished building: sram_sip.elf.size'
' '
14:53:43 **** Auto Build of configuration Debug for project sram_sip ****
make pre-build main-build 
a9-linaro-pre-build-step
' '
'Building file: ../src/helloworld.c'
'Invoking: ARM v7 gcc compiler'
arm-none-eabi-gcc -Wall -O0 -g3 -c -fmessage-length=0 -MT"src/helloworld.o" -mcpu=cortex-a9 -mfpu=vfpv3 -mfloat-abi=hard -I../../sram_sip_bsp/ps7_cortexa9_0/include -MMD -MP -MF"src/helloworld.d" -MT"src/helloworld.o" -o "src/helloworld.o" "../src/helloworld.c"
../src/helloworld.c: In function 'write_one':
../src/helloworld.c:106:2: warning: format '%x' expects argument of type 'unsigned int', but argument 2 has type 'u32' [-Wformat=]
  printf("WRITE_ONE %x %x\n\r",addr,data);
  ^
../src/helloworld.c:106:2: warning: format '%x' expects argument of type 'unsigned int', but argument 3 has type 'u32' [-Wformat=]
../src/helloworld.c:106:2: warning: format '%x' expects argument of type 'unsigned int', but argument 2 has type 'u32' [-Wformat=]
../src/helloworld.c:106:2: warning: format '%x' expects argument of type 'unsigned int', but argument 3 has type 'u32' [-Wformat=]
../src/helloworld.c: In function 'write_all':
../src/helloworld.c:132:2: warning: format '%x' expects argument of type 'unsigned int', but argument 2 has type 'u32' [-Wformat=]
  printf("WRITE_ALL %x\n\r",data);
  ^
../src/helloworld.c:132:2: warning: format '%x' expects argument of type 'unsigned int', but argument 2 has type 'u32' [-Wformat=]
../src/helloworld.c: In function 'write_cfg':
../src/helloworld.c:170:2: warning: format '%x' expects argument of type 'unsigned int', but argument 2 has type 'u32' [-Wformat=]
  printf("WRITE_CFG %x %x %x %x\n\r",op_cfg,times+1,addr,data);
  ^
../src/helloworld.c:170:2: warning: format '%x' expects argument of type 'unsigned int', but argument 3 has type 'long unsigned int' [-Wformat=]
../src/helloworld.c:170:2: warning: format '%x' expects argument of type 'unsigned int', but argument 4 has type 'u32' [-Wformat=]
../src/helloworld.c:170:2: warning: format '%x' expects argument of type 'unsigned int', but argument 5 has type 'u32' [-Wformat=]
../src/helloworld.c:170:2: warning: format '%x' expects argument of type 'unsigned int', but argument 2 has type 'u32' [-Wformat=]
../src/helloworld.c:170:2: warning: format '%x' expects argument of type 'unsigned int', but argument 3 has type 'long unsigned int' [-Wformat=]
../src/helloworld.c:170:2: warning: format '%x' expects argument of type 'unsigned int', but argument 4 has type 'u32' [-Wformat=]
../src/helloworld.c:170:2: warning: format '%x' expects argument of type 'unsigned int', but argument 5 has type 'u32' [-Wformat=]
../src/helloworld.c: In function 'read':
../src/helloworld.c:200:2: warning: format '%x' expects argument of type 'unsigned int', but argument 2 has type 'u32' [-Wformat=]
  printf("READ %x %x\n\r",result_addr,result_data);
  ^
../src/helloworld.c:200:2: warning: format '%x' expects argument of type 'unsigned int', but argument 3 has type 'u32' [-Wformat=]
../src/helloworld.c:200:2: warning: format '%x' expects argument of type 'unsigned int', but argument 2 has type 'u32' [-Wformat=]
../src/helloworld.c:200:2: warning: format '%x' expects argument of type 'unsigned int', but argument 3 has type 'u32' [-Wformat=]
'Finished building: ../src/helloworld.c'
' '
'Building target: sram_sip.elf'
'Invoking: ARM v7 gcc linker'
arm-none-eabi-gcc -mcpu=cortex-a9 -mfpu=vfpv3 -mfloat-abi=hard -Wl,-build-id=none -specs=Xilinx.spec -Wl,-T -Wl,../src/lscript.ld -L../../sram_sip_bsp/ps7_cortexa9_0/lib -o "sram_sip.elf"  ./src/helloworld.o ./src/platform.o   -Wl,--start-group,-lxil,-lgcc,-lc,--end-group
'Finished building target: sram_sip.elf'
' '
'Invoking: ARM v7 Print Size'
arm-none-eabi-size sram_sip.elf  |tee "sram_sip.elf.size"
   text	   data	    bss	    dec	    hex	filename
  79420	   2588	  23340	 105348	  19b84	sram_sip.elf
'Finished building: sram_sip.elf.size'
' '
14:53:50 **** Auto Build of configuration Debug for project sram_sip ****
make pre-build main-build 
a9-linaro-pre-build-step
' '
'Building file: ../src/helloworld.c'
'Invoking: ARM v7 gcc compiler'
arm-none-eabi-gcc -Wall -O0 -g3 -c -fmessage-length=0 -MT"src/helloworld.o" -mcpu=cortex-a9 -mfpu=vfpv3 -mfloat-abi=hard -I../../sram_sip_bsp/ps7_cortexa9_0/include -MMD -MP -MF"src/helloworld.d" -MT"src/helloworld.o" -o "src/helloworld.o" "../src/helloworld.c"
../src/helloworld.c: In function 'write_one':
../src/helloworld.c:106:2: warning: format '%x' expects argument of type 'unsigned int', but argument 2 has type 'u32' [-Wformat=]
  printf("WRITE_ONE %x %x\n\r",addr,data);
  ^
../src/helloworld.c:106:2: warning: format '%x' expects argument of type 'unsigned int', but argument 3 has type 'u32' [-Wformat=]
../src/helloworld.c:106:2: warning: format '%x' expects argument of type 'unsigned int', but argument 2 has type 'u32' [-Wformat=]
../src/helloworld.c:106:2: warning: format '%x' expects argument of type 'unsigned int', but argument 3 has type 'u32' [-Wformat=]
../src/helloworld.c: In function 'write_all':
../src/helloworld.c:132:2: warning: format '%x' expects argument of type 'unsigned int', but argument 2 has type 'u32' [-Wformat=]
  printf("WRITE_ALL %x\n\r",data);
  ^
../src/helloworld.c:132:2: warning: format '%x' expects argument of type 'unsigned int', but argument 2 has type 'u32' [-Wformat=]
../src/helloworld.c: In function 'write_cfg':
../src/helloworld.c:170:2: warning: format '%x' expects argument of type 'unsigned int', but argument 2 has type 'u32' [-Wformat=]
  printf("WRITE_CFG %x %x %x %x\n\r",op_cfg,times+1,addr,data);
  ^
../src/helloworld.c:170:2: warning: format '%x' expects argument of type 'unsigned int', but argument 3 has type 'long unsigned int' [-Wformat=]
../src/helloworld.c:170:2: warning: format '%x' expects argument of type 'unsigned int', but argument 4 has type 'u32' [-Wformat=]
../src/helloworld.c:170:2: warning: format '%x' expects argument of type 'unsigned int', but argument 5 has type 'u32' [-Wformat=]
../src/helloworld.c:170:2: warning: format '%x' expects argument of type 'unsigned int', but argument 2 has type 'u32' [-Wformat=]
../src/helloworld.c:170:2: warning: format '%x' expects argument of type 'unsigned int', but argument 3 has type 'long unsigned int' [-Wformat=]
../src/helloworld.c:170:2: warning: format '%x' expects argument of type 'unsigned int', but argument 4 has type 'u32' [-Wformat=]
../src/helloworld.c:170:2: warning: format '%x' expects argument of type 'unsigned int', but argument 5 has type 'u32' [-Wformat=]
../src/helloworld.c: In function 'read':
../src/helloworld.c:200:2: warning: format '%x' expects argument of type 'unsigned int', but argument 2 has type 'u32' [-Wformat=]
  printf("READ %x %x\n\r",result_addr,result_data);
  ^
../src/helloworld.c:200:2: warning: format '%x' expects argument of type 'unsigned int', but argument 3 has type 'u32' [-Wformat=]
../src/helloworld.c:200:2: warning: format '%x' expects argument of type 'unsigned int', but argument 2 has type 'u32' [-Wformat=]
../src/helloworld.c:200:2: warning: format '%x' expects argument of type 'unsigned int', but argument 3 has type 'u32' [-Wformat=]
'Finished building: ../src/helloworld.c'
' '
'Building target: sram_sip.elf'
'Invoking: ARM v7 gcc linker'
arm-none-eabi-gcc -mcpu=cortex-a9 -mfpu=vfpv3 -mfloat-abi=hard -Wl,-build-id=none -specs=Xilinx.spec -Wl,-T -Wl,../src/lscript.ld -L../../sram_sip_bsp/ps7_cortexa9_0/lib -o "sram_sip.elf"  ./src/helloworld.o ./src/platform.o   -Wl,--start-group,-lxil,-lgcc,-lc,--end-group
'Finished building target: sram_sip.elf'
' '
'Invoking: ARM v7 Print Size'
arm-none-eabi-size sram_sip.elf  |tee "sram_sip.elf.size"
   text	   data	    bss	    dec	    hex	filename
  79420	   2588	  23340	 105348	  19b84	sram_sip.elf
'Finished building: sram_sip.elf.size'
' '
14:54:11 **** Incremental Build of configuration Debug for project sram_sip ****
make pre-build main-build 
a9-linaro-pre-build-step
' '
make: Nothing to be done for `main-build'.
15:28:22 **** Incremental Build of configuration Debug for project sram_sip ****
make pre-build main-build 
a9-linaro-pre-build-step
' '
make: Nothing to be done for `main-build'.
15:30:29 **** Incremental Build of configuration Debug for project sram_sip ****
make pre-build main-build 
a9-linaro-pre-build-step
' '
make: Nothing to be done for `main-build'.
15:35:11 **** Incremental Build of configuration Debug for project sram_sip ****
make pre-build main-build 
a9-linaro-pre-build-step
' '
make: Nothing to be done for `main-build'.
17:09:03 **** Incremental Build of configuration Debug for project sram_sip ****
make pre-build main-build 
a9-linaro-pre-build-step
' '
make: Nothing to be done for `main-build'.
17:15:01 **** Incremental Build of configuration Debug for project sram_sip ****
make pre-build main-build 
a9-linaro-pre-build-step
' '
make: Nothing to be done for `main-build'.
17:19:06 **** Incremental Build of configuration Debug for project sram_sip ****
make pre-build main-build 
a9-linaro-pre-build-step
' '
make: Nothing to be done for `main-build'.
18:24:05 **** Incremental Build of configuration Debug for project sram_sip ****
make pre-build main-build 
a9-linaro-pre-build-step
' '
make: Nothing to be done for `main-build'.
