19:15:35 **** Build of project sram_sip_bsp ****
make -k all 
"Running Make include in ps7_cortexa9_0/libsrc/coresightps_dcc_v1_2/src"
make -C ps7_cortexa9_0/libsrc/coresightps_dcc_v1_2/src -s include  "SHELL=CMD" "COMPILER=arm-none-eabi-gcc" "ARCHIVER=arm-none-eabi-ar" "COMPILER_FLAGS=  -O2 -c" "EXTRA_COMPILER_FLAGS=-mcpu=cortex-a9 -mfpu=vfpv3 -mfloat-abi=hard -nostartfiles"
"Running Make include in ps7_cortexa9_0/libsrc/cpu_cortexa9_v2_2/src"
make -C ps7_cortexa9_0/libsrc/cpu_cortexa9_v2_2/src -s include  "SHELL=CMD" "COMPILER=arm-none-eabi-gcc" "ARCHIVER=arm-none-eabi-ar" "COMPILER_FLAGS=  -O2 -c" "EXTRA_COMPILER_FLAGS=-mcpu=cortex-a9 -mfpu=vfpv3 -mfloat-abi=hard -nostartfiles"
"Running Make include in ps7_cortexa9_0/libsrc/ddrps_v1_0/src"
make -C ps7_cortexa9_0/libsrc/ddrps_v1_0/src -s include  "SHELL=CMD" "COMPILER=arm-none-eabi-gcc" "ARCHIVER=arm-none-eabi-ar" "COMPILER_FLAGS=  -O2 -c" "EXTRA_COMPILER_FLAGS=-mcpu=cortex-a9 -mfpu=vfpv3 -mfloat-abi=hard -nostartfiles"
"Running Make include in ps7_cortexa9_0/libsrc/devcfg_v3_4/src"
make -C ps7_cortexa9_0/libsrc/devcfg_v3_4/src -s include  "SHELL=CMD" "COMPILER=arm-none-eabi-gcc" "ARCHIVER=arm-none-eabi-ar" "COMPILER_FLAGS=  -O2 -c" "EXTRA_COMPILER_FLAGS=-mcpu=cortex-a9 -mfpu=vfpv3 -mfloat-abi=hard -nostartfiles"
"Running Make include in ps7_cortexa9_0/libsrc/dmaps_v2_1/src"
make -C ps7_cortexa9_0/libsrc/dmaps_v2_1/src -s include  "SHELL=CMD" "COMPILER=arm-none-eabi-gcc" "ARCHIVER=arm-none-eabi-ar" "COMPILER_FLAGS=  -O2 -c" "EXTRA_COMPILER_FLAGS=-mcpu=cortex-a9 -mfpu=vfpv3 -mfloat-abi=hard -nostartfiles"
"Running Make include in ps7_cortexa9_0/libsrc/emacps_v3_2/src"
make -C ps7_cortexa9_0/libsrc/emacps_v3_2/src -s include  "SHELL=CMD" "COMPILER=arm-none-eabi-gcc" "ARCHIVER=arm-none-eabi-ar" "COMPILER_FLAGS=  -O2 -c" "EXTRA_COMPILER_FLAGS=-mcpu=cortex-a9 -mfpu=vfpv3 -mfloat-abi=hard -nostartfiles"
"Running Make include in ps7_cortexa9_0/libsrc/gpiops_v3_1/src"
make -C ps7_cortexa9_0/libsrc/gpiops_v3_1/src -s include  "SHELL=CMD" "COMPILER=arm-none-eabi-gcc" "ARCHIVER=arm-none-eabi-ar" "COMPILER_FLAGS=  -O2 -c" "EXTRA_COMPILER_FLAGS=-mcpu=cortex-a9 -mfpu=vfpv3 -mfloat-abi=hard -nostartfiles"
"Running Make include in ps7_cortexa9_0/libsrc/qspips_v3_3/src"
make -C ps7_cortexa9_0/libsrc/qspips_v3_3/src -s include  "SHELL=CMD" "COMPILER=arm-none-eabi-gcc" "ARCHIVER=arm-none-eabi-ar" "COMPILER_FLAGS=  -O2 -c" "EXTRA_COMPILER_FLAGS=-mcpu=cortex-a9 -mfpu=vfpv3 -mfloat-abi=hard -nostartfiles"
"Running Make include in ps7_cortexa9_0/libsrc/scugic_v3_2/src"
make -C ps7_cortexa9_0/libsrc/scugic_v3_2/src -s include  "SHELL=CMD" "COMPILER=arm-none-eabi-gcc" "ARCHIVER=arm-none-eabi-ar" "COMPILER_FLAGS=  -O2 -c" "EXTRA_COMPILER_FLAGS=-mcpu=cortex-a9 -mfpu=vfpv3 -mfloat-abi=hard -nostartfiles"
"Running Make include in ps7_cortexa9_0/libsrc/scutimer_v2_1/src"
make -C ps7_cortexa9_0/libsrc/scutimer_v2_1/src -s include  "SHELL=CMD" "COMPILER=arm-none-eabi-gcc" "ARCHIVER=arm-none-eabi-ar" "COMPILER_FLAGS=  -O2 -c" "EXTRA_COMPILER_FLAGS=-mcpu=cortex-a9 -mfpu=vfpv3 -mfloat-abi=hard -nostartfiles"
"Running Make include in ps7_cortexa9_0/libsrc/scuwdt_v2_1/src"
make -C ps7_cortexa9_0/libsrc/scuwdt_v2_1/src -s include  "SHELL=CMD" "COMPILER=arm-none-eabi-gcc" "ARCHIVER=arm-none-eabi-ar" "COMPILER_FLAGS=  -O2 -c" "EXTRA_COMPILER_FLAGS=-mcpu=cortex-a9 -mfpu=vfpv3 -mfloat-abi=hard -nostartfiles"
"Running Make include in ps7_cortexa9_0/libsrc/sdps_v2_7/src"
make -C ps7_cortexa9_0/libsrc/sdps_v2_7/src -s include  "SHELL=CMD" "COMPILER=arm-none-eabi-gcc" "ARCHIVER=arm-none-eabi-ar" "COMPILER_FLAGS=  -O2 -c" "EXTRA_COMPILER_FLAGS=-mcpu=cortex-a9 -mfpu=vfpv3 -mfloat-abi=hard -nostartfiles"
"Running Make include in ps7_cortexa9_0/libsrc/sram_control_v1_0/src"
make -C ps7_cortexa9_0/libsrc/sram_control_v1_0/src -s include  "SHELL=CMD" "COMPILER=arm-none-eabi-gcc" "ARCHIVER=arm-none-eabi-ar" "COMPILER_FLAGS=  -O2 -c" "EXTRA_COMPILER_FLAGS=-mcpu=cortex-a9 -mfpu=vfpv3 -mfloat-abi=hard -nostartfiles"
"Running Make include in ps7_cortexa9_0/libsrc/standalone_v5_4/src"
make -C ps7_cortexa9_0/libsrc/standalone_v5_4/src -s include  "SHELL=CMD" "COMPILER=arm-none-eabi-gcc" "ARCHIVER=arm-none-eabi-ar" "COMPILER_FLAGS=  -O2 -c" "EXTRA_COMPILER_FLAGS=-mcpu=cortex-a9 -mfpu=vfpv3 -mfloat-abi=hard -nostartfiles"
"Running Make include in ps7_cortexa9_0/libsrc/uartps_v3_1/src"
make -C ps7_cortexa9_0/libsrc/uartps_v3_1/src -s include  "SHELL=CMD" "COMPILER=arm-none-eabi-gcc" "ARCHIVER=arm-none-eabi-ar" "COMPILER_FLAGS=  -O2 -c" "EXTRA_COMPILER_FLAGS=-mcpu=cortex-a9 -mfpu=vfpv3 -mfloat-abi=hard -nostartfiles"
"Running Make include in ps7_cortexa9_0/libsrc/usbps_v2_3/src"
make -C ps7_cortexa9_0/libsrc/usbps_v2_3/src -s include  "SHELL=CMD" "COMPILER=arm-none-eabi-gcc" "ARCHIVER=arm-none-eabi-ar" "COMPILER_FLAGS=  -O2 -c" "EXTRA_COMPILER_FLAGS=-mcpu=cortex-a9 -mfpu=vfpv3 -mfloat-abi=hard -nostartfiles"
"Running Make include in ps7_cortexa9_0/libsrc/xadcps_v2_2/src"
make -C ps7_cortexa9_0/libsrc/xadcps_v2_2/src -s include  "SHELL=CMD" "COMPILER=arm-none-eabi-gcc" "ARCHIVER=arm-none-eabi-ar" "COMPILER_FLAGS=  -O2 -c" "EXTRA_COMPILER_FLAGS=-mcpu=cortex-a9 -mfpu=vfpv3 -mfloat-abi=hard -nostartfiles"
"Running Make libs in ps7_cortexa9_0/libsrc/coresightps_dcc_v1_2/src"
make -C ps7_cortexa9_0/libsrc/coresightps_dcc_v1_2/src -s libs  "SHELL=CMD" "COMPILER=arm-none-eabi-gcc" "ARCHIVER=arm-none-eabi-ar" "COMPILER_FLAGS=  -O2 -c" "EXTRA_COMPILER_FLAGS=-mcpu=cortex-a9 -mfpu=vfpv3 -mfloat-abi=hard -nostartfiles"
"Compiling coresightps_dcc"
arm-none-eabi-ar: ÕýÔÚ´´½¨ ../../../lib/libxil.a
"Running Make libs in ps7_cortexa9_0/libsrc/cpu_cortexa9_v2_2/src"
make -C ps7_cortexa9_0/libsrc/cpu_cortexa9_v2_2/src -s libs  "SHELL=CMD" "COMPILER=arm-none-eabi-gcc" "ARCHIVER=arm-none-eabi-ar" "COMPILER_FLAGS=  -O2 -c" "EXTRA_COMPILER_FLAGS=-mcpu=cortex-a9 -mfpu=vfpv3 -mfloat-abi=hard -nostartfiles"
"Compiling cpu_cortexa9"
"Running Make libs in ps7_cortexa9_0/libsrc/ddrps_v1_0/src"
make -C ps7_cortexa9_0/libsrc/ddrps_v1_0/src -s libs  "SHELL=CMD" "COMPILER=arm-none-eabi-gcc" "ARCHIVER=arm-none-eabi-ar" "COMPILER_FLAGS=  -O2 -c" "EXTRA_COMPILER_FLAGS=-mcpu=cortex-a9 -mfpu=vfpv3 -mfloat-abi=hard -nostartfiles"
"Compiling ddrps"
"Running Make libs in ps7_cortexa9_0/libsrc/devcfg_v3_4/src"
make -C ps7_cortexa9_0/libsrc/devcfg_v3_4/src -s libs  "SHELL=CMD" "COMPILER=arm-none-eabi-gcc" "ARCHIVER=arm-none-eabi-ar" "COMPILER_FLAGS=  -O2 -c" "EXTRA_COMPILER_FLAGS=-mcpu=cortex-a9 -mfpu=vfpv3 -mfloat-abi=hard -nostartfiles"
"Compiling devcfg"
"Running Make libs in ps7_cortexa9_0/libsrc/dmaps_v2_1/src"
make -C ps7_cortexa9_0/libsrc/dmaps_v2_1/src -s libs  "SHELL=CMD" "COMPILER=arm-none-eabi-gcc" "ARCHIVER=arm-none-eabi-ar" "COMPILER_FLAGS=  -O2 -c" "EXTRA_COMPILER_FLAGS=-mcpu=cortex-a9 -mfpu=vfpv3 -mfloat-abi=hard -nostartfiles"
"Compiling dmaps"
"Running Make libs in ps7_cortexa9_0/libsrc/emacps_v3_2/src"
make -C ps7_cortexa9_0/libsrc/emacps_v3_2/src -s libs  "SHELL=CMD" "COMPILER=arm-none-eabi-gcc" "ARCHIVER=arm-none-eabi-ar" "COMPILER_FLAGS=  -O2 -c" "EXTRA_COMPILER_FLAGS=-mcpu=cortex-a9 -mfpu=vfpv3 -mfloat-abi=hard -nostartfiles"
"Compiling emacps"
"Running Make libs in ps7_cortexa9_0/libsrc/gpiops_v3_1/src"
make -C ps7_cortexa9_0/libsrc/gpiops_v3_1/src -s libs  "SHELL=CMD" "COMPILER=arm-none-eabi-gcc" "ARCHIVER=arm-none-eabi-ar" "COMPILER_FLAGS=  -O2 -c" "EXTRA_COMPILER_FLAGS=-mcpu=cortex-a9 -mfpu=vfpv3 -mfloat-abi=hard -nostartfiles"
"Compiling gpiops"
"Running Make libs in ps7_cortexa9_0/libsrc/qspips_v3_3/src"
make -C ps7_cortexa9_0/libsrc/qspips_v3_3/src -s libs  "SHELL=CMD" "COMPILER=arm-none-eabi-gcc" "ARCHIVER=arm-none-eabi-ar" "COMPILER_FLAGS=  -O2 -c" "EXTRA_COMPILER_FLAGS=-mcpu=cortex-a9 -mfpu=vfpv3 -mfloat-abi=hard -nostartfiles"
"Compiling qspips"
"Running Make libs in ps7_cortexa9_0/libsrc/scugic_v3_2/src"
make -C ps7_cortexa9_0/libsrc/scugic_v3_2/src -s libs  "SHELL=CMD" "COMPILER=arm-none-eabi-gcc" "ARCHIVER=arm-none-eabi-ar" "COMPILER_FLAGS=  -O2 -c" "EXTRA_COMPILER_FLAGS=-mcpu=cortex-a9 -mfpu=vfpv3 -mfloat-abi=hard -nostartfiles"
"Compiling scugic"
"Running Make libs in ps7_cortexa9_0/libsrc/scutimer_v2_1/src"
make -C ps7_cortexa9_0/libsrc/scutimer_v2_1/src -s libs  "SHELL=CMD" "COMPILER=arm-none-eabi-gcc" "ARCHIVER=arm-none-eabi-ar" "COMPILER_FLAGS=  -O2 -c" "EXTRA_COMPILER_FLAGS=-mcpu=cortex-a9 -mfpu=vfpv3 -mfloat-abi=hard -nostartfiles"
"Compiling scutimer"
"Running Make libs in ps7_cortexa9_0/libsrc/scuwdt_v2_1/src"
make -C ps7_cortexa9_0/libsrc/scuwdt_v2_1/src -s libs  "SHELL=CMD" "COMPILER=arm-none-eabi-gcc" "ARCHIVER=arm-none-eabi-ar" "COMPILER_FLAGS=  -O2 -c" "EXTRA_COMPILER_FLAGS=-mcpu=cortex-a9 -mfpu=vfpv3 -mfloat-abi=hard -nostartfiles"
"Compiling scuwdt"
"Running Make libs in ps7_cortexa9_0/libsrc/sdps_v2_7/src"
make -C ps7_cortexa9_0/libsrc/sdps_v2_7/src -s libs  "SHELL=CMD" "COMPILER=arm-none-eabi-gcc" "ARCHIVER=arm-none-eabi-ar" "COMPILER_FLAGS=  -O2 -c" "EXTRA_COMPILER_FLAGS=-mcpu=cortex-a9 -mfpu=vfpv3 -mfloat-abi=hard -nostartfiles"
"Compiling sdps"
"Running Make libs in ps7_cortexa9_0/libsrc/sram_control_v1_0/src"
make -C ps7_cortexa9_0/libsrc/sram_control_v1_0/src -s libs  "SHELL=CMD" "COMPILER=arm-none-eabi-gcc" "ARCHIVER=arm-none-eabi-ar" "COMPILER_FLAGS=  -O2 -c" "EXTRA_COMPILER_FLAGS=-mcpu=cortex-a9 -mfpu=vfpv3 -mfloat-abi=hard -nostartfiles"
"Compiling sram_control..."
"Running Make libs in ps7_cortexa9_0/libsrc/standalone_v5_4/src"
make -C ps7_cortexa9_0/libsrc/standalone_v5_4/src -s libs  "SHELL=CMD" "COMPILER=arm-none-eabi-gcc" "ARCHIVER=arm-none-eabi-ar" "COMPILER_FLAGS=  -O2 -c" "EXTRA_COMPILER_FLAGS=-mcpu=cortex-a9 -mfpu=vfpv3 -mfloat-abi=hard -nostartfiles"
"Compiling standalone"
"Running Make libs in ps7_cortexa9_0/libsrc/uartps_v3_1/src"
make -C ps7_cortexa9_0/libsrc/uartps_v3_1/src -s libs  "SHELL=CMD" "COMPILER=arm-none-eabi-gcc" "ARCHIVER=arm-none-eabi-ar" "COMPILER_FLAGS=  -O2 -c" "EXTRA_COMPILER_FLAGS=-mcpu=cortex-a9 -mfpu=vfpv3 -mfloat-abi=hard -nostartfiles"
"Compiling uartps"
"Running Make libs in ps7_cortexa9_0/libsrc/usbps_v2_3/src"
make -C ps7_cortexa9_0/libsrc/usbps_v2_3/src -s libs  "SHELL=CMD" "COMPILER=arm-none-eabi-gcc" "ARCHIVER=arm-none-eabi-ar" "COMPILER_FLAGS=  -O2 -c" "EXTRA_COMPILER_FLAGS=-mcpu=cortex-a9 -mfpu=vfpv3 -mfloat-abi=hard -nostartfiles"
"Compiling usbps"
"Running Make libs in ps7_cortexa9_0/libsrc/xadcps_v2_2/src"
make -C ps7_cortexa9_0/libsrc/xadcps_v2_2/src -s libs  "SHELL=CMD" "COMPILER=arm-none-eabi-gcc" "ARCHIVER=arm-none-eabi-ar" "COMPILER_FLAGS=  -O2 -c" "EXTRA_COMPILER_FLAGS=-mcpu=cortex-a9 -mfpu=vfpv3 -mfloat-abi=hard -nostartfiles"
"Compiling xadcps"
'Finished building libraries'
19:16:38 **** Build of configuration Debug for project sram_sip ****
make pre-build main-build 
a9-linaro-pre-build-step
' '
'Building file: ../src/helloworld.c'
'Invoking: ARM v7 gcc compiler'
arm-none-eabi-gcc -Wall -O0 -g3 -c -fmessage-length=0 -MT"src/helloworld.o" -mcpu=cortex-a9 -mfpu=vfpv3 -mfloat-abi=hard -I../../sram_sip_bsp/ps7_cortexa9_0/include -MMD -MP -MF"src/helloworld.d" -MT"src/helloworld.o" -o "src/helloworld.o" "../src/helloworld.c"
'Finished building: ../src/helloworld.c'
' '
'Building file: ../src/platform.c'
'Invoking: ARM v7 gcc compiler'
arm-none-eabi-gcc -Wall -O0 -g3 -c -fmessage-length=0 -MT"src/platform.o" -mcpu=cortex-a9 -mfpu=vfpv3 -mfloat-abi=hard -I../../sram_sip_bsp/ps7_cortexa9_0/include -MMD -MP -MF"src/platform.d" -MT"src/platform.o" -o "src/platform.o" "../src/platform.c"
'Finished building: ../src/platform.c'
' '
'Building target: sram_sip.elf'
'Invoking: ARM v7 gcc linker'
arm-none-eabi-gcc -mcpu=cortex-a9 -mfpu=vfpv3 -mfloat-abi=hard -Wl,-build-id=none -specs=Xilinx.spec -Wl,-T -Wl,../src/lscript.ld -L../../sram_sip_bsp/ps7_cortexa9_0/lib -o "sram_sip.elf"  ./src/helloworld.o ./src/platform.o   -Wl,--start-group,-lxil,-lgcc,-lc,--end-group
'Finished building target: sram_sip.elf'
' '
'Invoking: ARM v7 Print Size'
arm-none-eabi-size sram_sip.elf  |tee "sram_sip.elf.size"
   text	   data	    bss	    dec	    hex	filename
  22960	   1152	  22580	  46692	   b664	sram_sip.elf
'Finished building: sram_sip.elf.size'
' '
19:17:56 **** Auto Build of configuration Debug for project sram_sip ****
make pre-build main-build 
a9-linaro-pre-build-step
' '
'Building file: ../src/helloworld.c'
'Invoking: ARM v7 gcc compiler'
arm-none-eabi-gcc -Wall -O0 -g3 -c -fmessage-length=0 -MT"src/helloworld.o" -mcpu=cortex-a9 -mfpu=vfpv3 -mfloat-abi=hard -I../../sram_sip_bsp/ps7_cortexa9_0/include -MMD -MP -MF"src/helloworld.d" -MT"src/helloworld.o" -o "src/helloworld.o" "../src/helloworld.c"
../src/helloworld.c: In function 'write_one':
../src/helloworld.c:106:2: warning: format '%x' expects argument of type 'unsigned int', but argument 2 has type 'u32' [-Wformat=]
  printf("WRITE_ONE %x %x\n\r",addr,data);
  ^
../src/helloworld.c:106:2: warning: format '%x' expects argument of type 'unsigned int', but argument 3 has type 'u32' [-Wformat=]
../src/helloworld.c:106:2: warning: format '%x' expects argument of type 'unsigned int', but argument 2 has type 'u32' [-Wformat=]
../src/helloworld.c:106:2: warning: format '%x' expects argument of type 'unsigned int', but argument 3 has type 'u32' [-Wformat=]
../src/helloworld.c: In function 'write_all':
../src/helloworld.c:132:2: warning: format '%x' expects argument of type 'unsigned int', but argument 2 has type 'u32' [-Wformat=]
  printf("WRITE_ALL %x\n\r",data);
  ^
../src/helloworld.c:132:2: warning: format '%x' expects argument of type 'unsigned int', but argument 2 has type 'u32' [-Wformat=]
../src/helloworld.c: In function 'write_cfg':
../src/helloworld.c:170:2: warning: format '%x' expects argument of type 'unsigned int', but argument 2 has type 'u32' [-Wformat=]
  printf("WRITE_CFG %x %x %x %x\n\r",op_cfg,times+1,addr,data);
  ^
../src/helloworld.c:170:2: warning: format '%x' expects argument of type 'unsigned int', but argument 3 has type 'long unsigned int' [-Wformat=]
../src/helloworld.c:170:2: warning: format '%x' expects argument of type 'unsigned int', but argument 4 has type 'u32' [-Wformat=]
../src/helloworld.c:170:2: warning: format '%x' expects argument of type 'unsigned int', but argument 5 has type 'u32' [-Wformat=]
../src/helloworld.c:170:2: warning: format '%x' expects argument of type 'unsigned int', but argument 2 has type 'u32' [-Wformat=]
../src/helloworld.c:170:2: warning: format '%x' expects argument of type 'unsigned int', but argument 3 has type 'long unsigned int' [-Wformat=]
../src/helloworld.c:170:2: warning: format '%x' expects argument of type 'unsigned int', but argument 4 has type 'u32' [-Wformat=]
../src/helloworld.c:170:2: warning: format '%x' expects argument of type 'unsigned int', but argument 5 has type 'u32' [-Wformat=]
../src/helloworld.c: In function 'read':
../src/helloworld.c:200:2: warning: format '%x' expects argument of type 'unsigned int', but argument 2 has type 'u32' [-Wformat=]
  printf("READ %x %x\n\r",result_addr,result_data);
  ^
../src/helloworld.c:200:2: warning: format '%x' expects argument of type 'unsigned int', but argument 3 has type 'u32' [-Wformat=]
../src/helloworld.c:200:2: warning: format '%x' expects argument of type 'unsigned int', but argument 2 has type 'u32' [-Wformat=]
../src/helloworld.c:200:2: warning: format '%x' expects argument of type 'unsigned int', but argument 3 has type 'u32' [-Wformat=]
'Finished building: ../src/helloworld.c'
' '
'Building target: sram_sip.elf'
'Invoking: ARM v7 gcc linker'
arm-none-eabi-gcc -mcpu=cortex-a9 -mfpu=vfpv3 -mfloat-abi=hard -Wl,-build-id=none -specs=Xilinx.spec -Wl,-T -Wl,../src/lscript.ld -L../../sram_sip_bsp/ps7_cortexa9_0/lib -o "sram_sip.elf"  ./src/helloworld.o ./src/platform.o   -Wl,--start-group,-lxil,-lgcc,-lc,--end-group
'Finished building target: sram_sip.elf'
' '
'Invoking: ARM v7 Print Size'
arm-none-eabi-size sram_sip.elf  |tee "sram_sip.elf.size"
   text	   data	    bss	    dec	    hex	filename
  79420	   2588	  23340	 105348	  19b84	sram_sip.elf
'Finished building: sram_sip.elf.size'
' '
19:18:57 **** Auto Build of configuration Debug for project sram_sip ****
make pre-build main-build 
a9-linaro-pre-build-step
' '
'Building file: ../src/helloworld.c'
'Invoking: ARM v7 gcc compiler'
arm-none-eabi-gcc -Wall -O0 -g3 -c -fmessage-length=0 -MT"src/helloworld.o" -mcpu=cortex-a9 -mfpu=vfpv3 -mfloat-abi=hard -I../../sram_sip_bsp/ps7_cortexa9_0/include -MMD -MP -MF"src/helloworld.d" -MT"src/helloworld.o" -o "src/helloworld.o" "../src/helloworld.c"
../src/helloworld.c: In function 'write_one':
../src/helloworld.c:106:2: warning: format '%x' expects argument of type 'unsigned int', but argument 2 has type 'u32' [-Wformat=]
  printf("WRITE_ONE %x %x\n\r",addr,data);
  ^
../src/helloworld.c:106:2: warning: format '%x' expects argument of type 'unsigned int', but argument 3 has type 'u32' [-Wformat=]
../src/helloworld.c:106:2: warning: format '%x' expects argument of type 'unsigned int', but argument 2 has type 'u32' [-Wformat=]
../src/helloworld.c:106:2: warning: format '%x' expects argument of type 'unsigned int', but argument 3 has type 'u32' [-Wformat=]
../src/helloworld.c: In function 'write_all':
../src/helloworld.c:132:2: warning: format '%x' expects argument of type 'unsigned int', but argument 2 has type 'u32' [-Wformat=]
  printf("WRITE_ALL %x\n\r",data);
  ^
../src/helloworld.c:132:2: warning: format '%x' expects argument of type 'unsigned int', but argument 2 has type 'u32' [-Wformat=]
../src/helloworld.c: In function 'write_cfg':
../src/helloworld.c:170:2: warning: format '%x' expects argument of type 'unsigned int', but argument 2 has type 'u32' [-Wformat=]
  printf("WRITE_CFG %x %x %x %x\n\r",op_cfg,times+1,addr,data);
  ^
../src/helloworld.c:170:2: warning: format '%x' expects argument of type 'unsigned int', but argument 3 has type 'long unsigned int' [-Wformat=]
../src/helloworld.c:170:2: warning: format '%x' expects argument of type 'unsigned int', but argument 4 has type 'u32' [-Wformat=]
../src/helloworld.c:170:2: warning: format '%x' expects argument of type 'unsigned int', but argument 5 has type 'u32' [-Wformat=]
../src/helloworld.c:170:2: warning: format '%x' expects argument of type 'unsigned int', but argument 2 has type 'u32' [-Wformat=]
../src/helloworld.c:170:2: warning: format '%x' expects argument of type 'unsigned int', but argument 3 has type 'long unsigned int' [-Wformat=]
../src/helloworld.c:170:2: warning: format '%x' expects argument of type 'unsigned int', but argument 4 has type 'u32' [-Wformat=]
../src/helloworld.c:170:2: warning: format '%x' expects argument of type 'unsigned int', but argument 5 has type 'u32' [-Wformat=]
../src/helloworld.c: In function 'read':
../src/helloworld.c:200:2: warning: format '%x' expects argument of type 'unsigned int', but argument 2 has type 'u32' [-Wformat=]
  printf("READ %x %x\n\r",result_addr,result_data);
  ^
../src/helloworld.c:200:2: warning: format '%x' expects argument of type 'unsigned int', but argument 3 has type 'u32' [-Wformat=]
../src/helloworld.c:200:2: warning: format '%x' expects argument of type 'unsigned int', but argument 2 has type 'u32' [-Wformat=]
../src/helloworld.c:200:2: warning: format '%x' expects argument of type 'unsigned int', but argument 3 has type 'u32' [-Wformat=]
../src/helloworld.c: At top level:
../src/helloworld.c:204:5: error: redefinition of 'read'
 u32 read(u32 addr)
     ^
../src/helloworld.c:174:5: note: previous definition of 'read' was here
 u32 read(u32 addr)
     ^
../src/helloworld.c: In function 'read':
../src/helloworld.c:230:2: warning: format '%x' expects argument of type 'unsigned int', but argument 2 has type 'u32' [-Wformat=]
  printf("READ %x %x\n\r",result_addr,result_data);
  ^
../src/helloworld.c:230:2: warning: format '%x' expects argument of type 'unsigned int', but argument 3 has type 'u32' [-Wformat=]
../src/helloworld.c:230:2: warning: format '%x' expects argument of type 'unsigned int', but argument 2 has type 'u32' [-Wformat=]
../src/helloworld.c:230:2: warning: format '%x' expects argument of type 'unsigned int', but argument 3 has type 'u32' [-Wformat=]
make: *** [src/helloworld.o] ´íÎó 1
19:19:02 **** Auto Build of configuration Debug for project sram_sip ****
make pre-build main-build 
a9-linaro-pre-build-step
' '
'Building file: ../src/helloworld.c'
'Invoking: ARM v7 gcc compiler'
arm-none-eabi-gcc -Wall -O0 -g3 -c -fmessage-length=0 -MT"src/helloworld.o" -mcpu=cortex-a9 -mfpu=vfpv3 -mfloat-abi=hard -I../../sram_sip_bsp/ps7_cortexa9_0/include -MMD -MP -MF"src/helloworld.d" -MT"src/helloworld.o" -o "src/helloworld.o" "../src/helloworld.c"
../src/helloworld.c: In function 'write_one':
../src/helloworld.c:106:2: warning: format '%x' expects argument of type 'unsigned int', but argument 2 has type 'u32' [-Wformat=]
  printf("WRITE_ONE %x %x\n\r",addr,data);
  ^
../src/helloworld.c:106:2: warning: format '%x' expects argument of type 'unsigned int', but argument 3 has type 'u32' [-Wformat=]
../src/helloworld.c:106:2: warning: format '%x' expects argument of type 'unsigned int', but argument 2 has type 'u32' [-Wformat=]
../src/helloworld.c:106:2: warning: format '%x' expects argument of type 'unsigned int', but argument 3 has type 'u32' [-Wformat=]
../src/helloworld.c: In function 'write_all':
../src/helloworld.c:132:2: warning: format '%x' expects argument of type 'unsigned int', but argument 2 has type 'u32' [-Wformat=]
  printf("WRITE_ALL %x\n\r",data);
  ^
../src/helloworld.c:132:2: warning: format '%x' expects argument of type 'unsigned int', but argument 2 has type 'u32' [-Wformat=]
../src/helloworld.c: In function 'write_cfg':
../src/helloworld.c:170:2: warning: format '%x' expects argument of type 'unsigned int', but argument 2 has type 'u32' [-Wformat=]
  printf("WRITE_CFG %x %x %x %x\n\r",op_cfg,times+1,addr,data);
  ^
../src/helloworld.c:170:2: warning: format '%x' expects argument of type 'unsigned int', but argument 3 has type 'long unsigned int' [-Wformat=]
../src/helloworld.c:170:2: warning: format '%x' expects argument of type 'unsigned int', but argument 4 has type 'u32' [-Wformat=]
../src/helloworld.c:170:2: warning: format '%x' expects argument of type 'unsigned int', but argument 5 has type 'u32' [-Wformat=]
../src/helloworld.c:170:2: warning: format '%x' expects argument of type 'unsigned int', but argument 2 has type 'u32' [-Wformat=]
../src/helloworld.c:170:2: warning: format '%x' expects argument of type 'unsigned int', but argument 3 has type 'long unsigned int' [-Wformat=]
../src/helloworld.c:170:2: warning: format '%x' expects argument of type 'unsigned int', but argument 4 has type 'u32' [-Wformat=]
../src/helloworld.c:170:2: warning: format '%x' expects argument of type 'unsigned int', but argument 5 has type 'u32' [-Wformat=]
../src/helloworld.c: In function 'read':
../src/helloworld.c:200:2: warning: format '%x' expects argument of type 'unsigned int', but argument 2 has type 'u32' [-Wformat=]
  printf("READ %x %x\n\r",result_addr,result_data);
  ^
../src/helloworld.c:200:2: warning: format '%x' expects argument of type 'unsigned int', but argument 3 has type 'u32' [-Wformat=]
../src/helloworld.c:200:2: warning: format '%x' expects argument of type 'unsigned int', but argument 2 has type 'u32' [-Wformat=]
../src/helloworld.c:200:2: warning: format '%x' expects argument of type 'unsigned int', but argument 3 has type 'u32' [-Wformat=]
../src/helloworld.c: In function 'read_d':
../src/helloworld.c:230:2: warning: format '%x' expects argument of type 'unsigned int', but argument 2 has type 'u32' [-Wformat=]
  printf("READ %x %x\n\r",result_addr,result_data);
  ^
../src/helloworld.c:230:2: warning: format '%x' expects argument of type 'unsigned int', but argument 3 has type 'u32' [-Wformat=]
../src/helloworld.c:230:2: warning: format '%x' expects argument of type 'unsigned int', but argument 2 has type 'u32' [-Wformat=]
../src/helloworld.c:230:2: warning: format '%x' expects argument of type 'unsigned int', but argument 3 has type 'u32' [-Wformat=]
'Finished building: ../src/helloworld.c'
' '
'Building target: sram_sip.elf'
'Invoking: ARM v7 gcc linker'
arm-none-eabi-gcc -mcpu=cortex-a9 -mfpu=vfpv3 -mfloat-abi=hard -Wl,-build-id=none -specs=Xilinx.spec -Wl,-T -Wl,../src/lscript.ld -L../../sram_sip_bsp/ps7_cortexa9_0/lib -o "sram_sip.elf"  ./src/helloworld.o ./src/platform.o   -Wl,--start-group,-lxil,-lgcc,-lc,--end-group
'Finished building target: sram_sip.elf'
' '
'Invoking: ARM v7 Print Size'
arm-none-eabi-size sram_sip.elf  |tee "sram_sip.elf.size"
   text	   data	    bss	    dec	    hex	filename
  79740	   2588	  23340	 105668	  19cc4	sram_sip.elf
'Finished building: sram_sip.elf.size'
' '
19:21:02 **** Auto Build of configuration Debug for project sram_sip ****
make pre-build main-build 
a9-linaro-pre-build-step
' '
'Building file: ../src/helloworld.c'
'Invoking: ARM v7 gcc compiler'
arm-none-eabi-gcc -Wall -O0 -g3 -c -fmessage-length=0 -MT"src/helloworld.o" -mcpu=cortex-a9 -mfpu=vfpv3 -mfloat-abi=hard -I../../sram_sip_bsp/ps7_cortexa9_0/include -MMD -MP -MF"src/helloworld.d" -MT"src/helloworld.o" -o "src/helloworld.o" "../src/helloworld.c"
../src/helloworld.c: In function 'write_one':
../src/helloworld.c:106:2: warning: format '%x' expects argument of type 'unsigned int', but argument 2 has type 'u32' [-Wformat=]
  printf("WRITE_ONE %x %x\n\r",addr,data);
  ^
../src/helloworld.c:106:2: warning: format '%x' expects argument of type 'unsigned int', but argument 3 has type 'u32' [-Wformat=]
../src/helloworld.c:106:2: warning: format '%x' expects argument of type 'unsigned int', but argument 2 has type 'u32' [-Wformat=]
../src/helloworld.c:106:2: warning: format '%x' expects argument of type 'unsigned int', but argument 3 has type 'u32' [-Wformat=]
../src/helloworld.c: In function 'write_all':
../src/helloworld.c:132:2: warning: format '%x' expects argument of type 'unsigned int', but argument 2 has type 'u32' [-Wformat=]
  printf("WRITE_ALL %x\n\r",data);
  ^
../src/helloworld.c:132:2: warning: format '%x' expects argument of type 'unsigned int', but argument 2 has type 'u32' [-Wformat=]
../src/helloworld.c: In function 'write_cfg':
../src/helloworld.c:170:2: warning: format '%x' expects argument of type 'unsigned int', but argument 2 has type 'u32' [-Wformat=]
  printf("WRITE_CFG %x %x %x %x\n\r",op_cfg,times+1,addr,data);
  ^
../src/helloworld.c:170:2: warning: format '%x' expects argument of type 'unsigned int', but argument 3 has type 'long unsigned int' [-Wformat=]
../src/helloworld.c:170:2: warning: format '%x' expects argument of type 'unsigned int', but argument 4 has type 'u32' [-Wformat=]
../src/helloworld.c:170:2: warning: format '%x' expects argument of type 'unsigned int', but argument 5 has type 'u32' [-Wformat=]
../src/helloworld.c:170:2: warning: format '%x' expects argument of type 'unsigned int', but argument 2 has type 'u32' [-Wformat=]
../src/helloworld.c:170:2: warning: format '%x' expects argument of type 'unsigned int', but argument 3 has type 'long unsigned int' [-Wformat=]
../src/helloworld.c:170:2: warning: format '%x' expects argument of type 'unsigned int', but argument 4 has type 'u32' [-Wformat=]
../src/helloworld.c:170:2: warning: format '%x' expects argument of type 'unsigned int', but argument 5 has type 'u32' [-Wformat=]
../src/helloworld.c: In function 'read':
../src/helloworld.c:200:2: warning: format '%x' expects argument of type 'unsigned int', but argument 2 has type 'u32' [-Wformat=]
  printf("READ %x %x\n\r",result_addr,result_data);
  ^
../src/helloworld.c:200:2: warning: format '%x' expects argument of type 'unsigned int', but argument 3 has type 'u32' [-Wformat=]
../src/helloworld.c:200:2: warning: format '%x' expects argument of type 'unsigned int', but argument 2 has type 'u32' [-Wformat=]
../src/helloworld.c:200:2: warning: format '%x' expects argument of type 'unsigned int', but argument 3 has type 'u32' [-Wformat=]
../src/helloworld.c: In function 'read_d':
../src/helloworld.c:231:2: warning: format '%x' expects argument of type 'unsigned int', but argument 2 has type 'u32' [-Wformat=]
  printf("READ %x %x\n\r",result_addr,result_data);
  ^
../src/helloworld.c:231:2: warning: format '%x' expects argument of type 'unsigned int', but argument 3 has type 'u32' [-Wformat=]
../src/helloworld.c:231:2: warning: format '%x' expects argument of type 'unsigned int', but argument 2 has type 'u32' [-Wformat=]
../src/helloworld.c:231:2: warning: format '%x' expects argument of type 'unsigned int', but argument 3 has type 'u32' [-Wformat=]
'Finished building: ../src/helloworld.c'
' '
'Building target: sram_sip.elf'
'Invoking: ARM v7 gcc linker'
arm-none-eabi-gcc -mcpu=cortex-a9 -mfpu=vfpv3 -mfloat-abi=hard -Wl,-build-id=none -specs=Xilinx.spec -Wl,-T -Wl,../src/lscript.ld -L../../sram_sip_bsp/ps7_cortexa9_0/lib -o "sram_sip.elf"  ./src/helloworld.o ./src/platform.o   -Wl,--start-group,-lxil,-lgcc,-lc,--end-group
'Finished building target: sram_sip.elf'
' '
'Invoking: ARM v7 Print Size'
arm-none-eabi-size sram_sip.elf  |tee "sram_sip.elf.size"
   text	   data	    bss	    dec	    hex	filename
  79740	   2588	  23340	 105668	  19cc4	sram_sip.elf
'Finished building: sram_sip.elf.size'
' '
19:24:23 **** Auto Build of configuration Debug for project sram_sip ****
make pre-build main-build 
a9-linaro-pre-build-step
' '
'Building file: ../src/helloworld.c'
'Invoking: ARM v7 gcc compiler'
arm-none-eabi-gcc -Wall -O0 -g3 -c -fmessage-length=0 -MT"src/helloworld.o" -mcpu=cortex-a9 -mfpu=vfpv3 -mfloat-abi=hard -I../../sram_sip_bsp/ps7_cortexa9_0/include -MMD -MP -MF"src/helloworld.d" -MT"src/helloworld.o" -o "src/helloworld.o" "../src/helloworld.c"
../src/helloworld.c: In function 'write_one':
../src/helloworld.c:106:2: warning: format '%x' expects argument of type 'unsigned int', but argument 2 has type 'u32' [-Wformat=]
  printf("WRITE_ONE %x %x\n\r",addr,data);
  ^
../src/helloworld.c:106:2: warning: format '%x' expects argument of type 'unsigned int', but argument 3 has type 'u32' [-Wformat=]
../src/helloworld.c:106:2: warning: format '%x' expects argument of type 'unsigned int', but argument 2 has type 'u32' [-Wformat=]
../src/helloworld.c:106:2: warning: format '%x' expects argument of type 'unsigned int', but argument 3 has type 'u32' [-Wformat=]
../src/helloworld.c: In function 'write_all':
../src/helloworld.c:132:2: warning: format '%x' expects argument of type 'unsigned int', but argument 2 has type 'u32' [-Wformat=]
  printf("WRITE_ALL %x\n\r",data);
  ^
../src/helloworld.c:132:2: warning: format '%x' expects argument of type 'unsigned int', but argument 2 has type 'u32' [-Wformat=]
../src/helloworld.c: In function 'write_cfg':
../src/helloworld.c:170:2: warning: format '%x' expects argument of type 'unsigned int', but argument 2 has type 'u32' [-Wformat=]
  printf("WRITE_CFG %x %x %x %x\n\r",op_cfg,times+1,addr,data);
  ^
../src/helloworld.c:170:2: warning: format '%x' expects argument of type 'unsigned int', but argument 3 has type 'long unsigned int' [-Wformat=]
../src/helloworld.c:170:2: warning: format '%x' expects argument of type 'unsigned int', but argument 4 has type 'u32' [-Wformat=]
../src/helloworld.c:170:2: warning: format '%x' expects argument of type 'unsigned int', but argument 5 has type 'u32' [-Wformat=]
../src/helloworld.c:170:2: warning: format '%x' expects argument of type 'unsigned int', but argument 2 has type 'u32' [-Wformat=]
../src/helloworld.c:170:2: warning: format '%x' expects argument of type 'unsigned int', but argument 3 has type 'long unsigned int' [-Wformat=]
../src/helloworld.c:170:2: warning: format '%x' expects argument of type 'unsigned int', but argument 4 has type 'u32' [-Wformat=]
../src/helloworld.c:170:2: warning: format '%x' expects argument of type 'unsigned int', but argument 5 has type 'u32' [-Wformat=]
../src/helloworld.c: In function 'read':
../src/helloworld.c:200:2: warning: format '%x' expects argument of type 'unsigned int', but argument 2 has type 'u32' [-Wformat=]
  printf("READ %x %x\n\r",result_addr,result_data);
  ^
../src/helloworld.c:200:2: warning: format '%x' expects argument of type 'unsigned int', but argument 3 has type 'u32' [-Wformat=]
../src/helloworld.c:200:2: warning: format '%x' expects argument of type 'unsigned int', but argument 2 has type 'u32' [-Wformat=]
../src/helloworld.c:200:2: warning: format '%x' expects argument of type 'unsigned int', but argument 3 has type 'u32' [-Wformat=]
../src/helloworld.c: In function 'read_d':
../src/helloworld.c:231:2: warning: format '%x' expects argument of type 'unsigned int', but argument 2 has type 'u32' [-Wformat=]
  printf("READ %x %x\n\r",result_addr,result_data);
  ^
../src/helloworld.c:231:2: warning: format '%x' expects argument of type 'unsigned int', but argument 3 has type 'u32' [-Wformat=]
../src/helloworld.c:231:2: warning: format '%x' expects argument of type 'unsigned int', but argument 2 has type 'u32' [-Wformat=]
../src/helloworld.c:231:2: warning: format '%x' expects argument of type 'unsigned int', but argument 3 has type 'u32' [-Wformat=]
../src/helloworld.c: In function 'test_driver':
../src/helloworld.c:305:2: error: too few arguments to function 'write_cfg'
  write_cfg(0xa,0x5a,2,0,0);//3 inc ncyc
  ^
../src/helloworld.c:137:6: note: declared here
 void write_cfg(u32 addr,u32 data,u32 times,u32 inc_dec,u32 cycle,u32 jump)//times min=0 ->one time
      ^
../src/helloworld.c:313:2: error: too few arguments to function 'write_cfg'
  write_cfg(0x6,0xa5,2,1,0);//3 dec ncyc
  ^
../src/helloworld.c:137:6: note: declared here
 void write_cfg(u32 addr,u32 data,u32 times,u32 inc_dec,u32 cycle,u32 jump)//times min=0 ->one time
      ^
../src/helloworld.c:321:2: error: too few arguments to function 'write_cfg'
  write_cfg(0x3fe,0xaa,3,0,1);//4 inc cyc
  ^
../src/helloworld.c:137:6: note: declared here
 void write_cfg(u32 addr,u32 data,u32 times,u32 inc_dec,u32 cycle,u32 jump)//times min=0 ->one time
      ^
../src/helloworld.c:330:2: error: too few arguments to function 'write_cfg'
  write_cfg(0x1,0xaa,3,1,1);//4 dec cyc
  ^
../src/helloworld.c:137:6: note: declared here
 void write_cfg(u32 addr,u32 data,u32 times,u32 inc_dec,u32 cycle,u32 jump)//times min=0 ->one time
      ^
../src/helloworld.c: In function 'main':
../src/helloworld.c:374:7: error: too few arguments to function 'write_cfg'
       write_cfg(inp_addr,inp_data,inp_times,inc_dec,cycle);
       ^
../src/helloworld.c:137:6: note: declared here
 void write_cfg(u32 addr,u32 data,u32 times,u32 inc_dec,u32 cycle,u32 jump)//times min=0 ->one time
      ^
make: *** [src/helloworld.o] ´íÎó 1
19:26:10 **** Auto Build of configuration Debug for project sram_sip ****
make pre-build main-build 
a9-linaro-pre-build-step
' '
'Building file: ../src/helloworld.c'
'Invoking: ARM v7 gcc compiler'
arm-none-eabi-gcc -Wall -O0 -g3 -c -fmessage-length=0 -MT"src/helloworld.o" -mcpu=cortex-a9 -mfpu=vfpv3 -mfloat-abi=hard -I../../sram_sip_bsp/ps7_cortexa9_0/include -MMD -MP -MF"src/helloworld.d" -MT"src/helloworld.o" -o "src/helloworld.o" "../src/helloworld.c"
In file included from ../src/helloworld.c:53:0:
../src/helloworld.c: In function 'write_one':
../src/helloworld.c:86:35: error: 'TIM_CFG_OFFSET' undeclared (first use in this function)
  SRAM_CONTROL_mWriteReg(CTRL_BASE,TIM_CFG_OFFSET,0x0);//only write one
                                   ^
../../sram_sip_bsp/ps7_cortexa9_0/include/sram_control.h:39:31: note: in definition of macro 'SRAM_CONTROL_mWriteReg'
    Xil_Out32((BaseAddress) + (RegOffset), (u32)(Data))
                               ^
../src/helloworld.c:86:35: note: each undeclared identifier is reported only once for each function it appears in
  SRAM_CONTROL_mWriteReg(CTRL_BASE,TIM_CFG_OFFSET,0x0);//only write one
                                   ^
../../sram_sip_bsp/ps7_cortexa9_0/include/sram_control.h:39:31: note: in definition of macro 'SRAM_CONTROL_mWriteReg'
    Xil_Out32((BaseAddress) + (RegOffset), (u32)(Data))
                               ^
../src/helloworld.c:106:2: warning: format '%x' expects argument of type 'unsigned int', but argument 2 has type 'u32' [-Wformat=]
  printf("WRITE_ONE %x %x\n\r",addr,data);
  ^
../src/helloworld.c:106:2: warning: format '%x' expects argument of type 'unsigned int', but argument 3 has type 'u32' [-Wformat=]
../src/helloworld.c:106:2: warning: format '%x' expects argument of type 'unsigned int', but argument 2 has type 'u32' [-Wformat=]
../src/helloworld.c:106:2: warning: format '%x' expects argument of type 'unsigned int', but argument 3 has type 'u32' [-Wformat=]
In file included from ../src/helloworld.c:53:0:
../src/helloworld.c: In function 'write_all':
../src/helloworld.c:117:35: error: 'TIM_CFG_OFFSET' undeclared (first use in this function)
  SRAM_CONTROL_mWriteReg(CTRL_BASE,TIM_CFG_OFFSET,ADDR_RANGE);//write all
                                   ^
../../sram_sip_bsp/ps7_cortexa9_0/include/sram_control.h:39:31: note: in definition of macro 'SRAM_CONTROL_mWriteReg'
    Xil_Out32((BaseAddress) + (RegOffset), (u32)(Data))
                               ^
../src/helloworld.c:132:2: warning: format '%x' expects argument of type 'unsigned int', but argument 2 has type 'u32' [-Wformat=]
  printf("WRITE_ALL %x\n\r",data);
  ^
../src/helloworld.c:132:2: warning: format '%x' expects argument of type 'unsigned int', but argument 2 has type 'u32' [-Wformat=]
In file included from ../src/helloworld.c:53:0:
../src/helloworld.c: In function 'write_cfg':
../src/helloworld.c:161:35: error: 'TIM_CFG_OFFSET' undeclared (first use in this function)
  SRAM_CONTROL_mWriteReg(CTRL_BASE,TIM_CFG_OFFSET,area);//write times
                                   ^
../../sram_sip_bsp/ps7_cortexa9_0/include/sram_control.h:39:31: note: in definition of macro 'SRAM_CONTROL_mWriteReg'
    Xil_Out32((BaseAddress) + (RegOffset), (u32)(Data))
                               ^
../src/helloworld.c:170:44: error: 'times' undeclared (first use in this function)
  printf("WRITE_CFG %x %x %x %x\n\r",op_cfg,times+1,addr,data);
                                            ^
../src/helloworld.c: In function 'read':
../src/helloworld.c:200:2: warning: format '%x' expects argument of type 'unsigned int', but argument 2 has type 'u32' [-Wformat=]
  printf("READ %x %x\n\r",result_addr,result_data);
  ^
../src/helloworld.c:200:2: warning: format '%x' expects argument of type 'unsigned int', but argument 3 has type 'u32' [-Wformat=]
../src/helloworld.c:200:2: warning: format '%x' expects argument of type 'unsigned int', but argument 2 has type 'u32' [-Wformat=]
../src/helloworld.c:200:2: warning: format '%x' expects argument of type 'unsigned int', but argument 3 has type 'u32' [-Wformat=]
../src/helloworld.c: In function 'read_d':
../src/helloworld.c:231:2: warning: format '%x' expects argument of type 'unsigned int', but argument 2 has type 'u32' [-Wformat=]
  printf("READ %x %x\n\r",result_addr,result_data);
  ^
../src/helloworld.c:231:2: warning: format '%x' expects argument of type 'unsigned int', but argument 3 has type 'u32' [-Wformat=]
../src/helloworld.c:231:2: warning: format '%x' expects argument of type 'unsigned int', but argument 2 has type 'u32' [-Wformat=]
../src/helloworld.c:231:2: warning: format '%x' expects argument of type 'unsigned int', but argument 3 has type 'u32' [-Wformat=]
../src/helloworld.c: In function 'test_driver':
../src/helloworld.c:305:2: error: too few arguments to function 'write_cfg'
  write_cfg(0xa,0x5a,2,0,0);//3 inc ncyc
  ^
../src/helloworld.c:137:6: note: declared here
 void write_cfg(u32 addr,u32 data,u32 area,u32 inc_dec,u32 cycle,u32 jump)//times min=0 ->one time
      ^
../src/helloworld.c:313:2: error: too few arguments to function 'write_cfg'
  write_cfg(0x6,0xa5,2,1,0);//3 dec ncyc
  ^
../src/helloworld.c:137:6: note: declared here
 void write_cfg(u32 addr,u32 data,u32 area,u32 inc_dec,u32 cycle,u32 jump)//times min=0 ->one time
      ^
../src/helloworld.c:321:2: error: too few arguments to function 'write_cfg'
  write_cfg(0x3fe,0xaa,3,0,1);//4 inc cyc
  ^
../src/helloworld.c:137:6: note: declared here
 void write_cfg(u32 addr,u32 data,u32 area,u32 inc_dec,u32 cycle,u32 jump)//times min=0 ->one time
      ^
../src/helloworld.c:330:2: error: too few arguments to function 'write_cfg'
  write_cfg(0x1,0xaa,3,1,1);//4 dec cyc
  ^
../src/helloworld.c:137:6: note: declared here
 void write_cfg(u32 addr,u32 data,u32 area,u32 inc_dec,u32 cycle,u32 jump)//times min=0 ->one time
      ^
../src/helloworld.c: In function 'main':
../src/helloworld.c:374:7: error: too few arguments to function 'write_cfg'
       write_cfg(inp_addr,inp_data,inp_times,inc_dec,cycle);
       ^
../src/helloworld.c:137:6: note: declared here
 void write_cfg(u32 addr,u32 data,u32 area,u32 inc_dec,u32 cycle,u32 jump)//times min=0 ->one time
      ^
make: *** [src/helloworld.o] ´íÎó 1
19:27:23 **** Auto Build of configuration Debug for project sram_sip ****
make pre-build main-build 
a9-linaro-pre-build-step
' '
'Building file: ../src/helloworld.c'
'Invoking: ARM v7 gcc compiler'
arm-none-eabi-gcc -Wall -O0 -g3 -c -fmessage-length=0 -MT"src/helloworld.o" -mcpu=cortex-a9 -mfpu=vfpv3 -mfloat-abi=hard -I../../sram_sip_bsp/ps7_cortexa9_0/include -MMD -MP -MF"src/helloworld.d" -MT"src/helloworld.o" -o "src/helloworld.o" "../src/helloworld.c"
../src/helloworld.c: In function 'write_one':
../src/helloworld.c:106:2: warning: format '%x' expects argument of type 'unsigned int', but argument 2 has type 'u32' [-Wformat=]
  printf("WRITE_ONE %x %x\n\r",addr,data);
  ^
../src/helloworld.c:106:2: warning: format '%x' expects argument of type 'unsigned int', but argument 3 has type 'u32' [-Wformat=]
../src/helloworld.c:106:2: warning: format '%x' expects argument of type 'unsigned int', but argument 2 has type 'u32' [-Wformat=]
../src/helloworld.c:106:2: warning: format '%x' expects argument of type 'unsigned int', but argument 3 has type 'u32' [-Wformat=]
../src/helloworld.c: In function 'write_all':
../src/helloworld.c:132:2: warning: format '%x' expects argument of type 'unsigned int', but argument 2 has type 'u32' [-Wformat=]
  printf("WRITE_ALL %x\n\r",data);
  ^
../src/helloworld.c:132:2: warning: format '%x' expects argument of type 'unsigned int', but argument 2 has type 'u32' [-Wformat=]
../src/helloworld.c: In function 'write_cfg':
../src/helloworld.c:170:2: warning: format '%x' expects argument of type 'unsigned int', but argument 2 has type 'u32' [-Wformat=]
  printf("WRITE_CFG %x %x %x %x\n\r",op_cfg,area+1,addr,data);
  ^
../src/helloworld.c:170:2: warning: format '%x' expects argument of type 'unsigned int', but argument 3 has type 'long unsigned int' [-Wformat=]
../src/helloworld.c:170:2: warning: format '%x' expects argument of type 'unsigned int', but argument 4 has type 'u32' [-Wformat=]
../src/helloworld.c:170:2: warning: format '%x' expects argument of type 'unsigned int', but argument 5 has type 'u32' [-Wformat=]
../src/helloworld.c:170:2: warning: format '%x' expects argument of type 'unsigned int', but argument 2 has type 'u32' [-Wformat=]
../src/helloworld.c:170:2: warning: format '%x' expects argument of type 'unsigned int', but argument 3 has type 'long unsigned int' [-Wformat=]
../src/helloworld.c:170:2: warning: format '%x' expects argument of type 'unsigned int', but argument 4 has type 'u32' [-Wformat=]
../src/helloworld.c:170:2: warning: format '%x' expects argument of type 'unsigned int', but argument 5 has type 'u32' [-Wformat=]
../src/helloworld.c: In function 'read':
../src/helloworld.c:200:2: warning: format '%x' expects argument of type 'unsigned int', but argument 2 has type 'u32' [-Wformat=]
  printf("READ %x %x\n\r",result_addr,result_data);
  ^
../src/helloworld.c:200:2: warning: format '%x' expects argument of type 'unsigned int', but argument 3 has type 'u32' [-Wformat=]
../src/helloworld.c:200:2: warning: format '%x' expects argument of type 'unsigned int', but argument 2 has type 'u32' [-Wformat=]
../src/helloworld.c:200:2: warning: format '%x' expects argument of type 'unsigned int', but argument 3 has type 'u32' [-Wformat=]
../src/helloworld.c: In function 'read_d':
../src/helloworld.c:231:2: warning: format '%x' expects argument of type 'unsigned int', but argument 2 has type 'u32' [-Wformat=]
  printf("READ %x %x\n\r",result_addr,result_data);
  ^
../src/helloworld.c:231:2: warning: format '%x' expects argument of type 'unsigned int', but argument 3 has type 'u32' [-Wformat=]
../src/helloworld.c:231:2: warning: format '%x' expects argument of type 'unsigned int', but argument 2 has type 'u32' [-Wformat=]
../src/helloworld.c:231:2: warning: format '%x' expects argument of type 'unsigned int', but argument 3 has type 'u32' [-Wformat=]
../src/helloworld.c: In function 'test_driver':
../src/helloworld.c:305:2: error: too few arguments to function 'write_cfg'
  write_cfg(0xa,0x5a,2,0,0);//3 inc ncyc
  ^
../src/helloworld.c:137:6: note: declared here
 void write_cfg(u32 addr,u32 data,u32 area,u32 inc_dec,u32 cycle,u32 jump)//times min=0 ->one time
      ^
../src/helloworld.c:313:2: error: too few arguments to function 'write_cfg'
  write_cfg(0x6,0xa5,2,1,0);//3 dec ncyc
  ^
../src/helloworld.c:137:6: note: declared here
 void write_cfg(u32 addr,u32 data,u32 area,u32 inc_dec,u32 cycle,u32 jump)//times min=0 ->one time
      ^
../src/helloworld.c:321:2: error: too few arguments to function 'write_cfg'
  write_cfg(0x3fe,0xaa,3,0,1);//4 inc cyc
  ^
../src/helloworld.c:137:6: note: declared here
 void write_cfg(u32 addr,u32 data,u32 area,u32 inc_dec,u32 cycle,u32 jump)//times min=0 ->one time
      ^
../src/helloworld.c:330:2: error: too few arguments to function 'write_cfg'
  write_cfg(0x1,0xaa,3,1,1);//4 dec cyc
  ^
../src/helloworld.c:137:6: note: declared here
 void write_cfg(u32 addr,u32 data,u32 area,u32 inc_dec,u32 cycle,u32 jump)//times min=0 ->one time
      ^
../src/helloworld.c: In function 'main':
../src/helloworld.c:374:7: error: too few arguments to function 'write_cfg'
       write_cfg(inp_addr,inp_data,inp_times,inc_dec,cycle);
       ^
../src/helloworld.c:137:6: note: declared here
 void write_cfg(u32 addr,u32 data,u32 area,u32 inc_dec,u32 cycle,u32 jump)//times min=0 ->one time
      ^
make: *** [src/helloworld.o] ´íÎó 1
19:27:33 **** Incremental Build of configuration Debug for project sram_sip ****
make pre-build main-build 
a9-linaro-pre-build-step
' '
'Building file: ../src/helloworld.c'
'Invoking: ARM v7 gcc compiler'
arm-none-eabi-gcc -Wall -O0 -g3 -c -fmessage-length=0 -MT"src/helloworld.o" -mcpu=cortex-a9 -mfpu=vfpv3 -mfloat-abi=hard -I../../sram_sip_bsp/ps7_cortexa9_0/include -MMD -MP -MF"src/helloworld.d" -MT"src/helloworld.o" -o "src/helloworld.o" "../src/helloworld.c"
../src/helloworld.c: In function 'write_one':
../src/helloworld.c:106:2: warning: format '%x' expects argument of type 'unsigned int', but argument 2 has type 'u32' [-Wformat=]
  printf("WRITE_ONE %x %x\n\r",addr,data);
  ^
../src/helloworld.c:106:2: warning: format '%x' expects argument of type 'unsigned int', but argument 3 has type 'u32' [-Wformat=]
../src/helloworld.c:106:2: warning: format '%x' expects argument of type 'unsigned int', but argument 2 has type 'u32' [-Wformat=]
../src/helloworld.c:106:2: warning: format '%x' expects argument of type 'unsigned int', but argument 3 has type 'u32' [-Wformat=]
../src/helloworld.c: In function 'write_all':
../src/helloworld.c:132:2: warning: format '%x' expects argument of type 'unsigned int', but argument 2 has type 'u32' [-Wformat=]
  printf("WRITE_ALL %x\n\r",data);
  ^
../src/helloworld.c:132:2: warning: format '%x' expects argument of type 'unsigned int', but argument 2 has type 'u32' [-Wformat=]
../src/helloworld.c: In function 'write_cfg':
../src/helloworld.c:170:2: warning: format '%x' expects argument of type 'unsigned int', but argument 2 has type 'u32' [-Wformat=]
  printf("WRITE_CFG %x %x %x %x\n\r",op_cfg,area+1,addr,data);
  ^
../src/helloworld.c:170:2: warning: format '%x' expects argument of type 'unsigned int', but argument 3 has type 'long unsigned int' [-Wformat=]
../src/helloworld.c:170:2: warning: format '%x' expects argument of type 'unsigned int', but argument 4 has type 'u32' [-Wformat=]
../src/helloworld.c:170:2: warning: format '%x' expects argument of type 'unsigned int', but argument 5 has type 'u32' [-Wformat=]
../src/helloworld.c:170:2: warning: format '%x' expects argument of type 'unsigned int', but argument 2 has type 'u32' [-Wformat=]
../src/helloworld.c:170:2: warning: format '%x' expects argument of type 'unsigned int', but argument 3 has type 'long unsigned int' [-Wformat=]
../src/helloworld.c:170:2: warning: format '%x' expects argument of type 'unsigned int', but argument 4 has type 'u32' [-Wformat=]
../src/helloworld.c:170:2: warning: format '%x' expects argument of type 'unsigned int', but argument 5 has type 'u32' [-Wformat=]
../src/helloworld.c: In function 'read':
../src/helloworld.c:200:2: warning: format '%x' expects argument of type 'unsigned int', but argument 2 has type 'u32' [-Wformat=]
  printf("READ %x %x\n\r",result_addr,result_data);
  ^
../src/helloworld.c:200:2: warning: format '%x' expects argument of type 'unsigned int', but argument 3 has type 'u32' [-Wformat=]
../src/helloworld.c:200:2: warning: format '%x' expects argument of type 'unsigned int', but argument 2 has type 'u32' [-Wformat=]
../src/helloworld.c:200:2: warning: format '%x' expects argument of type 'unsigned int', but argument 3 has type 'u32' [-Wformat=]
../src/helloworld.c: In function 'read_d':
../src/helloworld.c:231:2: warning: format '%x' expects argument of type 'unsigned int', but argument 2 has type 'u32' [-Wformat=]
  printf("READ %x %x\n\r",result_addr,result_data);
  ^
../src/helloworld.c:231:2: warning: format '%x' expects argument of type 'unsigned int', but argument 3 has type 'u32' [-Wformat=]
../src/helloworld.c:231:2: warning: format '%x' expects argument of type 'unsigned int', but argument 2 has type 'u32' [-Wformat=]
../src/helloworld.c:231:2: warning: format '%x' expects argument of type 'unsigned int', but argument 3 has type 'u32' [-Wformat=]
../src/helloworld.c: In function 'test_driver':
../src/helloworld.c:305:2: error: too few arguments to function 'write_cfg'
  write_cfg(0xa,0x5a,2,0,0);//3 inc ncyc
  ^
../src/helloworld.c:137:6: note: declared here
 void write_cfg(u32 addr,u32 data,u32 area,u32 inc_dec,u32 cycle,u32 jump)//times min=0 ->one time
      ^
../src/helloworld.c:313:2: error: too few arguments to function 'write_cfg'
  write_cfg(0x6,0xa5,2,1,0);//3 dec ncyc
  ^
../src/helloworld.c:137:6: note: declared here
 void write_cfg(u32 addr,u32 data,u32 area,u32 inc_dec,u32 cycle,u32 jump)//times min=0 ->one time
      ^
../src/helloworld.c:321:2: error: too few arguments to function 'write_cfg'
  write_cfg(0x3fe,0xaa,3,0,1);//4 inc cyc
  ^
../src/helloworld.c:137:6: note: declared here
 void write_cfg(u32 addr,u32 data,u32 area,u32 inc_dec,u32 cycle,u32 jump)//times min=0 ->one time
      ^
../src/helloworld.c:330:2: error: too few arguments to function 'write_cfg'
  write_cfg(0x1,0xaa,3,1,1);//4 dec cyc
  ^
../src/helloworld.c:137:6: note: declared here
 void write_cfg(u32 addr,u32 data,u32 area,u32 inc_dec,u32 cycle,u32 jump)//times min=0 ->one time
      ^
../src/helloworld.c: In function 'main':
../src/helloworld.c:374:7: error: too few arguments to function 'write_cfg'
       write_cfg(inp_addr,inp_data,inp_times,inc_dec,cycle);
       ^
../src/helloworld.c:137:6: note: declared here
 void write_cfg(u32 addr,u32 data,u32 area,u32 inc_dec,u32 cycle,u32 jump)//times min=0 ->one time
      ^
make: *** [src/helloworld.o] ´íÎó 1
19:28:16 **** Auto Build of configuration Debug for project sram_sip ****
make pre-build main-build 
a9-linaro-pre-build-step
' '
'Building file: ../src/helloworld.c'
'Invoking: ARM v7 gcc compiler'
arm-none-eabi-gcc -Wall -O0 -g3 -c -fmessage-length=0 -MT"src/helloworld.o" -mcpu=cortex-a9 -mfpu=vfpv3 -mfloat-abi=hard -I../../sram_sip_bsp/ps7_cortexa9_0/include -MMD -MP -MF"src/helloworld.d" -MT"src/helloworld.o" -o "src/helloworld.o" "../src/helloworld.c"
../src/helloworld.c: In function 'write_one':
../src/helloworld.c:106:2: warning: format '%x' expects argument of type 'unsigned int', but argument 2 has type 'u32' [-Wformat=]
  printf("WRITE_ONE %x %x\n\r",addr,data);
  ^
../src/helloworld.c:106:2: warning: format '%x' expects argument of type 'unsigned int', but argument 3 has type 'u32' [-Wformat=]
../src/helloworld.c:106:2: warning: format '%x' expects argument of type 'unsigned int', but argument 2 has type 'u32' [-Wformat=]
../src/helloworld.c:106:2: warning: format '%x' expects argument of type 'unsigned int', but argument 3 has type 'u32' [-Wformat=]
../src/helloworld.c: In function 'write_all':
../src/helloworld.c:132:2: warning: format '%x' expects argument of type 'unsigned int', but argument 2 has type 'u32' [-Wformat=]
  printf("WRITE_ALL %x\n\r",data);
  ^
../src/helloworld.c:132:2: warning: format '%x' expects argument of type 'unsigned int', but argument 2 has type 'u32' [-Wformat=]
../src/helloworld.c: In function 'write_cfg':
../src/helloworld.c:170:2: warning: format '%x' expects argument of type 'unsigned int', but argument 2 has type 'u32' [-Wformat=]
  printf("WRITE_CFG %x %x %x %x\n\r",op_cfg,area+1,addr,data);
  ^
../src/helloworld.c:170:2: warning: format '%x' expects argument of type 'unsigned int', but argument 3 has type 'long unsigned int' [-Wformat=]
../src/helloworld.c:170:2: warning: format '%x' expects argument of type 'unsigned int', but argument 4 has type 'u32' [-Wformat=]
../src/helloworld.c:170:2: warning: format '%x' expects argument of type 'unsigned int', but argument 5 has type 'u32' [-Wformat=]
../src/helloworld.c:170:2: warning: format '%x' expects argument of type 'unsigned int', but argument 2 has type 'u32' [-Wformat=]
../src/helloworld.c:170:2: warning: format '%x' expects argument of type 'unsigned int', but argument 3 has type 'long unsigned int' [-Wformat=]
../src/helloworld.c:170:2: warning: format '%x' expects argument of type 'unsigned int', but argument 4 has type 'u32' [-Wformat=]
../src/helloworld.c:170:2: warning: format '%x' expects argument of type 'unsigned int', but argument 5 has type 'u32' [-Wformat=]
../src/helloworld.c: In function 'read':
../src/helloworld.c:200:2: warning: format '%x' expects argument of type 'unsigned int', but argument 2 has type 'u32' [-Wformat=]
  printf("READ %x %x\n\r",result_addr,result_data);
  ^
../src/helloworld.c:200:2: warning: format '%x' expects argument of type 'unsigned int', but argument 3 has type 'u32' [-Wformat=]
../src/helloworld.c:200:2: warning: format '%x' expects argument of type 'unsigned int', but argument 2 has type 'u32' [-Wformat=]
../src/helloworld.c:200:2: warning: format '%x' expects argument of type 'unsigned int', but argument 3 has type 'u32' [-Wformat=]
../src/helloworld.c: In function 'read_d':
../src/helloworld.c:231:2: warning: format '%x' expects argument of type 'unsigned int', but argument 2 has type 'u32' [-Wformat=]
  printf("READ %x %x\n\r",result_addr,result_data);
  ^
../src/helloworld.c:231:2: warning: format '%x' expects argument of type 'unsigned int', but argument 3 has type 'u32' [-Wformat=]
../src/helloworld.c:231:2: warning: format '%x' expects argument of type 'unsigned int', but argument 2 has type 'u32' [-Wformat=]
../src/helloworld.c:231:2: warning: format '%x' expects argument of type 'unsigned int', but argument 3 has type 'u32' [-Wformat=]
../src/helloworld.c: In function 'main':
../src/helloworld.c:374:7: error: too few arguments to function 'write_cfg'
       write_cfg(inp_addr,inp_data,inp_times,inc_dec,cycle);
       ^
../src/helloworld.c:137:6: note: declared here
 void write_cfg(u32 addr,u32 data,u32 area,u32 inc_dec,u32 cycle,u32 jump)//times min=0 ->one time
      ^
make: *** [src/helloworld.o] ´íÎó 1
19:28:17 **** Incremental Build of configuration Debug for project sram_sip ****
make pre-build main-build 
a9-linaro-pre-build-step
' '
'Building file: ../src/helloworld.c'
'Invoking: ARM v7 gcc compiler'
arm-none-eabi-gcc -Wall -O0 -g3 -c -fmessage-length=0 -MT"src/helloworld.o" -mcpu=cortex-a9 -mfpu=vfpv3 -mfloat-abi=hard -I../../sram_sip_bsp/ps7_cortexa9_0/include -MMD -MP -MF"src/helloworld.d" -MT"src/helloworld.o" -o "src/helloworld.o" "../src/helloworld.c"
../src/helloworld.c: In function 'write_one':
../src/helloworld.c:106:2: warning: format '%x' expects argument of type 'unsigned int', but argument 2 has type 'u32' [-Wformat=]
  printf("WRITE_ONE %x %x\n\r",addr,data);
  ^
../src/helloworld.c:106:2: warning: format '%x' expects argument of type 'unsigned int', but argument 3 has type 'u32' [-Wformat=]
../src/helloworld.c:106:2: warning: format '%x' expects argument of type 'unsigned int', but argument 2 has type 'u32' [-Wformat=]
../src/helloworld.c:106:2: warning: format '%x' expects argument of type 'unsigned int', but argument 3 has type 'u32' [-Wformat=]
../src/helloworld.c: In function 'write_all':
../src/helloworld.c:132:2: warning: format '%x' expects argument of type 'unsigned int', but argument 2 has type 'u32' [-Wformat=]
  printf("WRITE_ALL %x\n\r",data);
  ^
../src/helloworld.c:132:2: warning: format '%x' expects argument of type 'unsigned int', but argument 2 has type 'u32' [-Wformat=]
../src/helloworld.c: In function 'write_cfg':
../src/helloworld.c:170:2: warning: format '%x' expects argument of type 'unsigned int', but argument 2 has type 'u32' [-Wformat=]
  printf("WRITE_CFG %x %x %x %x\n\r",op_cfg,area+1,addr,data);
  ^
../src/helloworld.c:170:2: warning: format '%x' expects argument of type 'unsigned int', but argument 3 has type 'long unsigned int' [-Wformat=]
../src/helloworld.c:170:2: warning: format '%x' expects argument of type 'unsigned int', but argument 4 has type 'u32' [-Wformat=]
../src/helloworld.c:170:2: warning: format '%x' expects argument of type 'unsigned int', but argument 5 has type 'u32' [-Wformat=]
../src/helloworld.c:170:2: warning: format '%x' expects argument of type 'unsigned int', but argument 2 has type 'u32' [-Wformat=]
../src/helloworld.c:170:2: warning: format '%x' expects argument of type 'unsigned int', but argument 3 has type 'long unsigned int' [-Wformat=]
../src/helloworld.c:170:2: warning: format '%x' expects argument of type 'unsigned int', but argument 4 has type 'u32' [-Wformat=]
../src/helloworld.c:170:2: warning: format '%x' expects argument of type 'unsigned int', but argument 5 has type 'u32' [-Wformat=]
../src/helloworld.c: In function 'read':
../src/helloworld.c:200:2: warning: format '%x' expects argument of type 'unsigned int', but argument 2 has type 'u32' [-Wformat=]
  printf("READ %x %x\n\r",result_addr,result_data);
  ^
../src/helloworld.c:200:2: warning: format '%x' expects argument of type 'unsigned int', but argument 3 has type 'u32' [-Wformat=]
../src/helloworld.c:200:2: warning: format '%x' expects argument of type 'unsigned int', but argument 2 has type 'u32' [-Wformat=]
../src/helloworld.c:200:2: warning: format '%x' expects argument of type 'unsigned int', but argument 3 has type 'u32' [-Wformat=]
../src/helloworld.c: In function 'read_d':
../src/helloworld.c:231:2: warning: format '%x' expects argument of type 'unsigned int', but argument 2 has type 'u32' [-Wformat=]
  printf("READ %x %x\n\r",result_addr,result_data);
  ^
../src/helloworld.c:231:2: warning: format '%x' expects argument of type 'unsigned int', but argument 3 has type 'u32' [-Wformat=]
../src/helloworld.c:231:2: warning: format '%x' expects argument of type 'unsigned int', but argument 2 has type 'u32' [-Wformat=]
../src/helloworld.c:231:2: warning: format '%x' expects argument of type 'unsigned int', but argument 3 has type 'u32' [-Wformat=]
../src/helloworld.c: In function 'main':
../src/helloworld.c:374:7: error: too few arguments to function 'write_cfg'
       write_cfg(inp_addr,inp_data,inp_times,inc_dec,cycle);
       ^
../src/helloworld.c:137:6: note: declared here
 void write_cfg(u32 addr,u32 data,u32 area,u32 inc_dec,u32 cycle,u32 jump)//times min=0 ->one time
      ^
make: *** [src/helloworld.o] ´íÎó 1
19:28:30 **** Auto Build of configuration Debug for project sram_sip ****
make pre-build main-build 
a9-linaro-pre-build-step
' '
'Building file: ../src/helloworld.c'
'Invoking: ARM v7 gcc compiler'
arm-none-eabi-gcc -Wall -O0 -g3 -c -fmessage-length=0 -MT"src/helloworld.o" -mcpu=cortex-a9 -mfpu=vfpv3 -mfloat-abi=hard -I../../sram_sip_bsp/ps7_cortexa9_0/include -MMD -MP -MF"src/helloworld.d" -MT"src/helloworld.o" -o "src/helloworld.o" "../src/helloworld.c"
../src/helloworld.c: In function 'write_one':
../src/helloworld.c:106:2: warning: format '%x' expects argument of type 'unsigned int', but argument 2 has type 'u32' [-Wformat=]
  printf("WRITE_ONE %x %x\n\r",addr,data);
  ^
../src/helloworld.c:106:2: warning: format '%x' expects argument of type 'unsigned int', but argument 3 has type 'u32' [-Wformat=]
../src/helloworld.c:106:2: warning: format '%x' expects argument of type 'unsigned int', but argument 2 has type 'u32' [-Wformat=]
../src/helloworld.c:106:2: warning: format '%x' expects argument of type 'unsigned int', but argument 3 has type 'u32' [-Wformat=]
../src/helloworld.c: In function 'write_all':
../src/helloworld.c:132:2: warning: format '%x' expects argument of type 'unsigned int', but argument 2 has type 'u32' [-Wformat=]
  printf("WRITE_ALL %x\n\r",data);
  ^
../src/helloworld.c:132:2: warning: format '%x' expects argument of type 'unsigned int', but argument 2 has type 'u32' [-Wformat=]
../src/helloworld.c: In function 'write_cfg':
../src/helloworld.c:170:2: warning: format '%x' expects argument of type 'unsigned int', but argument 2 has type 'u32' [-Wformat=]
  printf("WRITE_CFG %x %x %x %x\n\r",op_cfg,area+1,addr,data);
  ^
../src/helloworld.c:170:2: warning: format '%x' expects argument of type 'unsigned int', but argument 3 has type 'long unsigned int' [-Wformat=]
../src/helloworld.c:170:2: warning: format '%x' expects argument of type 'unsigned int', but argument 4 has type 'u32' [-Wformat=]
../src/helloworld.c:170:2: warning: format '%x' expects argument of type 'unsigned int', but argument 5 has type 'u32' [-Wformat=]
../src/helloworld.c:170:2: warning: format '%x' expects argument of type 'unsigned int', but argument 2 has type 'u32' [-Wformat=]
../src/helloworld.c:170:2: warning: format '%x' expects argument of type 'unsigned int', but argument 3 has type 'long unsigned int' [-Wformat=]
../src/helloworld.c:170:2: warning: format '%x' expects argument of type 'unsigned int', but argument 4 has type 'u32' [-Wformat=]
../src/helloworld.c:170:2: warning: format '%x' expects argument of type 'unsigned int', but argument 5 has type 'u32' [-Wformat=]
../src/helloworld.c: In function 'read':
../src/helloworld.c:200:2: warning: format '%x' expects argument of type 'unsigned int', but argument 2 has type 'u32' [-Wformat=]
  printf("READ %x %x\n\r",result_addr,result_data);
  ^
../src/helloworld.c:200:2: warning: format '%x' expects argument of type 'unsigned int', but argument 3 has type 'u32' [-Wformat=]
../src/helloworld.c:200:2: warning: format '%x' expects argument of type 'unsigned int', but argument 2 has type 'u32' [-Wformat=]
../src/helloworld.c:200:2: warning: format '%x' expects argument of type 'unsigned int', but argument 3 has type 'u32' [-Wformat=]
../src/helloworld.c: In function 'read_d':
../src/helloworld.c:231:2: warning: format '%x' expects argument of type 'unsigned int', but argument 2 has type 'u32' [-Wformat=]
  printf("READ %x %x\n\r",result_addr,result_data);
  ^
../src/helloworld.c:231:2: warning: format '%x' expects argument of type 'unsigned int', but argument 3 has type 'u32' [-Wformat=]
../src/helloworld.c:231:2: warning: format '%x' expects argument of type 'unsigned int', but argument 2 has type 'u32' [-Wformat=]
../src/helloworld.c:231:2: warning: format '%x' expects argument of type 'unsigned int', but argument 3 has type 'u32' [-Wformat=]
'Finished building: ../src/helloworld.c'
' '
'Building target: sram_sip.elf'
'Invoking: ARM v7 gcc linker'
arm-none-eabi-gcc -mcpu=cortex-a9 -mfpu=vfpv3 -mfloat-abi=hard -Wl,-build-id=none -specs=Xilinx.spec -Wl,-T -Wl,../src/lscript.ld -L../../sram_sip_bsp/ps7_cortexa9_0/lib -o "sram_sip.elf"  ./src/helloworld.o ./src/platform.o   -Wl,--start-group,-lxil,-lgcc,-lc,--end-group
'Finished building target: sram_sip.elf'
' '
'Invoking: ARM v7 Print Size'
arm-none-eabi-size sram_sip.elf  |tee "sram_sip.elf.size"
   text	   data	    bss	    dec	    hex	filename
  79804	   2588	  23340	 105732	  19d04	sram_sip.elf
'Finished building: sram_sip.elf.size'
' '
19:28:34 **** Incremental Build of configuration Debug for project sram_sip ****
make pre-build main-build 
a9-linaro-pre-build-step
' '
make: Nothing to be done for `main-build'.
19:29:10 **** Auto Build of configuration Debug for project sram_sip ****
make pre-build main-build 
a9-linaro-pre-build-step
' '
'Building file: ../src/helloworld.c'
'Invoking: ARM v7 gcc compiler'
arm-none-eabi-gcc -Wall -O0 -g3 -c -fmessage-length=0 -MT"src/helloworld.o" -mcpu=cortex-a9 -mfpu=vfpv3 -mfloat-abi=hard -I../../sram_sip_bsp/ps7_cortexa9_0/include -MMD -MP -MF"src/helloworld.d" -MT"src/helloworld.o" -o "src/helloworld.o" "../src/helloworld.c"
../src/helloworld.c: In function 'write_one':
../src/helloworld.c:106:2: warning: format '%x' expects argument of type 'unsigned int', but argument 2 has type 'u32' [-Wformat=]
  printf("WRITE_ONE %x %x\n\r",addr,data);
  ^
../src/helloworld.c:106:2: warning: format '%x' expects argument of type 'unsigned int', but argument 3 has type 'u32' [-Wformat=]
../src/helloworld.c:106:2: warning: format '%x' expects argument of type 'unsigned int', but argument 2 has type 'u32' [-Wformat=]
../src/helloworld.c:106:2: warning: format '%x' expects argument of type 'unsigned int', but argument 3 has type 'u32' [-Wformat=]
../src/helloworld.c: In function 'write_all':
../src/helloworld.c:132:2: warning: format '%x' expects argument of type 'unsigned int', but argument 2 has type 'u32' [-Wformat=]
  printf("WRITE_ALL %x\n\r",data);
  ^
../src/helloworld.c:132:2: warning: format '%x' expects argument of type 'unsigned int', but argument 2 has type 'u32' [-Wformat=]
../src/helloworld.c: In function 'write_cfg':
../src/helloworld.c:170:2: warning: format '%x' expects argument of type 'unsigned int', but argument 2 has type 'u32' [-Wformat=]
  printf("WRITE_CFG %x %x %x %x\n\r",op_cfg,area+1,addr,data);
  ^
../src/helloworld.c:170:2: warning: format '%x' expects argument of type 'unsigned int', but argument 3 has type 'long unsigned int' [-Wformat=]
../src/helloworld.c:170:2: warning: format '%x' expects argument of type 'unsigned int', but argument 4 has type 'u32' [-Wformat=]
../src/helloworld.c:170:2: warning: format '%x' expects argument of type 'unsigned int', but argument 5 has type 'u32' [-Wformat=]
../src/helloworld.c:170:2: warning: format '%x' expects argument of type 'unsigned int', but argument 2 has type 'u32' [-Wformat=]
../src/helloworld.c:170:2: warning: format '%x' expects argument of type 'unsigned int', but argument 3 has type 'long unsigned int' [-Wformat=]
../src/helloworld.c:170:2: warning: format '%x' expects argument of type 'unsigned int', but argument 4 has type 'u32' [-Wformat=]
../src/helloworld.c:170:2: warning: format '%x' expects argument of type 'unsigned int', but argument 5 has type 'u32' [-Wformat=]
../src/helloworld.c: In function 'read':
../src/helloworld.c:200:2: warning: format '%x' expects argument of type 'unsigned int', but argument 2 has type 'u32' [-Wformat=]
  printf("READ %x %x\n\r",result_addr,result_data);
  ^
../src/helloworld.c:200:2: warning: format '%x' expects argument of type 'unsigned int', but argument 3 has type 'u32' [-Wformat=]
../src/helloworld.c:200:2: warning: format '%x' expects argument of type 'unsigned int', but argument 2 has type 'u32' [-Wformat=]
../src/helloworld.c:200:2: warning: format '%x' expects argument of type 'unsigned int', but argument 3 has type 'u32' [-Wformat=]
../src/helloworld.c: In function 'read_d':
../src/helloworld.c:231:2: warning: format '%x' expects argument of type 'unsigned int', but argument 2 has type 'u32' [-Wformat=]
  printf("READ %x %x\n\r",result_addr,result_data);
  ^
../src/helloworld.c:231:2: warning: format '%x' expects argument of type 'unsigned int', but argument 3 has type 'u32' [-Wformat=]
../src/helloworld.c:231:2: warning: format '%x' expects argument of type 'unsigned int', but argument 2 has type 'u32' [-Wformat=]
../src/helloworld.c:231:2: warning: format '%x' expects argument of type 'unsigned int', but argument 3 has type 'u32' [-Wformat=]
../src/helloworld.c: In function 'main':
../src/helloworld.c:385:5: error: expected ';' before 'cleanup_platform'
     cleanup_platform();
     ^
make: *** [src/helloworld.o] ´íÎó 1
19:29:11 **** Incremental Build of configuration Debug for project sram_sip ****
make pre-build main-build 
a9-linaro-pre-build-step
' '
'Building file: ../src/helloworld.c'
'Invoking: ARM v7 gcc compiler'
arm-none-eabi-gcc -Wall -O0 -g3 -c -fmessage-length=0 -MT"src/helloworld.o" -mcpu=cortex-a9 -mfpu=vfpv3 -mfloat-abi=hard -I../../sram_sip_bsp/ps7_cortexa9_0/include -MMD -MP -MF"src/helloworld.d" -MT"src/helloworld.o" -o "src/helloworld.o" "../src/helloworld.c"
../src/helloworld.c: In function 'write_one':
../src/helloworld.c:106:2: warning: format '%x' expects argument of type 'unsigned int', but argument 2 has type 'u32' [-Wformat=]
  printf("WRITE_ONE %x %x\n\r",addr,data);
  ^
../src/helloworld.c:106:2: warning: format '%x' expects argument of type 'unsigned int', but argument 3 has type 'u32' [-Wformat=]
../src/helloworld.c:106:2: warning: format '%x' expects argument of type 'unsigned int', but argument 2 has type 'u32' [-Wformat=]
../src/helloworld.c:106:2: warning: format '%x' expects argument of type 'unsigned int', but argument 3 has type 'u32' [-Wformat=]
../src/helloworld.c: In function 'write_all':
../src/helloworld.c:132:2: warning: format '%x' expects argument of type 'unsigned int', but argument 2 has type 'u32' [-Wformat=]
  printf("WRITE_ALL %x\n\r",data);
  ^
../src/helloworld.c:132:2: warning: format '%x' expects argument of type 'unsigned int', but argument 2 has type 'u32' [-Wformat=]
../src/helloworld.c: In function 'write_cfg':
../src/helloworld.c:170:2: warning: format '%x' expects argument of type 'unsigned int', but argument 2 has type 'u32' [-Wformat=]
  printf("WRITE_CFG %x %x %x %x\n\r",op_cfg,area+1,addr,data);
  ^
../src/helloworld.c:170:2: warning: format '%x' expects argument of type 'unsigned int', but argument 3 has type 'long unsigned int' [-Wformat=]
../src/helloworld.c:170:2: warning: format '%x' expects argument of type 'unsigned int', but argument 4 has type 'u32' [-Wformat=]
../src/helloworld.c:170:2: warning: format '%x' expects argument of type 'unsigned int', but argument 5 has type 'u32' [-Wformat=]
../src/helloworld.c:170:2: warning: format '%x' expects argument of type 'unsigned int', but argument 2 has type 'u32' [-Wformat=]
../src/helloworld.c:170:2: warning: format '%x' expects argument of type 'unsigned int', but argument 3 has type 'long unsigned int' [-Wformat=]
../src/helloworld.c:170:2: warning: format '%x' expects argument of type 'unsigned int', but argument 4 has type 'u32' [-Wformat=]
../src/helloworld.c:170:2: warning: format '%x' expects argument of type 'unsigned int', but argument 5 has type 'u32' [-Wformat=]
../src/helloworld.c: In function 'read':
../src/helloworld.c:200:2: warning: format '%x' expects argument of type 'unsigned int', but argument 2 has type 'u32' [-Wformat=]
  printf("READ %x %x\n\r",result_addr,result_data);
  ^
../src/helloworld.c:200:2: warning: format '%x' expects argument of type 'unsigned int', but argument 3 has type 'u32' [-Wformat=]
../src/helloworld.c:200:2: warning: format '%x' expects argument of type 'unsigned int', but argument 2 has type 'u32' [-Wformat=]
../src/helloworld.c:200:2: warning: format '%x' expects argument of type 'unsigned int', but argument 3 has type 'u32' [-Wformat=]
../src/helloworld.c: In function 'read_d':
../src/helloworld.c:231:2: warning: format '%x' expects argument of type 'unsigned int', but argument 2 has type 'u32' [-Wformat=]
  printf("READ %x %x\n\r",result_addr,result_data);
  ^
../src/helloworld.c:231:2: warning: format '%x' expects argument of type 'unsigned int', but argument 3 has type 'u32' [-Wformat=]
../src/helloworld.c:231:2: warning: format '%x' expects argument of type 'unsigned int', but argument 2 has type 'u32' [-Wformat=]
../src/helloworld.c:231:2: warning: format '%x' expects argument of type 'unsigned int', but argument 3 has type 'u32' [-Wformat=]
../src/helloworld.c: In function 'main':
../src/helloworld.c:385:5: error: expected ';' before 'cleanup_platform'
     cleanup_platform();
     ^
make: *** [src/helloworld.o] ´íÎó 1
19:29:30 **** Auto Build of configuration Debug for project sram_sip ****
make pre-build main-build 
a9-linaro-pre-build-step
' '
'Building file: ../src/helloworld.c'
'Invoking: ARM v7 gcc compiler'
arm-none-eabi-gcc -Wall -O0 -g3 -c -fmessage-length=0 -MT"src/helloworld.o" -mcpu=cortex-a9 -mfpu=vfpv3 -mfloat-abi=hard -I../../sram_sip_bsp/ps7_cortexa9_0/include -MMD -MP -MF"src/helloworld.d" -MT"src/helloworld.o" -o "src/helloworld.o" "../src/helloworld.c"
../src/helloworld.c: In function 'write_one':
../src/helloworld.c:106:2: warning: format '%x' expects argument of type 'unsigned int', but argument 2 has type 'u32' [-Wformat=]
  printf("WRITE_ONE %x %x\n\r",addr,data);
  ^
../src/helloworld.c:106:2: warning: format '%x' expects argument of type 'unsigned int', but argument 3 has type 'u32' [-Wformat=]
../src/helloworld.c:106:2: warning: format '%x' expects argument of type 'unsigned int', but argument 2 has type 'u32' [-Wformat=]
../src/helloworld.c:106:2: warning: format '%x' expects argument of type 'unsigned int', but argument 3 has type 'u32' [-Wformat=]
../src/helloworld.c: In function 'write_all':
../src/helloworld.c:132:2: warning: format '%x' expects argument of type 'unsigned int', but argument 2 has type 'u32' [-Wformat=]
  printf("WRITE_ALL %x\n\r",data);
  ^
../src/helloworld.c:132:2: warning: format '%x' expects argument of type 'unsigned int', but argument 2 has type 'u32' [-Wformat=]
../src/helloworld.c: In function 'write_cfg':
../src/helloworld.c:170:2: warning: format '%x' expects argument of type 'unsigned int', but argument 2 has type 'u32' [-Wformat=]
  printf("WRITE_CFG %x %x %x %x\n\r",op_cfg,area+1,addr,data);
  ^
../src/helloworld.c:170:2: warning: format '%x' expects argument of type 'unsigned int', but argument 3 has type 'long unsigned int' [-Wformat=]
../src/helloworld.c:170:2: warning: format '%x' expects argument of type 'unsigned int', but argument 4 has type 'u32' [-Wformat=]
../src/helloworld.c:170:2: warning: format '%x' expects argument of type 'unsigned int', but argument 5 has type 'u32' [-Wformat=]
../src/helloworld.c:170:2: warning: format '%x' expects argument of type 'unsigned int', but argument 2 has type 'u32' [-Wformat=]
../src/helloworld.c:170:2: warning: format '%x' expects argument of type 'unsigned int', but argument 3 has type 'long unsigned int' [-Wformat=]
../src/helloworld.c:170:2: warning: format '%x' expects argument of type 'unsigned int', but argument 4 has type 'u32' [-Wformat=]
../src/helloworld.c:170:2: warning: format '%x' expects argument of type 'unsigned int', but argument 5 has type 'u32' [-Wformat=]
../src/helloworld.c: In function 'read':
../src/helloworld.c:200:2: warning: format '%x' expects argument of type 'unsigned int', but argument 2 has type 'u32' [-Wformat=]
  printf("READ %x %x\n\r",result_addr,result_data);
  ^
../src/helloworld.c:200:2: warning: format '%x' expects argument of type 'unsigned int', but argument 3 has type 'u32' [-Wformat=]
../src/helloworld.c:200:2: warning: format '%x' expects argument of type 'unsigned int', but argument 2 has type 'u32' [-Wformat=]
../src/helloworld.c:200:2: warning: format '%x' expects argument of type 'unsigned int', but argument 3 has type 'u32' [-Wformat=]
../src/helloworld.c: In function 'read_d':
../src/helloworld.c:231:2: warning: format '%x' expects argument of type 'unsigned int', but argument 2 has type 'u32' [-Wformat=]
  printf("READ %x %x\n\r",result_addr,result_data);
  ^
../src/helloworld.c:231:2: warning: format '%x' expects argument of type 'unsigned int', but argument 3 has type 'u32' [-Wformat=]
../src/helloworld.c:231:2: warning: format '%x' expects argument of type 'unsigned int', but argument 2 has type 'u32' [-Wformat=]
../src/helloworld.c:231:2: warning: format '%x' expects argument of type 'unsigned int', but argument 3 has type 'u32' [-Wformat=]
'Finished building: ../src/helloworld.c'
' '
'Building target: sram_sip.elf'
'Invoking: ARM v7 gcc linker'
arm-none-eabi-gcc -mcpu=cortex-a9 -mfpu=vfpv3 -mfloat-abi=hard -Wl,-build-id=none -specs=Xilinx.spec -Wl,-T -Wl,../src/lscript.ld -L../../sram_sip_bsp/ps7_cortexa9_0/lib -o "sram_sip.elf"  ./src/helloworld.o ./src/platform.o   -Wl,--start-group,-lxil,-lgcc,-lc,--end-group
'Finished building target: sram_sip.elf'
' '
'Invoking: ARM v7 Print Size'
arm-none-eabi-size sram_sip.elf  |tee "sram_sip.elf.size"
   text	   data	    bss	    dec	    hex	filename
  79524	   2588	  23340	 105452	  19bec	sram_sip.elf
'Finished building: sram_sip.elf.size'
' '
19:29:34 **** Incremental Build of configuration Debug for project sram_sip ****
make pre-build main-build 
a9-linaro-pre-build-step
' '
make: Nothing to be done for `main-build'.
19:30:11 **** Incremental Build of configuration Debug for project sram_sip ****
make pre-build main-build 
a9-linaro-pre-build-step
' '
make: Nothing to be done for `main-build'.
19:34:54 **** Auto Build of configuration Debug for project sram_sip ****
make pre-build main-build 
a9-linaro-pre-build-step
' '
'Building file: ../src/helloworld.c'
'Invoking: ARM v7 gcc compiler'
arm-none-eabi-gcc -Wall -O0 -g3 -c -fmessage-length=0 -MT"src/helloworld.o" -mcpu=cortex-a9 -mfpu=vfpv3 -mfloat-abi=hard -I../../sram_sip_bsp/ps7_cortexa9_0/include -MMD -MP -MF"src/helloworld.d" -MT"src/helloworld.o" -o "src/helloworld.o" "../src/helloworld.c"
../src/helloworld.c: In function 'write_one':
../src/helloworld.c:106:2: warning: format '%x' expects argument of type 'unsigned int', but argument 2 has type 'u32' [-Wformat=]
  printf("WRITE_ONE %x %x\n\r",addr,data);
  ^
../src/helloworld.c:106:2: warning: format '%x' expects argument of type 'unsigned int', but argument 3 has type 'u32' [-Wformat=]
../src/helloworld.c:106:2: warning: format '%x' expects argument of type 'unsigned int', but argument 2 has type 'u32' [-Wformat=]
../src/helloworld.c:106:2: warning: format '%x' expects argument of type 'unsigned int', but argument 3 has type 'u32' [-Wformat=]
../src/helloworld.c: In function 'write_all':
../src/helloworld.c:132:2: warning: format '%x' expects argument of type 'unsigned int', but argument 2 has type 'u32' [-Wformat=]
  printf("WRITE_ALL %x\n\r",data);
  ^
../src/helloworld.c:132:2: warning: format '%x' expects argument of type 'unsigned int', but argument 2 has type 'u32' [-Wformat=]
../src/helloworld.c: In function 'write_cfg':
../src/helloworld.c:170:2: warning: format '%x' expects argument of type 'unsigned int', but argument 2 has type 'u32' [-Wformat=]
  printf("WRITE_CFG %x %x %x %x\n\r",op_cfg,area+1,addr,data);
  ^
../src/helloworld.c:170:2: warning: format '%x' expects argument of type 'unsigned int', but argument 3 has type 'long unsigned int' [-Wformat=]
../src/helloworld.c:170:2: warning: format '%x' expects argument of type 'unsigned int', but argument 4 has type 'u32' [-Wformat=]
../src/helloworld.c:170:2: warning: format '%x' expects argument of type 'unsigned int', but argument 5 has type 'u32' [-Wformat=]
../src/helloworld.c:170:2: warning: format '%x' expects argument of type 'unsigned int', but argument 2 has type 'u32' [-Wformat=]
[...]
../src/helloworld.c:106:2: warning: format '%x' expects argument of type 'unsigned int', but argument 2 has type 'u32' [-Wformat=]
  printf("WRITE_ONE %x %x\n\r",addr,data);
  ^
../src/helloworld.c:106:2: warning: format '%x' expects argument of type 'unsigned int', but argument 3 has type 'u32' [-Wformat=]
../src/helloworld.c:106:2: warning: format '%x' expects argument of type 'unsigned int', but argument 2 has type 'u32' [-Wformat=]
../src/helloworld.c:106:2: warning: format '%x' expects argument of type 'unsigned int', but argument 3 has type 'u32' [-Wformat=]
../src/helloworld.c: In function 'write_all':
../src/helloworld.c:132:2: warning: format '%x' expects argument of type 'unsigned int', but argument 2 has type 'u32' [-Wformat=]
  printf("WRITE_ALL %x\n\r",data);
  ^
../src/helloworld.c:132:2: warning: format '%x' expects argument of type 'unsigned int', but argument 2 has type 'u32' [-Wformat=]
../src/helloworld.c: In function 'write_cfg':
../src/helloworld.c:170:2: warning: format '%x' expects argument of type 'unsigned int', but argument 2 has type 'long unsigned int' [-Wformat=]
  printf("WRITE_CFG %x %x %x %x %x\n\r",(op_cfg&0x3),jump,area,addr,data);
  ^
../src/helloworld.c:170:2: warning: format '%x' expects argument of type 'unsigned int', but argument 3 has type 'u32' [-Wformat=]
../src/helloworld.c:170:2: warning: format '%x' expects argument of type 'unsigned int', but argument 4 has type 'u32' [-Wformat=]
../src/helloworld.c:170:2: warning: format '%x' expects argument of type 'unsigned int', but argument 5 has type 'u32' [-Wformat=]
../src/helloworld.c:170:2: warning: format '%x' expects argument of type 'unsigned int', but argument 6 has type 'u32' [-Wformat=]
../src/helloworld.c:170:2: warning: format '%x' expects argument of type 'unsigned int', but argument 2 has type 'long unsigned int' [-Wformat=]
../src/helloworld.c:170:2: warning: format '%x' expects argument of type 'unsigned int', but argument 3 has type 'u32' [-Wformat=]
../src/helloworld.c:170:2: warning: format '%x' expects argument of type 'unsigned int', but argument 4 has type 'u32' [-Wformat=]
../src/helloworld.c:170:2: warning: format '%x' expects argument of type 'unsigned int', but argument 5 has type 'u32' [-Wformat=]
../src/helloworld.c:170:2: warning: format '%x' expects argument of type 'unsigned int', but argument 6 has type 'u32' [-Wformat=]
../src/helloworld.c: In function 'read':
../src/helloworld.c:200:2: warning: format '%x' expects argument of type 'unsigned int', but argument 2 has type 'u32' [-Wformat=]
  printf("READ %x %x\n\r",result_addr,result_data);
  ^
../src/helloworld.c:200:2: warning: format '%x' expects argument of type 'unsigned int', but argument 3 has type 'u32' [-Wformat=]
../src/helloworld.c:200:2: warning: format '%x' expects argument of type 'unsigned int', but argument 2 has type 'u32' [-Wformat=]
../src/helloworld.c:200:2: warning: format '%x' expects argument of type 'unsigned int', but argument 3 has type 'u32' [-Wformat=]
../src/helloworld.c: In function 'read_d':
../src/helloworld.c:231:2: warning: format '%x' expects argument of type 'unsigned int', but argument 2 has type 'u32' [-Wformat=]
  printf("READ_D %x %x\n\r",result_addr,result_data);
  ^
../src/helloworld.c:231:2: warning: format '%x' expects argument of type 'unsigned int', but argument 3 has type 'u32' [-Wformat=]
../src/helloworld.c:231:2: warning: format '%x' expects argument of type 'unsigned int', but argument 2 has type 'u32' [-Wformat=]
../src/helloworld.c:231:2: warning: format '%x' expects argument of type 'unsigned int', but argument 3 has type 'u32' [-Wformat=]
../src/helloworld.c: In function 'main':
../src/helloworld.c:400:35: error: 'inp_times' undeclared (first use in this function)
       write_cfg(inp_addr,inp_data,inp_times,inc_dec,cycle,jump);
                                   ^
../src/helloworld.c:400:35: note: each undeclared identifier is reported only once for each function it appears in
../src/helloworld.c:367:9: warning: variable 'inp_area' set but not used [-Wunused-but-set-variable]
     int inp_area,inc_dec,cycle,jump;
         ^
make: *** [src/helloworld.o] ´íÎó 1
19:57:57 **** Auto Build of configuration Debug for project sram_sip ****
make pre-build main-build 
a9-linaro-pre-build-step
' '
'Building file: ../src/helloworld.c'
'Invoking: ARM v7 gcc compiler'
arm-none-eabi-gcc -Wall -O0 -g3 -c -fmessage-length=0 -MT"src/helloworld.o" -mcpu=cortex-a9 -mfpu=vfpv3 -mfloat-abi=hard -I../../sram_sip_bsp/ps7_cortexa9_0/include -MMD -MP -MF"src/helloworld.d" -MT"src/helloworld.o" -o "src/helloworld.o" "../src/helloworld.c"
../src/helloworld.c: In function 'write_one':
../src/helloworld.c:106:2: warning: format '%x' expects argument of type 'unsigned int', but argument 2 has type 'u32' [-Wformat=]
  printf("WRITE_ONE %x %x\n\r",addr,data);
  ^
../src/helloworld.c:106:2: warning: format '%x' expects argument of type 'unsigned int', but argument 3 has type 'u32' [-Wformat=]
../src/helloworld.c:106:2: warning: format '%x' expects argument of type 'unsigned int', but argument 2 has type 'u32' [-Wformat=]
../src/helloworld.c:106:2: warning: format '%x' expects argument of type 'unsigned int', but argument 3 has type 'u32' [-Wformat=]
../src/helloworld.c: In function 'write_all':
../src/helloworld.c:132:2: warning: format '%x' expects argument of type 'unsigned int', but argument 2 has type 'u32' [-Wformat=]
  printf("WRITE_ALL %x\n\r",data);
  ^
../src/helloworld.c:132:2: warning: format '%x' expects argument of type 'unsigned int', but argument 2 has type 'u32' [-Wformat=]
../src/helloworld.c: In function 'write_cfg':
../src/helloworld.c:170:2: warning: format '%x' expects argument of type 'unsigned int', but argument 2 has type 'long unsigned int' [-Wformat=]
  printf("WRITE_CFG %x %x %x %x %x\n\r",(op_cfg&0x3),jump,area,addr,data);
  ^
../src/helloworld.c:170:2: warning: format '%x' expects argument of type 'unsigned int', but argument 3 has type 'u32' [-Wformat=]
../src/helloworld.c:170:2: warning: format '%x' expects argument of type 'unsigned int', but argument 4 has type 'u32' [-Wformat=]
../src/helloworld.c:170:2: warning: format '%x' expects argument of type 'unsigned int', but argument 5 has type 'u32' [-Wformat=]
../src/helloworld.c:170:2: warning: format '%x' expects argument of type 'unsigned int', but argument 6 has type 'u32' [-Wformat=]
../src/helloworld.c:170:2: warning: format '%x' expects argument of type 'unsigned int', but argument 2 has type 'long unsigned int' [-Wformat=]
../src/helloworld.c:170:2: warning: format '%x' expects argument of type 'unsigned int', but argument 3 has type 'u32' [-Wformat=]
../src/helloworld.c:170:2: warning: format '%x' expects argument of type 'unsigned int', but argument 4 has type 'u32' [-Wformat=]
../src/helloworld.c:170:2: warning: format '%x' expects argument of type 'unsigned int', but argument 5 has type 'u32' [-Wformat=]
../src/helloworld.c:170:2: warning: format '%x' expects argument of type 'unsigned int', but argument 6 has type 'u32' [-Wformat=]
../src/helloworld.c: In function 'read':
../src/helloworld.c:200:2: warning: format '%x' expects argument of type 'unsigned int', but argument 2 has type 'u32' [-Wformat=]
  printf("READ %x %x\n\r",result_addr,result_data);
  ^
../src/helloworld.c:200:2: warning: format '%x' expects argument of type 'unsigned int', but argument 3 has type 'u32' [-Wformat=]
../src/helloworld.c:200:2: warning: format '%x' expects argument of type 'unsigned int', but argument 2 has type 'u32' [-Wformat=]
../src/helloworld.c:200:2: warning: format '%x' expects argument of type 'unsigned int', but argument 3 has type 'u32' [-Wformat=]
../src/helloworld.c: In function 'read_d':
../src/helloworld.c:231:2: warning: format '%x' expects argument of type 'unsigned int', but argument 2 has type 'u32' [-Wformat=]
  printf("READ_D %x %x\n\r",result_addr,result_data);
  ^
../src/helloworld.c:231:2: warning: format '%x' expects argument of type 'unsigned int', but argument 3 has type 'u32' [-Wformat=]
../src/helloworld.c:231:2: warning: format '%x' expects argument of type 'unsigned int', but argument 2 has type 'u32' [-Wformat=]
../src/helloworld.c:231:2: warning: format '%x' expects argument of type 'unsigned int', but argument 3 has type 'u32' [-Wformat=]
'Finished building: ../src/helloworld.c'
' '
'Building target: sram_sip.elf'
'Invoking: ARM v7 gcc linker'
arm-none-eabi-gcc -mcpu=cortex-a9 -mfpu=vfpv3 -mfloat-abi=hard -Wl,-build-id=none -specs=Xilinx.spec -Wl,-T -Wl,../src/lscript.ld -L../../sram_sip_bsp/ps7_cortexa9_0/lib -o "sram_sip.elf"  ./src/helloworld.o ./src/platform.o   -Wl,--start-group,-lxil,-lgcc,-lc,--end-group
'Finished building target: sram_sip.elf'
' '
'Invoking: ARM v7 Print Size'
arm-none-eabi-size sram_sip.elf  |tee "sram_sip.elf.size"
   text	   data	    bss	    dec	    hex	filename
  80100	   2588	  23340	 106028	  19e2c	sram_sip.elf
'Finished building: sram_sip.elf.size'
' '
19:58:40 **** Auto Build of configuration Debug for project sram_sip ****
make pre-build main-build 
a9-linaro-pre-build-step
' '
'Building file: ../src/helloworld.c'
'Invoking: ARM v7 gcc compiler'
arm-none-eabi-gcc -Wall -O0 -g3 -c -fmessage-length=0 -MT"src/helloworld.o" -mcpu=cortex-a9 -mfpu=vfpv3 -mfloat-abi=hard -I../../sram_sip_bsp/ps7_cortexa9_0/include -MMD -MP -MF"src/helloworld.d" -MT"src/helloworld.o" -o "src/helloworld.o" "../src/helloworld.c"
../src/helloworld.c: In function 'write_one':
../src/helloworld.c:106:2: warning: format '%x' expects argument of type 'unsigned int', but argument 2 has type 'u32' [-Wformat=]
  printf("WRITE_ONE %x %x\n\r",addr,data);
  ^
../src/helloworld.c:106:2: warning: format '%x' expects argument of type 'unsigned int', but argument 3 has type 'u32' [-Wformat=]
../src/helloworld.c:106:2: warning: format '%x' expects argument of type 'unsigned int', but argument 2 has type 'u32' [-Wformat=]
../src/helloworld.c:106:2: warning: format '%x' expects argument of type 'unsigned int', but argument 3 has type 'u32' [-Wformat=]
../src/helloworld.c: In function 'write_all':
../src/helloworld.c:132:2: warning: format '%x' expects argument of type 'unsigned int', but argument 2 has type 'u32' [-Wformat=]
  printf("WRITE_ALL %x\n\r",data);
  ^
../src/helloworld.c:132:2: warning: format '%x' expects argument of type 'unsigned int', but argument 2 has type 'u32' [-Wformat=]
../src/helloworld.c: In function 'write_cfg':
../src/helloworld.c:170:2: warning: format '%x' expects argument of type 'unsigned int', but argument 2 has type 'long unsigned int' [-Wformat=]
  printf("WRITE_CFG %x %x %x %x %x\n\r",(op_cfg&0x3),jump,area,addr,data);
  ^
../src/helloworld.c:170:2: warning: format '%x' expects argument of type 'unsigned int', but argument 3 has type 'u32' [-Wformat=]
../src/helloworld.c:170:2: warning: format '%x' expects argument of type 'unsigned int', but argument 4 has type 'u32' [-Wformat=]
../src/helloworld.c:170:2: warning: format '%x' expects argument of type 'unsigned int', but argument 5 has type 'u32' [-Wformat=]
../src/helloworld.c:170:2: warning: format '%x' expects argument of type 'unsigned int', but argument 6 has type 'u32' [-Wformat=]
../src/helloworld.c:170:2: warning: format '%x' expects argument of type 'unsigned int', but argument 2 has type 'long unsigned int' [-Wformat=]
../src/helloworld.c:170:2: warning: format '%x' expects argument of type 'unsigned int', but argument 3 has type 'u32' [-Wformat=]
../src/helloworld.c:170:2: warning: format '%x' expects argument of type 'unsigned int', but argument 4 has type 'u32' [-Wformat=]
../src/helloworld.c:170:2: warning: format '%x' expects argument of type 'unsigned int', but argument 5 has type 'u32' [-Wformat=]
../src/helloworld.c:170:2: warning: format '%x' expects argument of type 'unsigned int', but argument 6 has type 'u32' [-Wformat=]
../src/helloworld.c: In function 'read':
../src/helloworld.c:200:2: warning: format '%x' expects argument of type 'unsigned int', but argument 2 has type 'u32' [-Wformat=]
  printf("READ %x %x\n\r",result_addr,result_data);
  ^
../src/helloworld.c:200:2: warning: format '%x' expects argument of type 'unsigned int', but argument 3 has type 'u32' [-Wformat=]
../src/helloworld.c:200:2: warning: format '%x' expects argument of type 'unsigned int', but argument 2 has type 'u32' [-Wformat=]
../src/helloworld.c:200:2: warning: format '%x' expects argument of type 'unsigned int', but argument 3 has type 'u32' [-Wformat=]
../src/helloworld.c: In function 'read_d':
../src/helloworld.c:231:2: warning: format '%x' expects argument of type 'unsigned int', but argument 2 has type 'u32' [-Wformat=]
  printf("READ_D %x %x\n\r",result_addr,result_data);
  ^
../src/helloworld.c:231:2: warning: format '%x' expects argument of type 'unsigned int', but argument 3 has type 'u32' [-Wformat=]
../src/helloworld.c:231:2: warning: format '%x' expects argument of type 'unsigned int', but argument 2 has type 'u32' [-Wformat=]
../src/helloworld.c:231:2: warning: format '%x' expects argument of type 'unsigned int', but argument 3 has type 'u32' [-Wformat=]
'Finished building: ../src/helloworld.c'
' '
'Building target: sram_sip.elf'
'Invoking: ARM v7 gcc linker'
arm-none-eabi-gcc -mcpu=cortex-a9 -mfpu=vfpv3 -mfloat-abi=hard -Wl,-build-id=none -specs=Xilinx.spec -Wl,-T -Wl,../src/lscript.ld -L../../sram_sip_bsp/ps7_cortexa9_0/lib -o "sram_sip.elf"  ./src/helloworld.o ./src/platform.o   -Wl,--start-group,-lxil,-lgcc,-lc,--end-group
'Finished building target: sram_sip.elf'
' '
'Invoking: ARM v7 Print Size'
arm-none-eabi-size sram_sip.elf  |tee "sram_sip.elf.size"
   text	   data	    bss	    dec	    hex	filename
  80100	   2588	  23340	 106028	  19e2c	sram_sip.elf
'Finished building: sram_sip.elf.size'
' '
19:58:44 **** Incremental Build of configuration Debug for project sram_sip ****
make pre-build main-build 
a9-linaro-pre-build-step
' '
make: Nothing to be done for `main-build'.
20:00:00 **** Auto Build of configuration Debug for project sram_sip ****
make pre-build main-build 
a9-linaro-pre-build-step
' '
'Building file: ../src/helloworld.c'
'Invoking: ARM v7 gcc compiler'
arm-none-eabi-gcc -Wall -O0 -g3 -c -fmessage-length=0 -MT"src/helloworld.o" -mcpu=cortex-a9 -mfpu=vfpv3 -mfloat-abi=hard -I../../sram_sip_bsp/ps7_cortexa9_0/include -MMD -MP -MF"src/helloworld.d" -MT"src/helloworld.o" -o "src/helloworld.o" "../src/helloworld.c"
../src/helloworld.c: In function 'write_one':
../src/helloworld.c:106:2: warning: format '%x' expects argument of type 'unsigned int', but argument 2 has type 'u32' [-Wformat=]
  printf("WRITE_ONE %x %x\n\r",addr,data);
  ^
../src/helloworld.c:106:2: warning: format '%x' expects argument of type 'unsigned int', but argument 3 has type 'u32' [-Wformat=]
../src/helloworld.c:106:2: warning: format '%x' expects argument of type 'unsigned int', but argument 2 has type 'u32' [-Wformat=]
../src/helloworld.c:106:2: warning: format '%x' expects argument of type 'unsigned int', but argument 3 has type 'u32' [-Wformat=]
../src/helloworld.c: In function 'write_all':
../src/helloworld.c:132:2: warning: format '%x' expects argument of type 'unsigned int', but argument 2 has type 'u32' [-Wformat=]
  printf("WRITE_ALL %x\n\r",data);
  ^
../src/helloworld.c:132:2: warning: format '%x' expects argument of type 'unsigned int', but argument 2 has type 'u32' [-Wformat=]
../src/helloworld.c: In function 'write_cfg':
../src/helloworld.c:170:2: warning: format '%x' expects argument of type 'unsigned int', but argument 2 has type 'long unsigned int' [-Wformat=]
  printf("WRITE_CFG %x %x %x %x %x\n\r",(op_cfg&0x3),jump,area,addr,data);
  ^
../src/helloworld.c:170:2: warning: format '%x' expects argument of type 'unsigned int', but argument 3 has type 'u32' [-Wformat=]
../src/helloworld.c:170:2: warning: format '%x' expects argument of type 'unsigned int', but argument 4 has type 'u32' [-Wformat=]
../src/helloworld.c:170:2: warning: format '%x' expects argument of type 'unsigned int', but argument 5 has type 'u32' [-Wformat=]
../src/helloworld.c:170:2: warning: format '%x' expects argument of type 'unsigned int', but argument 6 has type 'u32' [-Wformat=]
../src/helloworld.c:170:2: warning: format '%x' expects argument of type 'unsigned int', but argument 2 has type 'long unsigned int' [-Wformat=]
../src/helloworld.c:170:2: warning: format '%x' expects argument of type 'unsigned int', but argument 3 has type 'u32' [-Wformat=]
../src/helloworld.c:170:2: warning: format '%x' expects argument of type 'unsigned int', but argument 4 has type 'u32' [-Wformat=]
../src/helloworld.c:170:2: warning: format '%x' expects argument of type 'unsigned int', but argument 5 has type 'u32' [-Wformat=]
../src/helloworld.c:170:2: warning: format '%x' expects argument of type 'unsigned int', but argument 6 has type 'u32' [-Wformat=]
../src/helloworld.c: In function 'read':
../src/helloworld.c:200:2: warning: format '%x' expects argument of type 'unsigned int', but argument 2 has type 'u32' [-Wformat=]
  printf("READ %x %x\n\r",result_addr,result_data);
  ^
../src/helloworld.c:200:2: warning: format '%x' expects argument of type 'unsigned int', but argument 3 has type 'u32' [-Wformat=]
../src/helloworld.c:200:2: warning: format '%x' expects argument of type 'unsigned int', but argument 2 has type 'u32' [-Wformat=]
../src/helloworld.c:200:2: warning: format '%x' expects argument of type 'unsigned int', but argument 3 has type 'u32' [-Wformat=]
../src/helloworld.c: In function 'read_d':
../src/helloworld.c:231:2: warning: format '%x' expects argument of type 'unsigned int', but argument 2 has type 'u32' [-Wformat=]
  printf("READ_D %x %x\n\r",result_addr,result_data);
  ^
../src/helloworld.c:231:2: warning: format '%x' expects argument of type 'unsigned int', but argument 3 has type 'u32' [-Wformat=]
../src/helloworld.c:231:2: warning: format '%x' expects argument of type 'unsigned int', but argument 2 has type 'u32' [-Wformat=]
../src/helloworld.c:231:2: warning: format '%x' expects argument of type 'unsigned int', but argument 3 has type 'u32' [-Wformat=]
'Finished building: ../src/helloworld.c'
' '
'Building target: sram_sip.elf'
'Invoking: ARM v7 gcc linker'
arm-none-eabi-gcc -mcpu=cortex-a9 -mfpu=vfpv3 -mfloat-abi=hard -Wl,-build-id=none -specs=Xilinx.spec -Wl,-T -Wl,../src/lscript.ld -L../../sram_sip_bsp/ps7_cortexa9_0/lib -o "sram_sip.elf"  ./src/helloworld.o ./src/platform.o   -Wl,--start-group,-lxil,-lgcc,-lc,--end-group
'Finished building target: sram_sip.elf'
' '
'Invoking: ARM v7 Print Size'
arm-none-eabi-size sram_sip.elf  |tee "sram_sip.elf.size"
   text	   data	    bss	    dec	    hex	filename
  80100	   2588	  23340	 106028	  19e2c	sram_sip.elf
'Finished building: sram_sip.elf.size'
' '
20:00:04 **** Incremental Build of configuration Debug for project sram_sip ****
make pre-build main-build 
a9-linaro-pre-build-step
' '
make: Nothing to be done for `main-build'.
20:15:45 **** Incremental Build of configuration Debug for project sram_sip ****
make pre-build main-build 
a9-linaro-pre-build-step
' '
make: Nothing to be done for `main-build'.
20:24:20 **** Incremental Build of configuration Debug for project sram_sip ****
make pre-build main-build 
a9-linaro-pre-build-step
' '
make: Nothing to be done for `main-build'.
20:55:53 **** Incremental Build of configuration Debug for project sram_sip ****
make pre-build main-build 
a9-linaro-pre-build-step
' '
make: Nothing to be done for `main-build'.
20:58:07 **** Incremental Build of configuration Debug for project sram_sip ****
make pre-build main-build 
a9-linaro-pre-build-step
' '
make: Nothing to be done for `main-build'.
21:01:17 **** Incremental Build of configuration Debug for project sram_sip ****
make pre-build main-build 
a9-linaro-pre-build-step
' '
make: Nothing to be done for `main-build'.
22:01:34 **** Incremental Build of configuration Debug for project sram_sip ****
make pre-build main-build 
a9-linaro-pre-build-step
' '
make: Nothing to be done for `main-build'.
